npm warn Unknown user config "electron_mirror". This will stop working in the next major version of npm.
npm warn Unknown user config "electron_builder_binaries_mirror". This will stop working in the next major version of npm.

> embedblocks-studio@1.0.0 build
> npm run clean:build && tsc && vite build && vite build -c vite.sandbox.config.js

npm warn Unknown env config "electron-builder-binaries-mirror". This will stop working in the next major version of npm.
npm warn Unknown env config "electron-mirror". This will stop working in the next major version of npm.
npm warn Unknown user config "electron_mirror". This will stop working in the next major version of npm.
npm warn Unknown user config "electron_builder_binaries_mirror". This will stop working in the next major version of npm.

> embedblocks-studio@1.0.0 clean:build
> rimraf dist dist-electron

[36mvite v6.4.1 [32mbuilding for production...[36m[39m
transforming...
[32m✓[39m 4694 modules transformed.
rendering chunks...
computing gzip size...
[2mdist/[22m[32mindex.html                               [39m[1m[2m    4.42 kB[22m[1m[22m[2m │ gzip:   1.81 kB[22m
[2mdist/[22m[32massets/codicon-ngg6Pgfi.ttf              [39m[1m[2m  121.97 kB[22m[1m[22m
[2mdist/[22m[32massets/json.worker-leyajbqV.js           [39m[1m[2m  385.06 kB[22m[1m[22m
[2mdist/[22m[32massets/html.worker-DtiGdgqp.js           [39m[1m[2m  694.86 kB[22m[1m[22m
[2mdist/[22m[32massets/css.worker-B4z49cGk.js            [39m[1m[2m1,032.18 kB[22m[1m[22m
[2mdist/[22m[32massets/ts.worker-59MjiAqk.js             [39m[1m[2m7,021.31 kB[22m[1m[22m
[2mdist/[22m[35massets/AppContent-Cy0JR-lg.css           [39m[1m[2m   11.96 kB[22m[1m[22m[2m │ gzip:   3.32 kB[22m
[2mdist/[22m[35massets/index-BmCOamEq.css                [39m[1m[2m   42.80 kB[22m[1m[22m[2m │ gzip:   7.88 kB[22m
[2mdist/[22m[35massets/vendor-monaco-BTnBOi8r.css        [39m[1m[2m  146.94 kB[22m[1m[22m[2m │ gzip:  23.05 kB[22m
[2mdist/[22m[36massets/azcli-Y6nb8tq_.js                 [39m[1m[2m    0.71 kB[22m[1m[22m[2m │ gzip:   0.28 kB[22m
[2mdist/[22m[36massets/javascript-youeONva.js            [39m[1m[2m    0.81 kB[22m[1m[22m[2m │ gzip:   0.45 kB[22m
[2mdist/[22m[36massets/BaseModal-Cp0mgqYT.js             [39m[1m[2m    0.84 kB[22m[1m[22m[2m │ gzip:   0.50 kB[22m
[2mdist/[22m[36massets/ini-Kd9XrMLS.js                   [39m[1m[2m    0.96 kB[22m[1m[22m[2m │ gzip:   0.50 kB[22m
[2mdist/[22m[36massets/csp-D-4FJmMZ.js                   [39m[1m[2m    1.28 kB[22m[1m[22m[2m │ gzip:   0.49 kB[22m
[2mdist/[22m[36massets/pla-DSh2-awV.js                   [39m[1m[2m    1.55 kB[22m[1m[22m[2m │ gzip:   0.61 kB[22m
[2mdist/[22m[36massets/scheme-BPhDTwHR.js                [39m[1m[2m    1.63 kB[22m[1m[22m[2m │ gzip:   0.78 kB[22m
[2mdist/[22m[36massets/flow9-BeJ5waoc.js                 [39m[1m[2m    1.67 kB[22m[1m[22m[2m │ gzip:   0.81 kB[22m
[2mdist/[22m[36massets/sb-BBc9UKZt.js                    [39m[1m[2m    1.69 kB[22m[1m[22m[2m │ gzip:   0.79 kB[22m
[2mdist/[22m[36massets/bat-BwHxbl9M.js                   [39m[1m[2m    1.71 kB[22m[1m[22m[2m │ gzip:   0.83 kB[22m
[2mdist/[22m[36massets/dockerfile-BG73LgW2.js            [39m[1m[2m    1.73 kB[22m[1m[22m[2m │ gzip:   0.63 kB[22m
[2mdist/[22m[36massets/pascaligo-DtZ0uQbO.js             [39m[1m[2m    1.86 kB[22m[1m[22m[2m │ gzip:   0.87 kB[22m
[2mdist/[22m[36massets/xml-DF919r04.js                   [39m[1m[2m    1.94 kB[22m[1m[22m[2m │ gzip:   0.74 kB[22m
[2mdist/[22m[36massets/lua-Cyyb5UIc.js                   [39m[1m[2m    1.99 kB[22m[1m[22m[2m │ gzip:   0.89 kB[22m
[2mdist/[22m[36massets/cameligo-Bf6VGUru.js              [39m[1m[2m    2.05 kB[22m[1m[22m[2m │ gzip:   0.92 kB[22m
[2mdist/[22m[36massets/graphql-BxJiqAUM.js               [39m[1m[2m    2.12 kB[22m[1m[22m[2m │ gzip:   0.99 kB[22m
[2mdist/[22m[36massets/SavePromptModal-CmMXSDGo.js       [39m[1m[2m    2.14 kB[22m[1m[22m[2m │ gzip:   0.93 kB[22m
[2mdist/[22m[36massets/objective-c-BDtDVThU.js           [39m[1m[2m    2.26 kB[22m[1m[22m[2m │ gzip:   1.02 kB[22m
[2mdist/[22m[36massets/lexon-OrD6JF1K.js                 [39m[1m[2m    2.30 kB[22m[1m[22m[2m │ gzip:   0.89 kB[22m
[2mdist/[22m[36massets/bicep-CFznDFnq.js                 [39m[1m[2m    2.40 kB[22m[1m[22m[2m │ gzip:   0.93 kB[22m
[2mdist/[22m[36massets/sparql-CJmd_6j2.js                [39m[1m[2m    2.41 kB[22m[1m[22m[2m │ gzip:   1.12 kB[22m
[2mdist/[22m[36massets/mips-CiqrrVzr.js                  [39m[1m[2m    2.44 kB[22m[1m[22m[2m │ gzip:   1.03 kB[22m
[2mdist/[22m[36massets/HelpModal-Bsql2YTG.js             [39m[1m[2m    2.47 kB[22m[1m[22m[2m │ gzip:   0.99 kB[22m
[2mdist/[22m[36massets/go-acbASCJo.js                    [39m[1m[2m    2.52 kB[22m[1m[22m[2m │ gzip:   1.11 kB[22m
[2mdist/[22m[36massets/sophia-CnS9iZB_.js                [39m[1m[2m    2.63 kB[22m[1m[22m[2m │ gzip:   1.17 kB[22m
[2mdist/[22m[36massets/STM32L011D3-DCb4or23.js           [39m[1m[2m    2.64 kB[22m[1m[22m[2m │ gzip:   1.10 kB[22m
[2mdist/[22m[36massets/STM32L011D4-BsDWa_Sr.js           [39m[1m[2m    2.64 kB[22m[1m[22m[2m │ gzip:   1.10 kB[22m
[2mdist/[22m[36massets/STM32L021D4-ngoVbB70.js           [39m[1m[2m    2.64 kB[22m[1m[22m[2m │ gzip:   1.10 kB[22m
[2mdist/[22m[36massets/AboutOverlay-C2gZ6s3U.js          [39m[1m[2m    2.65 kB[22m[1m[22m[2m │ gzip:   1.21 kB[22m
[2mdist/[22m[36massets/typespec-Btyra-wh.js              [39m[1m[2m    2.66 kB[22m[1m[22m[2m │ gzip:   1.05 kB[22m
[2mdist/[22m[36massets/m3-B8OfTtLu.js                    [39m[1m[2m    2.68 kB[22m[1m[22m[2m │ gzip:   1.28 kB[22m
[2mdist/[22m[36massets/fsharp-PahG7c26.js                [39m[1m[2m    2.85 kB[22m[1m[22m[2m │ gzip:   1.28 kB[22m
[2mdist/[22m[36massets/pascal-vHIfCaH5.js                [39m[1m[2m    2.86 kB[22m[1m[22m[2m │ gzip:   1.36 kB[22m
[2mdist/[22m[36massets/shell-DiJ1NA_G.js                 [39m[1m[2m    2.94 kB[22m[1m[22m[2m │ gzip:   1.16 kB[22m
[2mdist/[22m[36massets/r-j7ic8hl3.js                     [39m[1m[2m    2.99 kB[22m[1m[22m[2m │ gzip:   1.24 kB[22m
[2mdist/[22m[36massets/cssMode-C6hlfPre.js               [39m[1m[2m    3.04 kB[22m[1m[22m[2m │ gzip:   1.14 kB[22m
[2mdist/[22m[36massets/qsharp-Bw9ernYp.js                [39m[1m[2m    3.05 kB[22m[1m[22m[2m │ gzip:   1.37 kB[22m
[2mdist/[22m[36massets/java-CXBNlu9o.js                  [39m[1m[2m    3.08 kB[22m[1m[22m[2m │ gzip:   1.36 kB[22m
[2mdist/[22m[36massets/powershell-COWaemsV.js            [39m[1m[2m    3.13 kB[22m[1m[22m[2m │ gzip:   1.34 kB[22m
[2mdist/[22m[36massets/STM32F030F4-DHwQJvAS.js           [39m[1m[2m    3.14 kB[22m[1m[22m[2m │ gzip:   1.21 kB[22m
[2mdist/[22m[36massets/STM32C011J4-peArYUs1.js           [39m[1m[2m    3.15 kB[22m[1m[22m[2m │ gzip:   1.24 kB[22m
[2mdist/[22m[36massets/STM32C011J6-Cy-fn6Yf.js           [39m[1m[2m    3.16 kB[22m[1m[22m[2m │ gzip:   1.24 kB[22m
[2mdist/[22m[36massets/STM32F038F6-arVVur_c.js           [39m[1m[2m    3.19 kB[22m[1m[22m[2m │ gzip:   1.22 kB[22m
[2mdist/[22m[36massets/STM32G030J6-B-SXDSyI.js           [39m[1m[2m    3.19 kB[22m[1m[22m[2m │ gzip:   1.26 kB[22m
[2mdist/[22m[36massets/cypher-cTPe9QuQ.js                [39m[1m[2m    3.25 kB[22m[1m[22m[2m │ gzip:   1.40 kB[22m
[2mdist/[22m[36massets/kotlin-s7OhZKlX.js                [39m[1m[2m    3.26 kB[22m[1m[22m[2m │ gzip:   1.43 kB[22m
[2mdist/[22m[36massets/STM32F031F4-Baulr7Rs.js           [39m[1m[2m    3.33 kB[22m[1m[22m[2m │ gzip:   1.26 kB[22m
[2mdist/[22m[36massets/STM32F031F6-DHwOp3nj.js           [39m[1m[2m    3.33 kB[22m[1m[22m[2m │ gzip:   1.26 kB[22m
[2mdist/[22m[36massets/STM32L031F4-DPmGHJib.js           [39m[1m[2m    3.38 kB[22m[1m[22m[2m │ gzip:   1.27 kB[22m
[2mdist/[22m[36massets/STM32L031F6-C2MKcG_B.js           [39m[1m[2m    3.38 kB[22m[1m[22m[2m │ gzip:   1.27 kB[22m
[2mdist/[22m[36massets/STM32L041F6-CM9FOTTD.js           [39m[1m[2m    3.38 kB[22m[1m[22m[2m │ gzip:   1.27 kB[22m
[2mdist/[22m[36massets/STM32F070F6-D1oKboAq.js           [39m[1m[2m    3.39 kB[22m[1m[22m[2m │ gzip:   1.29 kB[22m
[2mdist/[22m[36massets/STM32G031J4-DEciplj1.js           [39m[1m[2m    3.41 kB[22m[1m[22m[2m │ gzip:   1.32 kB[22m
[2mdist/[22m[36massets/STM32G031J6-a5wabqay.js           [39m[1m[2m    3.41 kB[22m[1m[22m[2m │ gzip:   1.32 kB[22m
[2mdist/[22m[36massets/STM32G041J6-CLqagSTX.js           [39m[1m[2m    3.41 kB[22m[1m[22m[2m │ gzip:   1.32 kB[22m
[2mdist/[22m[36massets/redis-Bu5POkcn.js                 [39m[1m[2m    3.42 kB[22m[1m[22m[2m │ gzip:   1.44 kB[22m
[2mdist/[22m[36massets/tcl-Dm6ycUr_.js                   [39m[1m[2m    3.43 kB[22m[1m[22m[2m │ gzip:   1.33 kB[22m
[2mdist/[22m[36massets/STM32L011F3-CTBCePPm.js           [39m[1m[2m    3.44 kB[22m[1m[22m[2m │ gzip:   1.29 kB[22m
[2mdist/[22m[36massets/STM32L011F4-C--b8ZWX.js           [39m[1m[2m    3.44 kB[22m[1m[22m[2m │ gzip:   1.29 kB[22m
[2mdist/[22m[36massets/STM32L021F4-DOKgm3Nr.js           [39m[1m[2m    3.44 kB[22m[1m[22m[2m │ gzip:   1.29 kB[22m
[2mdist/[22m[36massets/coffee-Bd8akH9Z.js                [39m[1m[2m    3.45 kB[22m[1m[22m[2m │ gzip:   1.26 kB[22m
[2mdist/[22m[36massets/hcl-DtV1sZF8.js                   [39m[1m[2m    3.45 kB[22m[1m[22m[2m │ gzip:   1.45 kB[22m
[2mdist/[22m[36massets/liquid-CeUpd2S0.js                [39m[1m[2m    3.48 kB[22m[1m[22m[2m │ gzip:   1.43 kB[22m
[2mdist/[22m[36massets/htmlMode-BVVmZ2ys.js              [39m[1m[2m    3.50 kB[22m[1m[22m[2m │ gzip:   1.26 kB[22m
[2mdist/[22m[36massets/STM32L010F4-jRU_0isD.js           [39m[1m[2m    3.55 kB[22m[1m[22m[2m │ gzip:   1.30 kB[22m
[2mdist/[22m[36massets/yaml-7t9CKY0g.js                  [39m[1m[2m    3.55 kB[22m[1m[22m[2m │ gzip:   1.29 kB[22m
[2mdist/[22m[36massets/markdown-BFxVWTOG.js              [39m[1m[2m    3.65 kB[22m[1m[22m[2m │ gzip:   1.35 kB[22m
[2mdist/[22m[36massets/STM32F042F4-NtfRrVTl.js           [39m[1m[2m    3.69 kB[22m[1m[22m[2m │ gzip:   1.39 kB[22m
[2mdist/[22m[36massets/STM32F042F6-DvtfDAB6.js           [39m[1m[2m    3.69 kB[22m[1m[22m[2m │ gzip:   1.39 kB[22m
[2mdist/[22m[36massets/python-DH6Z_6S0.js                [39m[1m[2m    3.73 kB[22m[1m[22m[2m │ gzip:   1.46 kB[22m
[2mdist/[22m[36massets/restructuredtext-CqXO7rUv.js      [39m[1m[2m    3.76 kB[22m[1m[22m[2m │ gzip:   1.33 kB[22m
[2mdist/[22m[36massets/less-9HpZscsL.js                  [39m[1m[2m    3.76 kB[22m[1m[22m[2m │ gzip:   1.38 kB[22m
[2mdist/[22m[36massets/apex-DNDY2TF8.js                  [39m[1m[2m    3.82 kB[22m[1m[22m[2m │ gzip:   1.73 kB[22m
[2mdist/[22m[36massets/STM32F410T8-CQWL6wd7.js           [39m[1m[2m    3.88 kB[22m[1m[22m[2m │ gzip:   1.43 kB[22m
[2mdist/[22m[36massets/STM32F410TB-CF-n5v7m.js           [39m[1m[2m    3.88 kB[22m[1m[22m[2m │ gzip:   1.43 kB[22m
[2mdist/[22m[36massets/STM32L010K8-LB3pk6Ze.js           [39m[1m[2m    3.95 kB[22m[1m[22m[2m │ gzip:   1.40 kB[22m
[2mdist/[22m[36massets/STM32F031E6-B0QBOHNg.js           [39m[1m[2m    4.01 kB[22m[1m[22m[2m │ gzip:   1.43 kB[22m
[2mdist/[22m[36massets/STM32F038E6-CI_pq4Ap.js           [39m[1m[2m    4.01 kB[22m[1m[22m[2m │ gzip:   1.43 kB[22m
[2mdist/[22m[36massets/rust-BzKRNQWT.js                  [39m[1m[2m    4.02 kB[22m[1m[22m[2m │ gzip:   1.79 kB[22m
[2mdist/[22m[36massets/STM32L031E4-FJ10IKt1.js           [39m[1m[2m    4.03 kB[22m[1m[22m[2m │ gzip:   1.42 kB[22m
[2mdist/[22m[36massets/STM32L031E6-DKro8eMv.js           [39m[1m[2m    4.03 kB[22m[1m[22m[2m │ gzip:   1.42 kB[22m
[2mdist/[22m[36massets/STM32L041E6-D8nF1_FX.js           [39m[1m[2m    4.03 kB[22m[1m[22m[2m │ gzip:   1.42 kB[22m
[2mdist/[22m[36massets/STM32WBA50KG-zxhYxxnl.js          [39m[1m[2m    4.03 kB[22m[1m[22m[2m │ gzip:   1.43 kB[22m
[2mdist/[22m[36massets/STM32C011D6-BE7Lm2PL.js           [39m[1m[2m    4.09 kB[22m[1m[22m[2m │ gzip:   1.46 kB[22m
[2mdist/[22m[36massets/dart-BOtBlQCF.js                  [39m[1m[2m    4.11 kB[22m[1m[22m[2m │ gzip:   1.61 kB[22m
[2mdist/[22m[36massets/STM32L051K6-D4cAMKvY.js           [39m[1m[2m    4.24 kB[22m[1m[22m[2m │ gzip:   1.47 kB[22m
[2mdist/[22m[36massets/STM32L051K8-D-IhBno3.js           [39m[1m[2m    4.24 kB[22m[1m[22m[2m │ gzip:   1.47 kB[22m
[2mdist/[22m[36massets/STM32L031G4-DUR5ly79.js           [39m[1m[2m    4.25 kB[22m[1m[22m[2m │ gzip:   1.47 kB[22m
[2mdist/[22m[36massets/STM32L031G6-fIAt7TYc.js           [39m[1m[2m    4.25 kB[22m[1m[22m[2m │ gzip:   1.46 kB[22m
[2mdist/[22m[36massets/STM32L041G6-YRv1zm-c.js           [39m[1m[2m    4.25 kB[22m[1m[22m[2m │ gzip:   1.46 kB[22m
[2mdist/[22m[36massets/STM32F038G6-DPxPy2av.js           [39m[1m[2m    4.25 kB[22m[1m[22m[2m │ gzip:   1.47 kB[22m
[2mdist/[22m[36massets/STM32L011E3-Chfa4krD.js           [39m[1m[2m    4.26 kB[22m[1m[22m[2m │ gzip:   1.45 kB[22m
[2mdist/[22m[36massets/STM32L011E4-B12Lu7Rg.js           [39m[1m[2m    4.26 kB[22m[1m[22m[2m │ gzip:   1.45 kB[22m
[2mdist/[22m[36massets/STM32F101T4-CzbFlCss.js           [39m[1m[2m    4.29 kB[22m[1m[22m[2m │ gzip:   1.48 kB[22m
[2mdist/[22m[36massets/STM32F101T6-C8cevpDC.js           [39m[1m[2m    4.29 kB[22m[1m[22m[2m │ gzip:   1.48 kB[22m
[2mdist/[22m[36massets/STM32WB05KZ-D5X74sic.js           [39m[1m[2m    4.31 kB[22m[1m[22m[2m │ gzip:   1.48 kB[22m
[2mdist/[22m[36massets/STM32WB09KE-CBUdeDHS.js           [39m[1m[2m    4.31 kB[22m[1m[22m[2m │ gzip:   1.49 kB[22m
[2mdist/[22m[36massets/mdx-Dnq9UQcR.js                   [39m[1m[2m    4.33 kB[22m[1m[22m[2m │ gzip:   1.22 kB[22m
[2mdist/[22m[36massets/STM32WB06KC-C8yp5iGN.js           [39m[1m[2m    4.34 kB[22m[1m[22m[2m │ gzip:   1.49 kB[22m
[2mdist/[22m[36massets/STM32WB07KC-CP_kCZmD.js           [39m[1m[2m    4.34 kB[22m[1m[22m[2m │ gzip:   1.49 kB[22m
[2mdist/[22m[36massets/STM32L052K6-CsFEzkwg.js           [39m[1m[2m    4.35 kB[22m[1m[22m[2m │ gzip:   1.52 kB[22m
[2mdist/[22m[36massets/STM32L052K8-FkVgmfE_.js           [39m[1m[2m    4.35 kB[22m[1m[22m[2m │ gzip:   1.52 kB[22m
[2mdist/[22m[36massets/STM32L062K8-DxoLQHIk.js           [39m[1m[2m    4.35 kB[22m[1m[22m[2m │ gzip:   1.52 kB[22m
[2mdist/[22m[36massets/css-DdJfP1eB.js                   [39m[1m[2m    4.37 kB[22m[1m[22m[2m │ gzip:   1.34 kB[22m
[2mdist/[22m[36massets/STM32F101T8-DWTZf2l2.js           [39m[1m[2m    4.37 kB[22m[1m[22m[2m │ gzip:   1.50 kB[22m
[2mdist/[22m[36massets/STM32F101TB-BTG-jtIe.js           [39m[1m[2m    4.37 kB[22m[1m[22m[2m │ gzip:   1.50 kB[22m
[2mdist/[22m[36massets/csharp-Co3qMtFm.js                [39m[1m[2m    4.39 kB[22m[1m[22m[2m │ gzip:   1.69 kB[22m
[2mdist/[22m[36massets/STM32F031G4-VYGABPH1.js           [39m[1m[2m    4.39 kB[22m[1m[22m[2m │ gzip:   1.51 kB[22m
[2mdist/[22m[36massets/STM32F031G6-CitV5z70.js           [39m[1m[2m    4.39 kB[22m[1m[22m[2m │ gzip:   1.51 kB[22m
[2mdist/[22m[36massets/STM32F030K6-CJJqg8oA.js           [39m[1m[2m    4.42 kB[22m[1m[22m[2m │ gzip:   1.50 kB[22m
[2mdist/[22m[36massets/STM32WB05TZ-D__zon7l.js           [39m[1m[2m    4.49 kB[22m[1m[22m[2m │ gzip:   1.54 kB[22m
[2mdist/[22m[36massets/STM32WB09TE-DE87I9Pp.js           [39m[1m[2m    4.49 kB[22m[1m[22m[2m │ gzip:   1.54 kB[22m
[2mdist/[22m[36massets/html-iVTXYptm.js                  [39m[1m[2m    4.54 kB[22m[1m[22m[2m │ gzip:   1.17 kB[22m
[2mdist/[22m[36massets/STM32F048G6-xsETKQF4.js           [39m[1m[2m    4.55 kB[22m[1m[22m[2m │ gzip:   1.56 kB[22m
[2mdist/[22m[36massets/STM32F051K4-YttcHAsp.js           [39m[1m[2m    4.58 kB[22m[1m[22m[2m │ gzip:   1.58 kB[22m
[2mdist/[22m[36massets/STM32L071KB-BfEZw-HM.js           [39m[1m[2m    4.62 kB[22m[1m[22m[2m │ gzip:   1.55 kB[22m
[2mdist/[22m[36massets/STM32L071KZ-BElGPFrh.js           [39m[1m[2m    4.62 kB[22m[1m[22m[2m │ gzip:   1.55 kB[22m
[2mdist/[22m[36massets/STM32L081KZ-Lrzc5x8-.js           [39m[1m[2m    4.62 kB[22m[1m[22m[2m │ gzip:   1.55 kB[22m
[2mdist/[22m[36massets/STM32WBA52KE-DjgMH7my.js          [39m[1m[2m    4.62 kB[22m[1m[22m[2m │ gzip:   1.59 kB[22m
[2mdist/[22m[36massets/STM32WBA52KG-CRHajOwy.js          [39m[1m[2m    4.62 kB[22m[1m[22m[2m │ gzip:   1.59 kB[22m
[2mdist/[22m[36massets/STM32WBA54KE-NoBczCFj.js          [39m[1m[2m    4.62 kB[22m[1m[22m[2m │ gzip:   1.59 kB[22m
[2mdist/[22m[36massets/STM32WBA54KG-Dg0h_7Jd.js          [39m[1m[2m    4.62 kB[22m[1m[22m[2m │ gzip:   1.59 kB[22m
[2mdist/[22m[36massets/STM32L071K8-12NyXwUA.js           [39m[1m[2m    4.62 kB[22m[1m[22m[2m │ gzip:   1.56 kB[22m
[2mdist/[22m[36massets/STM32L011G3-CQyiSUoa.js           [39m[1m[2m    4.63 kB[22m[1m[22m[2m │ gzip:   1.54 kB[22m
[2mdist/[22m[36massets/STM32L011G4-D0DIaO89.js           [39m[1m[2m    4.63 kB[22m[1m[22m[2m │ gzip:   1.54 kB[22m
[2mdist/[22m[36massets/STM32L021G4-CuBUIVAP.js           [39m[1m[2m    4.63 kB[22m[1m[22m[2m │ gzip:   1.54 kB[22m
[2mdist/[22m[36massets/STM32U031F4-BqyowgXW.js           [39m[1m[2m    4.68 kB[22m[1m[22m[2m │ gzip:   1.63 kB[22m
[2mdist/[22m[36massets/STM32U031F6-Br2LIDaY.js           [39m[1m[2m    4.68 kB[22m[1m[22m[2m │ gzip:   1.63 kB[22m
[2mdist/[22m[36massets/STM32U031F8-CtVMtd_W.js           [39m[1m[2m    4.68 kB[22m[1m[22m[2m │ gzip:   1.63 kB[22m
[2mdist/[22m[36massets/pug-8SOpv6rk.js                   [39m[1m[2m    4.69 kB[22m[1m[22m[2m │ gzip:   1.61 kB[22m
[2mdist/[22m[36massets/STM32F051K6-Cz-C1kXI.js           [39m[1m[2m    4.73 kB[22m[1m[22m[2m │ gzip:   1.61 kB[22m
[2mdist/[22m[36massets/STM32F051K8-zzzGCbtU.js           [39m[1m[2m    4.73 kB[22m[1m[22m[2m │ gzip:   1.61 kB[22m
[2mdist/[22m[36massets/STM32G030F6-B4qEf30F.js           [39m[1m[2m    4.74 kB[22m[1m[22m[2m │ gzip:   1.61 kB[22m
[2mdist/[22m[36massets/STM32F042G4-DpysLjIG.js           [39m[1m[2m    4.75 kB[22m[1m[22m[2m │ gzip:   1.63 kB[22m
[2mdist/[22m[36massets/STM32F042G6-DCafeM0p.js           [39m[1m[2m    4.75 kB[22m[1m[22m[2m │ gzip:   1.63 kB[22m
[2mdist/[22m[36massets/STM32F031K6-ClyMZ439.js           [39m[1m[2m    4.75 kB[22m[1m[22m[2m │ gzip:   1.59 kB[22m
[2mdist/[22m[36massets/STM32F038K6-4jECnQfe.js           [39m[1m[2m    4.75 kB[22m[1m[22m[2m │ gzip:   1.59 kB[22m
[2mdist/[22m[36massets/STM32L031K4-CZv7cx7g.js           [39m[1m[2m    4.76 kB[22m[1m[22m[2m │ gzip:   1.58 kB[22m
[2mdist/[22m[36massets/STM32L031K6-DmMm_9JK.js           [39m[1m[2m    4.76 kB[22m[1m[22m[2m │ gzip:   1.58 kB[22m
[2mdist/[22m[36massets/STM32L041K6-DW7DR_t2.js           [39m[1m[2m    4.76 kB[22m[1m[22m[2m │ gzip:   1.58 kB[22m
[2mdist/[22m[36massets/msdax-DmeGPVcC.js                 [39m[1m[2m    4.77 kB[22m[1m[22m[2m │ gzip:   1.91 kB[22m
[2mdist/[22m[36massets/STM32F031K4-DQFK7ZWp.js           [39m[1m[2m    4.78 kB[22m[1m[22m[2m │ gzip:   1.59 kB[22m
[2mdist/[22m[36massets/STM32L051T6-C0p-uOnt.js           [39m[1m[2m    4.79 kB[22m[1m[22m[2m │ gzip:   1.61 kB[22m
[2mdist/[22m[36massets/STM32L051T8-taBDTzgT.js           [39m[1m[2m    4.79 kB[22m[1m[22m[2m │ gzip:   1.61 kB[22m
[2mdist/[22m[36massets/STM32F103T4-DJvfn9SJ.js           [39m[1m[2m    4.80 kB[22m[1m[22m[2m │ gzip:   1.60 kB[22m
[2mdist/[22m[36massets/STM32F103T6-CPUc6Mcb.js           [39m[1m[2m    4.80 kB[22m[1m[22m[2m │ gzip:   1.60 kB[22m
[2mdist/[22m[36massets/STM32C031F4-C5Y6xfM9.js           [39m[1m[2m    4.87 kB[22m[1m[22m[2m │ gzip:   1.57 kB[22m
[2mdist/[22m[36massets/STM32C031F6-Drg-IFud.js           [39m[1m[2m    4.87 kB[22m[1m[22m[2m │ gzip:   1.57 kB[22m
[2mdist/[22m[36massets/STM32G050F6-ComPKwvQ.js           [39m[1m[2m    4.88 kB[22m[1m[22m[2m │ gzip:   1.64 kB[22m
[2mdist/[22m[36massets/STM32C011F4-CA6VPKiX.js           [39m[1m[2m    4.89 kB[22m[1m[22m[2m │ gzip:   1.58 kB[22m
[2mdist/[22m[36massets/STM32C011F6-D_5fGAod.js           [39m[1m[2m    4.89 kB[22m[1m[22m[2m │ gzip:   1.58 kB[22m
[2mdist/[22m[36massets/STM32F103T8-CoRyzKLx.js           [39m[1m[2m    4.89 kB[22m[1m[22m[2m │ gzip:   1.62 kB[22m
[2mdist/[22m[36massets/STM32F103TB-BfBs0l2H.js           [39m[1m[2m    4.89 kB[22m[1m[22m[2m │ gzip:   1.62 kB[22m
[2mdist/[22m[36massets/STM32L052T6-DnnCUDCU.js           [39m[1m[2m    4.90 kB[22m[1m[22m[2m │ gzip:   1.66 kB[22m
[2mdist/[22m[36massets/STM32L052T8-C_uNX5LW.js           [39m[1m[2m    4.90 kB[22m[1m[22m[2m │ gzip:   1.66 kB[22m
[2mdist/[22m[36massets/typescript-CpLc1oXJ.js            [39m[1m[2m    4.91 kB[22m[1m[22m[2m │ gzip:   1.95 kB[22m
[2mdist/[22m[36massets/STM32F318K8-C12KoVOU.js           [39m[1m[2m    4.94 kB[22m[1m[22m[2m │ gzip:   1.67 kB[22m
[2mdist/[22m[36massets/STM32WBA55HE-DiwLVMMj.js          [39m[1m[2m    4.96 kB[22m[1m[22m[2m │ gzip:   1.65 kB[22m
[2mdist/[22m[36massets/STM32WBA55HG-8N5HI6E8.js          [39m[1m[2m    4.96 kB[22m[1m[22m[2m │ gzip:   1.65 kB[22m
[2mdist/[22m[36massets/STM32F058T8-CPWI2fVr.js           [39m[1m[2m    4.97 kB[22m[1m[22m[2m │ gzip:   1.66 kB[22m
[2mdist/[22m[36massets/STM32L011K3-DdNyrFR-.js           [39m[1m[2m    4.98 kB[22m[1m[22m[2m │ gzip:   1.61 kB[22m
[2mdist/[22m[36massets/STM32L010K4-DIP9ouHE.js           [39m[1m[2m    4.98 kB[22m[1m[22m[2m │ gzip:   1.61 kB[22m
[2mdist/[22m[36massets/STM32L011K4-DHuguRpt.js           [39m[1m[2m    4.98 kB[22m[1m[22m[2m │ gzip:   1.61 kB[22m
[2mdist/[22m[36massets/STM32L021K4-DN844SAh.js           [39m[1m[2m    4.98 kB[22m[1m[22m[2m │ gzip:   1.62 kB[22m
[2mdist/[22m[36massets/STM32F051T8-DbsXd9Z4.js           [39m[1m[2m    4.99 kB[22m[1m[22m[2m │ gzip:   1.67 kB[22m
[2mdist/[22m[36massets/STM32G031Y8-BSw7xNX5.js           [39m[1m[2m    5.00 kB[22m[1m[22m[2m │ gzip:   1.69 kB[22m
[2mdist/[22m[36massets/STM32G041Y8-C0aB21rU.js           [39m[1m[2m    5.00 kB[22m[1m[22m[2m │ gzip:   1.69 kB[22m
[2mdist/[22m[36massets/swift-Bqt4WxQ4.js                 [39m[1m[2m    5.03 kB[22m[1m[22m[2m │ gzip:   2.06 kB[22m
[2mdist/[22m[36massets/STM32L072KB-oFJPSTvy.js           [39m[1m[2m    5.05 kB[22m[1m[22m[2m │ gzip:   1.68 kB[22m
[2mdist/[22m[36massets/STM32L072KZ-CjrM8Ect.js           [39m[1m[2m    5.05 kB[22m[1m[22m[2m │ gzip:   1.68 kB[22m
[2mdist/[22m[36massets/STM32L082KB-D_l82ZrN.js           [39m[1m[2m    5.05 kB[22m[1m[22m[2m │ gzip:   1.68 kB[22m
[2mdist/[22m[36massets/STM32L082KZ-jg-h3KYo.js           [39m[1m[2m    5.05 kB[22m[1m[22m[2m │ gzip:   1.68 kB[22m
[2mdist/[22m[36massets/STM32L412K8-B48wErMs.js           [39m[1m[2m    5.07 kB[22m[1m[22m[2m │ gzip:   1.67 kB[22m
[2mdist/[22m[36massets/STM32L412KB-CSRfyVF0.js           [39m[1m[2m    5.07 kB[22m[1m[22m[2m │ gzip:   1.67 kB[22m
[2mdist/[22m[36massets/STM32L422KB-B2axTQ2g.js           [39m[1m[2m    5.07 kB[22m[1m[22m[2m │ gzip:   1.67 kB[22m
[2mdist/[22m[36massets/STM32F042K4-tSMb_aX-.js           [39m[1m[2m    5.08 kB[22m[1m[22m[2m │ gzip:   1.69 kB[22m
[2mdist/[22m[36massets/STM32F042K6-DIUUkZLg.js           [39m[1m[2m    5.08 kB[22m[1m[22m[2m │ gzip:   1.69 kB[22m
[2mdist/[22m[36massets/STM32L431KB-xEYgtu8P.js           [39m[1m[2m    5.09 kB[22m[1m[22m[2m │ gzip:   1.70 kB[22m
[2mdist/[22m[36massets/STM32L431KC-BchW7p4J.js           [39m[1m[2m    5.09 kB[22m[1m[22m[2m │ gzip:   1.70 kB[22m
[2mdist/[22m[36massets/STM32U031G6-iehMPI6k.js           [39m[1m[2m    5.10 kB[22m[1m[22m[2m │ gzip:   1.70 kB[22m
[2mdist/[22m[36massets/STM32U031G8-s3ZjLm2x.js           [39m[1m[2m    5.10 kB[22m[1m[22m[2m │ gzip:   1.71 kB[22m
[2mdist/[22m[36massets/STM32G031F4-CDogXAjk.js           [39m[1m[2m    5.11 kB[22m[1m[22m[2m │ gzip:   1.70 kB[22m
[2mdist/[22m[36massets/STM32G031F6-B92eiYmT.js           [39m[1m[2m    5.11 kB[22m[1m[22m[2m │ gzip:   1.70 kB[22m
[2mdist/[22m[36massets/STM32G041F6-43BwkEQp.js           [39m[1m[2m    5.11 kB[22m[1m[22m[2m │ gzip:   1.70 kB[22m
[2mdist/[22m[36massets/STM32G031F8-Bmh_jaSN.js           [39m[1m[2m    5.11 kB[22m[1m[22m[2m │ gzip:   1.70 kB[22m
[2mdist/[22m[36massets/STM32G041F8-DNB3gcqW.js           [39m[1m[2m    5.11 kB[22m[1m[22m[2m │ gzip:   1.70 kB[22m
[2mdist/[22m[36massets/STM32F301K6-I1SOq0Cg.js           [39m[1m[2m    5.13 kB[22m[1m[22m[2m │ gzip:   1.72 kB[22m
[2mdist/[22m[36massets/STM32F301K8-BN7exKA7.js           [39m[1m[2m    5.13 kB[22m[1m[22m[2m │ gzip:   1.72 kB[22m
[2mdist/[22m[36massets/STM32F101C4-C0fb6gBh.js           [39m[1m[2m    5.14 kB[22m[1m[22m[2m │ gzip:   1.67 kB[22m
[2mdist/[22m[36massets/STM32F101C6-CYNW5pgL.js           [39m[1m[2m    5.14 kB[22m[1m[22m[2m │ gzip:   1.67 kB[22m
[2mdist/[22m[36massets/STM32F302K6-pK62OVg0.js           [39m[1m[2m    5.16 kB[22m[1m[22m[2m │ gzip:   1.74 kB[22m
[2mdist/[22m[36massets/STM32F302K8-DfoZU4EY.js           [39m[1m[2m    5.16 kB[22m[1m[22m[2m │ gzip:   1.74 kB[22m
[2mdist/[22m[36massets/STM32L432KB-CquhaZfA.js           [39m[1m[2m    5.16 kB[22m[1m[22m[2m │ gzip:   1.73 kB[22m
[2mdist/[22m[36massets/STM32L432KC-cfAGfbz5.js           [39m[1m[2m    5.16 kB[22m[1m[22m[2m │ gzip:   1.73 kB[22m
[2mdist/[22m[36massets/STM32L442KC-DYgv3CYm.js           [39m[1m[2m    5.16 kB[22m[1m[22m[2m │ gzip:   1.73 kB[22m
[2mdist/[22m[36massets/cpp-BbWJElDN.js                   [39m[1m[2m    5.16 kB[22m[1m[22m[2m │ gzip:   2.06 kB[22m
[2mdist/[22m[36massets/STM32F303K6-D-0lijFH.js           [39m[1m[2m    5.17 kB[22m[1m[22m[2m │ gzip:   1.73 kB[22m
[2mdist/[22m[36massets/STM32F303K8-CT8jGd3O.js           [39m[1m[2m    5.17 kB[22m[1m[22m[2m │ gzip:   1.73 kB[22m
[2mdist/[22m[36massets/STM32F334K4-CDjxrf1v.js           [39m[1m[2m    5.17 kB[22m[1m[22m[2m │ gzip:   1.73 kB[22m
[2mdist/[22m[36massets/STM32F334K6-DvrW_efU.js           [39m[1m[2m    5.17 kB[22m[1m[22m[2m │ gzip:   1.73 kB[22m
[2mdist/[22m[36massets/STM32F334K8-Cws-3UBU.js           [39m[1m[2m    5.17 kB[22m[1m[22m[2m │ gzip:   1.73 kB[22m
[2mdist/[22m[36massets/STM32F102C4-ChmJoagQ.js           [39m[1m[2m    5.19 kB[22m[1m[22m[2m │ gzip:   1.69 kB[22m
[2mdist/[22m[36massets/STM32F102C6-BWcj597M.js           [39m[1m[2m    5.19 kB[22m[1m[22m[2m │ gzip:   1.69 kB[22m
[2mdist/[22m[36massets/ecl-BEgZUVRK.js                   [39m[1m[2m    5.20 kB[22m[1m[22m[2m │ gzip:   2.19 kB[22m
[2mdist/[22m[36massets/STM32F048T6-D4NZwvGO.js           [39m[1m[2m    5.25 kB[22m[1m[22m[2m │ gzip:   1.71 kB[22m
[2mdist/[22m[36massets/STM32G051F6-D-T8Y7iX.js           [39m[1m[2m    5.25 kB[22m[1m[22m[2m │ gzip:   1.73 kB[22m
[2mdist/[22m[36massets/STM32G061F6-Bp1KnTLj.js           [39m[1m[2m    5.25 kB[22m[1m[22m[2m │ gzip:   1.73 kB[22m
[2mdist/[22m[36massets/STM32G051F8-D7nrIGKz.js           [39m[1m[2m    5.25 kB[22m[1m[22m[2m │ gzip:   1.73 kB[22m
[2mdist/[22m[36massets/STM32G061F8-CQK6ZFaP.js           [39m[1m[2m    5.25 kB[22m[1m[22m[2m │ gzip:   1.73 kB[22m
[2mdist/[22m[36massets/STM32WB10CC-BkGSXhWs.js           [39m[1m[2m    5.31 kB[22m[1m[22m[2m │ gzip:   1.68 kB[22m
[2mdist/[22m[36massets/STM32F042T6-HMwvQYj3.js           [39m[1m[2m    5.34 kB[22m[1m[22m[2m │ gzip:   1.76 kB[22m
[2mdist/[22m[36massets/STM32C051D8-C73wi0Rh.js           [39m[1m[2m    5.35 kB[22m[1m[22m[2m │ gzip:   1.69 kB[22m
[2mdist/[22m[36massets/STM32WB30CE-BYMyVn3P.js           [39m[1m[2m    5.35 kB[22m[1m[22m[2m │ gzip:   1.70 kB[22m
[2mdist/[22m[36massets/STM32WB50CG-DRIgEIaV.js           [39m[1m[2m    5.36 kB[22m[1m[22m[2m │ gzip:   1.70 kB[22m
[2mdist/[22m[36massets/STM32G071EB-N79voVw4.js           [39m[1m[2m    5.38 kB[22m[1m[22m[2m │ gzip:   1.73 kB[22m
[2mdist/[22m[36massets/STM32G081EB-ChEKibP2.js           [39m[1m[2m    5.38 kB[22m[1m[22m[2m │ gzip:   1.73 kB[22m
[2mdist/[22m[36massets/STM32L412TB-Cm2OivRM.js           [39m[1m[2m    5.39 kB[22m[1m[22m[2m │ gzip:   1.74 kB[22m
[2mdist/[22m[36massets/STM32L412T8-7Pyz6S7-.js           [39m[1m[2m    5.40 kB[22m[1m[22m[2m │ gzip:   1.74 kB[22m
[2mdist/[22m[36massets/STM32L422TB-BPd3eoYS.js           [39m[1m[2m    5.40 kB[22m[1m[22m[2m │ gzip:   1.74 kB[22m
[2mdist/[22m[36massets/STM32WB15CC-feh2EvNA.js           [39m[1m[2m    5.46 kB[22m[1m[22m[2m │ gzip:   1.73 kB[22m
[2mdist/[22m[36massets/STM32G071G8-C9qftFzk.js           [39m[1m[2m    5.55 kB[22m[1m[22m[2m │ gzip:   1.78 kB[22m
[2mdist/[22m[36massets/STM32G071GB-B4zw04ru.js           [39m[1m[2m    5.55 kB[22m[1m[22m[2m │ gzip:   1.78 kB[22m
[2mdist/[22m[36massets/STM32G081GB-zUZLQ2xV.js           [39m[1m[2m    5.55 kB[22m[1m[22m[2m │ gzip:   1.78 kB[22m
[2mdist/[22m[36massets/STM32C071F8-DlgblU1_.js           [39m[1m[2m    5.57 kB[22m[1m[22m[2m │ gzip:   1.73 kB[22m
[2mdist/[22m[36massets/STM32C071FB-B5Aa23cW.js           [39m[1m[2m    5.57 kB[22m[1m[22m[2m │ gzip:   1.74 kB[22m
[2mdist/[22m[36massets/STM32G031G4-D4XfZNDV.js           [39m[1m[2m    5.59 kB[22m[1m[22m[2m │ gzip:   1.77 kB[22m
[2mdist/[22m[36massets/STM32G031G6-B0pmtV_8.js           [39m[1m[2m    5.59 kB[22m[1m[22m[2m │ gzip:   1.77 kB[22m
[2mdist/[22m[36massets/STM32G041G6-Sus1Lueg.js           [39m[1m[2m    5.59 kB[22m[1m[22m[2m │ gzip:   1.77 kB[22m
[2mdist/[22m[36massets/STM32G031G8-RAvBuksW.js           [39m[1m[2m    5.59 kB[22m[1m[22m[2m │ gzip:   1.77 kB[22m
[2mdist/[22m[36massets/STM32G041G8-nS8SCGVs.js           [39m[1m[2m    5.59 kB[22m[1m[22m[2m │ gzip:   1.77 kB[22m
[2mdist/[22m[36massets/vb-Db0cS2oM.js                    [39m[1m[2m    5.65 kB[22m[1m[22m[2m │ gzip:   2.02 kB[22m
[2mdist/[22m[36massets/STM32F101C8-C9Cz-SUW.js           [39m[1m[2m    5.67 kB[22m[1m[22m[2m │ gzip:   1.81 kB[22m
[2mdist/[22m[36massets/STM32F101CB-Bjh7Xz8C.js           [39m[1m[2m    5.67 kB[22m[1m[22m[2m │ gzip:   1.81 kB[22m
[2mdist/[22m[36massets/STM32U375KE-DgTWDiiS.js           [39m[1m[2m    5.67 kB[22m[1m[22m[2m │ gzip:   1.85 kB[22m
[2mdist/[22m[36massets/STM32U375KG-DFZfZRA6.js           [39m[1m[2m    5.68 kB[22m[1m[22m[2m │ gzip:   1.85 kB[22m
[2mdist/[22m[36massets/STM32U385KG-CD7bsZvZ.js           [39m[1m[2m    5.68 kB[22m[1m[22m[2m │ gzip:   1.85 kB[22m
[2mdist/[22m[36massets/STM32WB35CC-CfcM9t0c.js           [39m[1m[2m    5.68 kB[22m[1m[22m[2m │ gzip:   1.81 kB[22m
[2mdist/[22m[36massets/STM32WB35CE-DFmEpHDh.js           [39m[1m[2m    5.68 kB[22m[1m[22m[2m │ gzip:   1.81 kB[22m
[2mdist/[22m[36massets/STM32WB55CC-C9s-57wg.js           [39m[1m[2m    5.68 kB[22m[1m[22m[2m │ gzip:   1.81 kB[22m
[2mdist/[22m[36massets/STM32WB55CE-Dfxel9Yc.js           [39m[1m[2m    5.68 kB[22m[1m[22m[2m │ gzip:   1.81 kB[22m
[2mdist/[22m[36massets/STM32WB55CG-B577gziZ.js           [39m[1m[2m    5.68 kB[22m[1m[22m[2m │ gzip:   1.82 kB[22m
[2mdist/[22m[36massets/STM32F102C8-CtRGBLiE.js           [39m[1m[2m    5.72 kB[22m[1m[22m[2m │ gzip:   1.82 kB[22m
[2mdist/[22m[36massets/STM32F102CB-CN4TlkDB.js           [39m[1m[2m    5.72 kB[22m[1m[22m[2m │ gzip:   1.82 kB[22m
[2mdist/[22m[36massets/STM32F070C6-Vqx-jMf1.js           [39m[1m[2m    5.72 kB[22m[1m[22m[2m │ gzip:   1.81 kB[22m
[2mdist/[22m[36massets/STM32G051G6-IDlvClRG.js           [39m[1m[2m    5.73 kB[22m[1m[22m[2m │ gzip:   1.81 kB[22m
[2mdist/[22m[36massets/STM32G061G6-DdZm2Rzj.js           [39m[1m[2m    5.73 kB[22m[1m[22m[2m │ gzip:   1.81 kB[22m
[2mdist/[22m[36massets/STM32G051G8-DJ1cS_JK.js           [39m[1m[2m    5.73 kB[22m[1m[22m[2m │ gzip:   1.81 kB[22m
[2mdist/[22m[36massets/STM32G061G8-DNlegdGO.js           [39m[1m[2m    5.73 kB[22m[1m[22m[2m │ gzip:   1.81 kB[22m
[2mdist/[22m[36massets/STM32U031K4-Bt46EWZe.js           [39m[1m[2m    5.75 kB[22m[1m[22m[2m │ gzip:   1.83 kB[22m
[2mdist/[22m[36massets/STM32U031K6-72_3bnn5.js           [39m[1m[2m    5.75 kB[22m[1m[22m[2m │ gzip:   1.83 kB[22m
[2mdist/[22m[36massets/STM32U031K8-BUf-Yvf7.js           [39m[1m[2m    5.75 kB[22m[1m[22m[2m │ gzip:   1.83 kB[22m
[2mdist/[22m[36massets/STM32G071G6-CQ0jogq1.js           [39m[1m[2m    5.78 kB[22m[1m[22m[2m │ gzip:   1.82 kB[22m
[2mdist/[22m[36massets/STM32F103C4-DD_73eht.js           [39m[1m[2m    5.80 kB[22m[1m[22m[2m │ gzip:   1.83 kB[22m
[2mdist/[22m[36massets/STM32F103C6-BYN2iTiW.js           [39m[1m[2m    5.80 kB[22m[1m[22m[2m │ gzip:   1.83 kB[22m
[2mdist/[22m[36massets/STM32F410C8-B6YN83fG.js           [39m[1m[2m    5.83 kB[22m[1m[22m[2m │ gzip:   1.87 kB[22m
[2mdist/[22m[36massets/STM32F410CB-uVdARrtX.js           [39m[1m[2m    5.83 kB[22m[1m[22m[2m │ gzip:   1.86 kB[22m
[2mdist/[22m[36massets/twig-Csy3S7wG.js                  [39m[1m[2m    5.84 kB[22m[1m[22m[2m │ gzip:   1.49 kB[22m
[2mdist/[22m[36massets/STM32F030C6-BtQOxhcq.js           [39m[1m[2m    5.86 kB[22m[1m[22m[2m │ gzip:   1.83 kB[22m
[2mdist/[22m[36massets/STM32C051F8-D4CAuOyt.js           [39m[1m[2m    5.86 kB[22m[1m[22m[2m │ gzip:   1.77 kB[22m
[2mdist/[22m[36massets/STM32C051F6-BE-i9yAq.js           [39m[1m[2m    5.86 kB[22m[1m[22m[2m │ gzip:   1.77 kB[22m
[2mdist/[22m[36massets/STM32F100C4-Ll2agLya.js           [39m[1m[2m    5.86 kB[22m[1m[22m[2m │ gzip:   1.86 kB[22m
[2mdist/[22m[36massets/STM32F100C6-DULlJEWn.js           [39m[1m[2m    5.86 kB[22m[1m[22m[2m │ gzip:   1.86 kB[22m
[2mdist/[22m[36massets/STM32H503EB-BTmpAMkw.js           [39m[1m[2m    5.87 kB[22m[1m[22m[2m │ gzip:   1.81 kB[22m
[2mdist/[22m[36massets/STM32G030K6-BcW5tnGx.js           [39m[1m[2m    5.87 kB[22m[1m[22m[2m │ gzip:   1.80 kB[22m
[2mdist/[22m[36massets/STM32G030K8-BfbtamgT.js           [39m[1m[2m    5.87 kB[22m[1m[22m[2m │ gzip:   1.80 kB[22m
[2mdist/[22m[36massets/STM32L010C6-ti975hAS.js           [39m[1m[2m    5.89 kB[22m[1m[22m[2m │ gzip:   1.82 kB[22m
[2mdist/[22m[36massets/STM32F051C4-D65eX5eP.js           [39m[1m[2m    5.89 kB[22m[1m[22m[2m │ gzip:   1.87 kB[22m
[2mdist/[22m[36massets/STM32L051C6-Ck8vcPsS.js           [39m[1m[2m    5.91 kB[22m[1m[22m[2m │ gzip:   1.84 kB[22m
[2mdist/[22m[36massets/STM32L051C8-21uj6ch7.js           [39m[1m[2m    5.91 kB[22m[1m[22m[2m │ gzip:   1.84 kB[22m
[2mdist/[22m[36massets/STM32WB06CC-DDGuRd8X.js           [39m[1m[2m    5.95 kB[22m[1m[22m[2m │ gzip:   1.81 kB[22m
[2mdist/[22m[36massets/STM32WB07CC-C-JKPHTj.js           [39m[1m[2m    5.95 kB[22m[1m[22m[2m │ gzip:   1.81 kB[22m
[2mdist/[22m[36massets/STM32G050K6-DT-6GfFY.js           [39m[1m[2m    6.02 kB[22m[1m[22m[2m │ gzip:   1.84 kB[22m
[2mdist/[22m[36massets/STM32G050K8-Cy7znm-y.js           [39m[1m[2m    6.02 kB[22m[1m[22m[2m │ gzip:   1.84 kB[22m
[2mdist/[22m[36massets/STM32F030C8-DLycf_cC.js           [39m[1m[2m    6.02 kB[22m[1m[22m[2m │ gzip:   1.89 kB[22m
[2mdist/[22m[36massets/STM32F051C6-DRAAAn_-.js           [39m[1m[2m    6.04 kB[22m[1m[22m[2m │ gzip:   1.89 kB[22m
[2mdist/[22m[36massets/STM32L052C6-DDjEgQ_s.js           [39m[1m[2m    6.05 kB[22m[1m[22m[2m │ gzip:   1.90 kB[22m
[2mdist/[22m[36massets/STM32L052C8-B9vdCQAy.js           [39m[1m[2m    6.05 kB[22m[1m[22m[2m │ gzip:   1.90 kB[22m
[2mdist/[22m[36massets/STM32L053C6-DEq7SOjl.js           [39m[1m[2m    6.05 kB[22m[1m[22m[2m │ gzip:   1.90 kB[22m
[2mdist/[22m[36massets/STM32L053C8-C2Zg7yiQ.js           [39m[1m[2m    6.05 kB[22m[1m[22m[2m │ gzip:   1.90 kB[22m
[2mdist/[22m[36massets/STM32L063C8-u4BJEGpP.js           [39m[1m[2m    6.05 kB[22m[1m[22m[2m │ gzip:   1.90 kB[22m
[2mdist/[22m[36massets/STM32L062C8-CdC-MBVO.js           [39m[1m[2m    6.05 kB[22m[1m[22m[2m │ gzip:   1.91 kB[22m
[2mdist/[22m[36massets/STM32WBA55CE-D7HRvy8q.js          [39m[1m[2m    6.06 kB[22m[1m[22m[2m │ gzip:   1.93 kB[22m
[2mdist/[22m[36massets/STM32WBA55CG-XFVgSQDX.js          [39m[1m[2m    6.06 kB[22m[1m[22m[2m │ gzip:   1.93 kB[22m
[2mdist/[22m[36massets/STM32WBA65CG-D98Yah6e.js          [39m[1m[2m    6.08 kB[22m[1m[22m[2m │ gzip:   1.92 kB[22m
[2mdist/[22m[36massets/STM32WBA65CI-B5K1WEqy.js          [39m[1m[2m    6.08 kB[22m[1m[22m[2m │ gzip:   1.92 kB[22m
[2mdist/[22m[36massets/STM32C031G4-B-IGtiXH.js           [39m[1m[2m    6.09 kB[22m[1m[22m[2m │ gzip:   1.83 kB[22m
[2mdist/[22m[36massets/STM32C031G6-CuX4DSV9.js           [39m[1m[2m    6.09 kB[22m[1m[22m[2m │ gzip:   1.83 kB[22m
[2mdist/[22m[36massets/STM32G070KB-D4lOrn-9.js           [39m[1m[2m    6.09 kB[22m[1m[22m[2m │ gzip:   1.84 kB[22m
[2mdist/[22m[36massets/STM32WL54CC-Bo9G-vRp.js           [39m[1m[2m    6.10 kB[22m[1m[22m[2m │ gzip:   1.89 kB[22m
[2mdist/[22m[36massets/STM32WL55CC-BKS1ek7J.js           [39m[1m[2m    6.10 kB[22m[1m[22m[2m │ gzip:   1.89 kB[22m
[2mdist/[22m[36massets/STM32WBA63CG-W72j7_SO.js          [39m[1m[2m    6.11 kB[22m[1m[22m[2m │ gzip:   1.93 kB[22m
[2mdist/[22m[36massets/STM32WBA63CI-DkVTFMJz.js          [39m[1m[2m    6.11 kB[22m[1m[22m[2m │ gzip:   1.93 kB[22m
[2mdist/[22m[36massets/STM32WLE4C8-D7JkOvCJ.js           [39m[1m[2m    6.11 kB[22m[1m[22m[2m │ gzip:   1.90 kB[22m
[2mdist/[22m[36massets/STM32WLE4CB-DHDAJxcS.js           [39m[1m[2m    6.11 kB[22m[1m[22m[2m │ gzip:   1.90 kB[22m
[2mdist/[22m[36massets/STM32WLE4CC-Dyp5DQsC.js           [39m[1m[2m    6.11 kB[22m[1m[22m[2m │ gzip:   1.90 kB[22m
[2mdist/[22m[36massets/STM32WLE5C8-C0uasFxl.js           [39m[1m[2m    6.11 kB[22m[1m[22m[2m │ gzip:   1.90 kB[22m
[2mdist/[22m[36massets/STM32WLE5CB-Bn9mgU8A.js           [39m[1m[2m    6.11 kB[22m[1m[22m[2m │ gzip:   1.90 kB[22m
[2mdist/[22m[36massets/STM32WLE5CC-CPyo0Zau.js           [39m[1m[2m    6.11 kB[22m[1m[22m[2m │ gzip:   1.90 kB[22m
[2mdist/[22m[36massets/STM32L031C4-BtOsHDDf.js           [39m[1m[2m    6.13 kB[22m[1m[22m[2m │ gzip:   1.88 kB[22m
[2mdist/[22m[36massets/STM32L031C6-C42ezToV.js           [39m[1m[2m    6.13 kB[22m[1m[22m[2m │ gzip:   1.88 kB[22m
[2mdist/[22m[36massets/STM32L041C4-DoUCm-DX.js           [39m[1m[2m    6.13 kB[22m[1m[22m[2m │ gzip:   1.88 kB[22m
[2mdist/[22m[36massets/STM32L041C6-D1iS6tEN.js           [39m[1m[2m    6.13 kB[22m[1m[22m[2m │ gzip:   1.88 kB[22m
[2mdist/[22m[36massets/STM32U073K8-CXtcqx-c.js           [39m[1m[2m    6.15 kB[22m[1m[22m[2m │ gzip:   1.93 kB[22m
[2mdist/[22m[36massets/STM32U073KB-PyEm7mQx.js           [39m[1m[2m    6.15 kB[22m[1m[22m[2m │ gzip:   1.93 kB[22m
[2mdist/[22m[36massets/STM32U073KC-Fe0GyuLx.js           [39m[1m[2m    6.15 kB[22m[1m[22m[2m │ gzip:   1.93 kB[22m
[2mdist/[22m[36massets/STM32U083KC-kTAOgTm1.js           [39m[1m[2m    6.15 kB[22m[1m[22m[2m │ gzip:   1.93 kB[22m
[2mdist/[22m[36massets/STM32F038C6-DIBZUgvG.js           [39m[1m[2m    6.16 kB[22m[1m[22m[2m │ gzip:   1.89 kB[22m
[2mdist/[22m[36massets/STM32F031C4-CWuV3PKX.js           [39m[1m[2m    6.18 kB[22m[1m[22m[2m │ gzip:   1.90 kB[22m
[2mdist/[22m[36massets/STM32F031C6-XCEN01JN.js           [39m[1m[2m    6.18 kB[22m[1m[22m[2m │ gzip:   1.90 kB[22m
[2mdist/[22m[36massets/STM32G431K6-Cs6WXW1p.js           [39m[1m[2m    6.22 kB[22m[1m[22m[2m │ gzip:   1.98 kB[22m
[2mdist/[22m[36massets/STM32G431K8-Bvr-RvIn.js           [39m[1m[2m    6.22 kB[22m[1m[22m[2m │ gzip:   1.98 kB[22m
[2mdist/[22m[36massets/STM32G431KB-Co-VDZGW.js           [39m[1m[2m    6.22 kB[22m[1m[22m[2m │ gzip:   1.98 kB[22m
[2mdist/[22m[36massets/STM32G441KB-Bp6o6g0t.js           [39m[1m[2m    6.22 kB[22m[1m[22m[2m │ gzip:   1.98 kB[22m
[2mdist/[22m[36massets/STM32C091FB-CdxEGKT4.js           [39m[1m[2m    6.24 kB[22m[1m[22m[2m │ gzip:   1.90 kB[22m
[2mdist/[22m[36massets/STM32C091FC-BvntiLTA.js           [39m[1m[2m    6.24 kB[22m[1m[22m[2m │ gzip:   1.90 kB[22m
[2mdist/[22m[36massets/scss-CBJaRo0y.js                  [39m[1m[2m    6.27 kB[22m[1m[22m[2m │ gzip:   1.71 kB[22m
[2mdist/[22m[36massets/STM32G031K4-m7SIL9GY.js           [39m[1m[2m    6.28 kB[22m[1m[22m[2m │ gzip:   1.89 kB[22m
[2mdist/[22m[36massets/STM32G031K6-mJX07UoE.js           [39m[1m[2m    6.28 kB[22m[1m[22m[2m │ gzip:   1.89 kB[22m
[2mdist/[22m[36massets/STM32G041K6-2Lg_hDFY.js           [39m[1m[2m    6.28 kB[22m[1m[22m[2m │ gzip:   1.89 kB[22m
[2mdist/[22m[36massets/STM32G031K8-BTYtsuxG.js           [39m[1m[2m    6.28 kB[22m[1m[22m[2m │ gzip:   1.89 kB[22m
[2mdist/[22m[36massets/STM32G041K8-BPGHpxvw.js           [39m[1m[2m    6.28 kB[22m[1m[22m[2m │ gzip:   1.89 kB[22m
[2mdist/[22m[36massets/STM32WBA52CE-USfwHz-7.js          [39m[1m[2m    6.29 kB[22m[1m[22m[2m │ gzip:   1.98 kB[22m
[2mdist/[22m[36massets/STM32WBA52CG-BJidbZck.js          [39m[1m[2m    6.29 kB[22m[1m[22m[2m │ gzip:   1.97 kB[22m
[2mdist/[22m[36massets/STM32WBA54CE-cHpqPiYl.js          [39m[1m[2m    6.29 kB[22m[1m[22m[2m │ gzip:   1.98 kB[22m
[2mdist/[22m[36massets/STM32WBA54CG-BugL4JKA.js          [39m[1m[2m    6.29 kB[22m[1m[22m[2m │ gzip:   1.98 kB[22m
[2mdist/[22m[36massets/STM32G491KC-BnfaN9zF.js           [39m[1m[2m    6.30 kB[22m[1m[22m[2m │ gzip:   2.00 kB[22m
[2mdist/[22m[36massets/STM32G491KE-CSwtUN3h.js           [39m[1m[2m    6.30 kB[22m[1m[22m[2m │ gzip:   2.00 kB[22m
[2mdist/[22m[36massets/handlebars-gZqDMTfK.js            [39m[1m[2m    6.30 kB[22m[1m[22m[2m │ gzip:   1.38 kB[22m
[2mdist/[22m[36massets/STM32G4A1KE-CxPLnLyp.js           [39m[1m[2m    6.31 kB[22m[1m[22m[2m │ gzip:   2.01 kB[22m
[2mdist/[22m[36massets/STM32G071K8-xmXXBDpn.js           [39m[1m[2m    6.31 kB[22m[1m[22m[2m │ gzip:   1.91 kB[22m
[2mdist/[22m[36massets/STM32G071KB-DW_2NM1h.js           [39m[1m[2m    6.31 kB[22m[1m[22m[2m │ gzip:   1.91 kB[22m
[2mdist/[22m[36massets/STM32G081KB-z5aNLFQr.js           [39m[1m[2m    6.31 kB[22m[1m[22m[2m │ gzip:   1.91 kB[22m
[2mdist/[22m[36massets/STM32F103C8-C8rohkjQ.js           [39m[1m[2m    6.32 kB[22m[1m[22m[2m │ gzip:   1.95 kB[22m
[2mdist/[22m[36massets/STM32F103CB-BQa3i2e8.js           [39m[1m[2m    6.33 kB[22m[1m[22m[2m │ gzip:   1.95 kB[22m
[2mdist/[22m[36massets/STM32H523HE-CeG9N3Kb.js           [39m[1m[2m    6.33 kB[22m[1m[22m[2m │ gzip:   1.96 kB[22m
[2mdist/[22m[36massets/STM32H533HE-BNCTpeiP.js           [39m[1m[2m    6.33 kB[22m[1m[22m[2m │ gzip:   1.96 kB[22m
[2mdist/[22m[36massets/STM32F100C8-uxUKK44-.js           [39m[1m[2m    6.33 kB[22m[1m[22m[2m │ gzip:   1.98 kB[22m
[2mdist/[22m[36massets/STM32F100CB-BqLOwiGp.js           [39m[1m[2m    6.33 kB[22m[1m[22m[2m │ gzip:   1.98 kB[22m
[2mdist/[22m[36massets/STM32F058C8-xv5qdBrG.js           [39m[1m[2m    6.34 kB[22m[1m[22m[2m │ gzip:   1.97 kB[22m
[2mdist/[22m[36massets/STM32C092FB-BQSBX8cX.js           [39m[1m[2m    6.34 kB[22m[1m[22m[2m │ gzip:   1.94 kB[22m
[2mdist/[22m[36massets/STM32C092FC-D2VttYb5.js           [39m[1m[2m    6.34 kB[22m[1m[22m[2m │ gzip:   1.94 kB[22m
[2mdist/[22m[36massets/STM32F051C8-BNpB_B5M.js           [39m[1m[2m    6.36 kB[22m[1m[22m[2m │ gzip:   1.97 kB[22m
[2mdist/[22m[36massets/STM32L151C6-DoLz48Zq.js           [39m[1m[2m    6.36 kB[22m[1m[22m[2m │ gzip:   1.98 kB[22m
[2mdist/[22m[36massets/STM32L151C8-BvLQ2ons.js           [39m[1m[2m    6.36 kB[22m[1m[22m[2m │ gzip:   1.98 kB[22m
[2mdist/[22m[36massets/STM32L152C6-DHaAOR07.js           [39m[1m[2m    6.36 kB[22m[1m[22m[2m │ gzip:   1.98 kB[22m
[2mdist/[22m[36massets/STM32L152C8-BNRC4iZu.js           [39m[1m[2m    6.36 kB[22m[1m[22m[2m │ gzip:   1.98 kB[22m
[2mdist/[22m[36massets/STM32L100C6-CXiFnWu8.js           [39m[1m[2m    6.36 kB[22m[1m[22m[2m │ gzip:   1.98 kB[22m
[2mdist/[22m[36massets/STM32L151CB-B3Ms1Xlp.js           [39m[1m[2m    6.36 kB[22m[1m[22m[2m │ gzip:   1.98 kB[22m
[2mdist/[22m[36massets/STM32L152CB-DTeV7IPb.js           [39m[1m[2m    6.36 kB[22m[1m[22m[2m │ gzip:   1.98 kB[22m
[2mdist/[22m[36massets/STM32F101R4-DQLCsXWi.js           [39m[1m[2m    6.40 kB[22m[1m[22m[2m │ gzip:   1.96 kB[22m
[2mdist/[22m[36massets/STM32F101R6-CDtgH_SM.js           [39m[1m[2m    6.40 kB[22m[1m[22m[2m │ gzip:   1.96 kB[22m
[2mdist/[22m[36massets/STM32F070CB-DSdmtmy3.js           [39m[1m[2m    6.41 kB[22m[1m[22m[2m │ gzip:   1.98 kB[22m
[2mdist/[22m[36massets/STM32G051K6-zjAmJXxx.js           [39m[1m[2m    6.41 kB[22m[1m[22m[2m │ gzip:   1.93 kB[22m
[2mdist/[22m[36massets/STM32G061K6-BG4rhdm8.js           [39m[1m[2m    6.41 kB[22m[1m[22m[2m │ gzip:   1.93 kB[22m
[2mdist/[22m[36massets/STM32G051K8-BIyIBaEw.js           [39m[1m[2m    6.41 kB[22m[1m[22m[2m │ gzip:   1.93 kB[22m
[2mdist/[22m[36massets/STM32G061K8-C_jiTIZU.js           [39m[1m[2m    6.41 kB[22m[1m[22m[2m │ gzip:   1.93 kB[22m
[2mdist/[22m[36massets/STM32F102R4-C2SQ9YD8.js           [39m[1m[2m    6.45 kB[22m[1m[22m[2m │ gzip:   1.98 kB[22m
[2mdist/[22m[36massets/STM32F102R6-BNmvnCwL.js           [39m[1m[2m    6.45 kB[22m[1m[22m[2m │ gzip:   1.98 kB[22m
[2mdist/[22m[36massets/STM32L010R8-cuepvj7n.js           [39m[1m[2m    6.45 kB[22m[1m[22m[2m │ gzip:   1.97 kB[22m
[2mdist/[22m[36massets/STM32G071K6-DSYiPb5N.js           [39m[1m[2m    6.50 kB[22m[1m[22m[2m │ gzip:   1.95 kB[22m
[2mdist/[22m[36massets/STM32F048C6-DBPdV8s2.js           [39m[1m[2m    6.51 kB[22m[1m[22m[2m │ gzip:   1.97 kB[22m
[2mdist/[22m[36massets/STM32L151CC-Ciu_F6EY.js           [39m[1m[2m    6.55 kB[22m[1m[22m[2m │ gzip:   2.01 kB[22m
[2mdist/[22m[36massets/STM32L152CC-BMGWfMQI.js           [39m[1m[2m    6.55 kB[22m[1m[22m[2m │ gzip:   2.01 kB[22m
[2mdist/[22m[36massets/STM32WBA62CG-DoDeusrN.js          [39m[1m[2m    6.57 kB[22m[1m[22m[2m │ gzip:   2.03 kB[22m
[2mdist/[22m[36massets/STM32WBA62CI-BVzvYnrR.js          [39m[1m[2m    6.57 kB[22m[1m[22m[2m │ gzip:   2.03 kB[22m
[2mdist/[22m[36massets/STM32WBA64CG-CU-HteFI.js          [39m[1m[2m    6.57 kB[22m[1m[22m[2m │ gzip:   2.03 kB[22m
[2mdist/[22m[36massets/STM32WBA64CI-DgGgAcLI.js          [39m[1m[2m    6.57 kB[22m[1m[22m[2m │ gzip:   2.03 kB[22m
[2mdist/[22m[36massets/STM32L071C8-C_JTmxKJ.js           [39m[1m[2m    6.58 kB[22m[1m[22m[2m │ gzip:   1.99 kB[22m
[2mdist/[22m[36massets/STM32L071CB-CawqlkXT.js           [39m[1m[2m    6.58 kB[22m[1m[22m[2m │ gzip:   1.99 kB[22m
[2mdist/[22m[36massets/STM32L071CZ-BFozq55C.js           [39m[1m[2m    6.58 kB[22m[1m[22m[2m │ gzip:   1.99 kB[22m
[2mdist/[22m[36massets/STM32L081CB-LaNMQ36l.js           [39m[1m[2m    6.58 kB[22m[1m[22m[2m │ gzip:   1.99 kB[22m
[2mdist/[22m[36massets/STM32L081CZ-dmcT1q8P.js           [39m[1m[2m    6.58 kB[22m[1m[22m[2m │ gzip:   1.99 kB[22m
[2mdist/[22m[36massets/STM32F401CB-CygI6-zJ.js           [39m[1m[2m    6.61 kB[22m[1m[22m[2m │ gzip:   2.03 kB[22m
[2mdist/[22m[36massets/STM32F401CC-D9rLGjjd.js           [39m[1m[2m    6.61 kB[22m[1m[22m[2m │ gzip:   2.03 kB[22m
[2mdist/[22m[36massets/STM32F401CD-D2YOr4gR.js           [39m[1m[2m    6.61 kB[22m[1m[22m[2m │ gzip:   2.03 kB[22m
[2mdist/[22m[36massets/STM32F401CE-BcK7ZO-5.js           [39m[1m[2m    6.61 kB[22m[1m[22m[2m │ gzip:   2.03 kB[22m
[2mdist/[22m[36massets/STM32F042C4-DxnkCQsf.js           [39m[1m[2m    6.62 kB[22m[1m[22m[2m │ gzip:   2.02 kB[22m
[2mdist/[22m[36massets/STM32F042C6-Y8PE7W13.js           [39m[1m[2m    6.62 kB[22m[1m[22m[2m │ gzip:   2.02 kB[22m
[2mdist/[22m[36massets/STM32C091EC-9iKtXod5.js           [39m[1m[2m    6.67 kB[22m[1m[22m[2m │ gzip:   1.97 kB[22m
[2mdist/[22m[36massets/STM32F030CC-C8yyM_wx.js           [39m[1m[2m    6.68 kB[22m[1m[22m[2m │ gzip:   2.02 kB[22m
[2mdist/[22m[36massets/STM32C031K4-CIcqS2BG.js           [39m[1m[2m    6.68 kB[22m[1m[22m[2m │ gzip:   1.95 kB[22m
[2mdist/[22m[36massets/STM32C031K6-C3t_ttFP.js           [39m[1m[2m    6.68 kB[22m[1m[22m[2m │ gzip:   1.95 kB[22m
[2mdist/[22m[36massets/STM32F071C8-sbDnqTfg.js           [39m[1m[2m    6.70 kB[22m[1m[22m[2m │ gzip:   2.04 kB[22m
[2mdist/[22m[36massets/STM32F071CB-i6T6e7QN.js           [39m[1m[2m    6.70 kB[22m[1m[22m[2m │ gzip:   2.04 kB[22m
[2mdist/[22m[36massets/STM32L072CB-4pQ-esSB.js           [39m[1m[2m    6.73 kB[22m[1m[22m[2m │ gzip:   2.04 kB[22m
[2mdist/[22m[36massets/STM32L072CZ-CSw8ROLw.js           [39m[1m[2m    6.73 kB[22m[1m[22m[2m │ gzip:   2.04 kB[22m
[2mdist/[22m[36massets/STM32L073CB-Bq7YHhyQ.js           [39m[1m[2m    6.73 kB[22m[1m[22m[2m │ gzip:   2.05 kB[22m
[2mdist/[22m[36massets/STM32L073CZ-B8oPmjxj.js           [39m[1m[2m    6.73 kB[22m[1m[22m[2m │ gzip:   2.05 kB[22m
[2mdist/[22m[36massets/STM32L083CB-L7N8q9Ey.js           [39m[1m[2m    6.73 kB[22m[1m[22m[2m │ gzip:   2.05 kB[22m
[2mdist/[22m[36massets/STM32L083CZ-lbSHiglC.js           [39m[1m[2m    6.73 kB[22m[1m[22m[2m │ gzip:   2.05 kB[22m
[2mdist/[22m[36massets/STM32L082CZ-DSefxBUt.js           [39m[1m[2m    6.73 kB[22m[1m[22m[2m │ gzip:   2.05 kB[22m
[2mdist/[22m[36massets/STM32F078CB-BGXy36tA.js           [39m[1m[2m    6.73 kB[22m[1m[22m[2m │ gzip:   2.05 kB[22m
[2mdist/[22m[36massets/STM32WBA55UE-Cry7zHfi.js          [39m[1m[2m    6.77 kB[22m[1m[22m[2m │ gzip:   2.06 kB[22m
[2mdist/[22m[36massets/STM32WBA55UG-KCEYiXri.js          [39m[1m[2m    6.77 kB[22m[1m[22m[2m │ gzip:   2.06 kB[22m
[2mdist/[22m[36massets/STM32F328C8-inbDiHxH.js           [39m[1m[2m    6.79 kB[22m[1m[22m[2m │ gzip:   2.07 kB[22m
[2mdist/[22m[36massets/STM32F318C8-3iY97Clq.js           [39m[1m[2m    6.79 kB[22m[1m[22m[2m │ gzip:   2.07 kB[22m
[2mdist/[22m[36massets/STM32C071G8-BoyLQZsb.js           [39m[1m[2m    6.79 kB[22m[1m[22m[2m │ gzip:   1.98 kB[22m
[2mdist/[22m[36massets/STM32C071GB-C2Bf62Iv.js           [39m[1m[2m    6.79 kB[22m[1m[22m[2m │ gzip:   1.98 kB[22m
[2mdist/[22m[36massets/STM32C092EC-CRgYiTUT.js           [39m[1m[2m    6.79 kB[22m[1m[22m[2m │ gzip:   2.02 kB[22m
[2mdist/[22m[36massets/STM32F301C6-CEpHFrmn.js           [39m[1m[2m    6.82 kB[22m[1m[22m[2m │ gzip:   2.08 kB[22m
[2mdist/[22m[36massets/STM32F301C8-CEZHmoFf.js           [39m[1m[2m    6.82 kB[22m[1m[22m[2m │ gzip:   2.08 kB[22m
[2mdist/[22m[36massets/STM32F072C8-CbkVcr5I.js           [39m[1m[2m    6.85 kB[22m[1m[22m[2m │ gzip:   2.09 kB[22m
[2mdist/[22m[36massets/STM32F072CB-DJ-VOnnp.js           [39m[1m[2m    6.85 kB[22m[1m[22m[2m │ gzip:   2.09 kB[22m
[2mdist/[22m[36massets/STM32F303C6-EH52tzRX.js           [39m[1m[2m    6.86 kB[22m[1m[22m[2m │ gzip:   2.10 kB[22m
[2mdist/[22m[36massets/STM32F303C8-J3o5XecV.js           [39m[1m[2m    6.86 kB[22m[1m[22m[2m │ gzip:   2.10 kB[22m
[2mdist/[22m[36massets/STM32F334C4-BESpLzBj.js           [39m[1m[2m    6.86 kB[22m[1m[22m[2m │ gzip:   2.10 kB[22m
[2mdist/[22m[36massets/STM32F334C6-q56-bb98.js           [39m[1m[2m    6.86 kB[22m[1m[22m[2m │ gzip:   2.10 kB[22m
[2mdist/[22m[36massets/STM32F334C8-B2P3uRYs.js           [39m[1m[2m    6.86 kB[22m[1m[22m[2m │ gzip:   2.10 kB[22m
[2mdist/[22m[36massets/STM32C051G8-DdjUvI1e.js           [39m[1m[2m    6.86 kB[22m[1m[22m[2m │ gzip:   1.97 kB[22m
[2mdist/[22m[36massets/STM32C051G6-DrVbyzCB.js           [39m[1m[2m    6.86 kB[22m[1m[22m[2m │ gzip:   1.97 kB[22m
[2mdist/[22m[36massets/STM32G0B0KE-CQTlsuVB.js           [39m[1m[2m    6.88 kB[22m[1m[22m[2m │ gzip:   2.02 kB[22m
[2mdist/[22m[36massets/STM32L412CB-BwxQE1e0.js           [39m[1m[2m    6.88 kB[22m[1m[22m[2m │ gzip:   2.06 kB[22m
[2mdist/[22m[36massets/STM32L010RB-CJ86sdXE.js           [39m[1m[2m    6.88 kB[22m[1m[22m[2m │ gzip:   2.05 kB[22m
[2mdist/[22m[36massets/STM32L412C8-lpGGghVF.js           [39m[1m[2m    6.94 kB[22m[1m[22m[2m │ gzip:   2.07 kB[22m
[2mdist/[22m[36massets/STM32L422CB-DtrZoen4.js           [39m[1m[2m    6.94 kB[22m[1m[22m[2m │ gzip:   2.07 kB[22m
[2mdist/[22m[36massets/STM32F302C6-CEXI9C2U.js           [39m[1m[2m    6.96 kB[22m[1m[22m[2m │ gzip:   2.13 kB[22m
[2mdist/[22m[36massets/STM32F302C8-C3bYowaD.js           [39m[1m[2m    6.96 kB[22m[1m[22m[2m │ gzip:   2.13 kB[22m
[2mdist/[22m[36massets/STM32F101R8-D5H76_bh.js           [39m[1m[2m    6.96 kB[22m[1m[22m[2m │ gzip:   2.11 kB[22m
[2mdist/[22m[36massets/STM32F101RB-D8LRg0Sd.js           [39m[1m[2m    6.96 kB[22m[1m[22m[2m │ gzip:   2.11 kB[22m
[2mdist/[22m[36massets/STM32U073H8-DK_Uenuo.js           [39m[1m[2m    6.98 kB[22m[1m[22m[2m │ gzip:   2.11 kB[22m
[2mdist/[22m[36massets/STM32U073HB-DtFkKUdf.js           [39m[1m[2m    6.98 kB[22m[1m[22m[2m │ gzip:   2.11 kB[22m
[2mdist/[22m[36massets/STM32U073HC-BNL0HFdo.js           [39m[1m[2m    6.98 kB[22m[1m[22m[2m │ gzip:   2.11 kB[22m
[2mdist/[22m[36massets/STM32U083HC-COBJlhe4.js           [39m[1m[2m    6.98 kB[22m[1m[22m[2m │ gzip:   2.11 kB[22m
[2mdist/[22m[36massets/STM32L431CB-DB05Kery.js           [39m[1m[2m    6.99 kB[22m[1m[22m[2m │ gzip:   2.11 kB[22m
[2mdist/[22m[36massets/STM32L431CC-BRHZRefW.js           [39m[1m[2m    6.99 kB[22m[1m[22m[2m │ gzip:   2.11 kB[22m
[2mdist/[22m[36massets/STM32F102R8-DTho3GWK.js           [39m[1m[2m    7.01 kB[22m[1m[22m[2m │ gzip:   2.13 kB[22m
[2mdist/[22m[36massets/STM32F102RB-BnQCZ5LQ.js           [39m[1m[2m    7.01 kB[22m[1m[22m[2m │ gzip:   2.13 kB[22m
[2mdist/[22m[36massets/julia-cl7-CwDS.js                 [39m[1m[2m    7.01 kB[22m[1m[22m[2m │ gzip:   2.62 kB[22m
[2mdist/[22m[36massets/STM32C091GB-mjr0YzH5.js           [39m[1m[2m    7.06 kB[22m[1m[22m[2m │ gzip:   2.04 kB[22m
[2mdist/[22m[36massets/STM32C091GC-3cncacbB.js           [39m[1m[2m    7.06 kB[22m[1m[22m[2m │ gzip:   2.04 kB[22m
[2mdist/[22m[36massets/STM32F100R4-0UWDZGuC.js           [39m[1m[2m    7.07 kB[22m[1m[22m[2m │ gzip:   2.13 kB[22m
[2mdist/[22m[36massets/STM32F100R6-Ci4Y4dYv.js           [39m[1m[2m    7.07 kB[22m[1m[22m[2m │ gzip:   2.13 kB[22m
[2mdist/[22m[36massets/STM32L433CB-lWVUhdDU.js           [39m[1m[2m    7.07 kB[22m[1m[22m[2m │ gzip:   2.14 kB[22m
[2mdist/[22m[36massets/STM32L433CC-B9NVU9AB.js           [39m[1m[2m    7.07 kB[22m[1m[22m[2m │ gzip:   2.14 kB[22m
[2mdist/[22m[36massets/STM32L443CC-So-nAW5c.js           [39m[1m[2m    7.07 kB[22m[1m[22m[2m │ gzip:   2.14 kB[22m
[2mdist/[22m[36massets/STM32F103R4-DsC74HTV.js           [39m[1m[2m    7.07 kB[22m[1m[22m[2m │ gzip:   2.11 kB[22m
[2mdist/[22m[36massets/STM32F103R6-7lUA7FWP.js           [39m[1m[2m    7.07 kB[22m[1m[22m[2m │ gzip:   2.11 kB[22m
[2mdist/[22m[36massets/STM32F098CC-G6oOIeNs.js           [39m[1m[2m    7.10 kB[22m[1m[22m[2m │ gzip:   2.14 kB[22m
[2mdist/[22m[36massets/STM32F411CC-Dlp8AR9G.js           [39m[1m[2m    7.12 kB[22m[1m[22m[2m │ gzip:   2.12 kB[22m
[2mdist/[22m[36massets/STM32F411CE-C8Qi24ez.js           [39m[1m[2m    7.12 kB[22m[1m[22m[2m │ gzip:   2.12 kB[22m
[2mdist/[22m[36massets/STM32F091CB-CdIGHQC0.js           [39m[1m[2m    7.13 kB[22m[1m[22m[2m │ gzip:   2.15 kB[22m
[2mdist/[22m[36massets/STM32F091CC-DF6U27Bs.js           [39m[1m[2m    7.13 kB[22m[1m[22m[2m │ gzip:   2.15 kB[22m
[2mdist/[22m[36massets/STM32U375CE-Dc8k4FIO.js           [39m[1m[2m    7.16 kB[22m[1m[22m[2m │ gzip:   2.16 kB[22m
[2mdist/[22m[36massets/STM32U375CG-BbyshlVL.js           [39m[1m[2m    7.16 kB[22m[1m[22m[2m │ gzip:   2.16 kB[22m
[2mdist/[22m[36massets/STM32U385CG-BJtdS6Hq.js           [39m[1m[2m    7.16 kB[22m[1m[22m[2m │ gzip:   2.16 kB[22m
[2mdist/[22m[36massets/scala-D9hQfWCl.js                 [39m[1m[2m    7.18 kB[22m[1m[22m[2m │ gzip:   2.06 kB[22m
[2mdist/[22m[36massets/STM32L051R6-Cg4-k-My.js           [39m[1m[2m    7.18 kB[22m[1m[22m[2m │ gzip:   2.13 kB[22m
[2mdist/[22m[36massets/STM32L051R8-DiANEw_s.js           [39m[1m[2m    7.18 kB[22m[1m[22m[2m │ gzip:   2.13 kB[22m
[2mdist/[22m[36massets/STM32F302CB-BIB4D0a3.js           [39m[1m[2m    7.18 kB[22m[1m[22m[2m │ gzip:   2.19 kB[22m
[2mdist/[22m[36massets/STM32F302CC-ezSeo9s2.js           [39m[1m[2m    7.18 kB[22m[1m[22m[2m │ gzip:   2.19 kB[22m
[2mdist/[22m[36massets/wgsl-BTesnYfV.js                  [39m[1m[2m    7.21 kB[22m[1m[22m[2m │ gzip:   2.72 kB[22m
[2mdist/[22m[36massets/STM32C092GB-XuW0Vp34.js           [39m[1m[2m    7.22 kB[22m[1m[22m[2m │ gzip:   2.09 kB[22m
[2mdist/[22m[36massets/STM32C092GC-ogP5XbcV.js           [39m[1m[2m    7.22 kB[22m[1m[22m[2m │ gzip:   2.09 kB[22m
[2mdist/[22m[36massets/STM32U535CB-lxxQssDa.js           [39m[1m[2m    7.24 kB[22m[1m[22m[2m │ gzip:   2.16 kB[22m
[2mdist/[22m[36massets/STM32U535CC-C7LMj3X8.js           [39m[1m[2m    7.24 kB[22m[1m[22m[2m │ gzip:   2.16 kB[22m
[2mdist/[22m[36massets/STM32U535CE-CSEeDVnq.js           [39m[1m[2m    7.24 kB[22m[1m[22m[2m │ gzip:   2.16 kB[22m
[2mdist/[22m[36massets/STM32U545CE-CpcEiIsS.js           [39m[1m[2m    7.24 kB[22m[1m[22m[2m │ gzip:   2.16 kB[22m
[2mdist/[22m[36massets/st-CHwy0fLd.js                    [39m[1m[2m    7.26 kB[22m[1m[22m[2m │ gzip:   2.21 kB[22m
[2mdist/[22m[36massets/STM32G0B1KB-CpbgG2KN.js           [39m[1m[2m    7.30 kB[22m[1m[22m[2m │ gzip:   2.18 kB[22m
[2mdist/[22m[36massets/STM32G0B1KC-BXm9ceKH.js           [39m[1m[2m    7.30 kB[22m[1m[22m[2m │ gzip:   2.18 kB[22m
[2mdist/[22m[36massets/STM32G0B1KE-mvy7W6Jo.js           [39m[1m[2m    7.30 kB[22m[1m[22m[2m │ gzip:   2.18 kB[22m
[2mdist/[22m[36massets/STM32G0C1KC-BX1WehEA.js           [39m[1m[2m    7.30 kB[22m[1m[22m[2m │ gzip:   2.18 kB[22m
[2mdist/[22m[36massets/STM32G0C1KE-DrIQDqlJ.js           [39m[1m[2m    7.30 kB[22m[1m[22m[2m │ gzip:   2.18 kB[22m
[2mdist/[22m[36massets/STM32L052R6-DxF_a2mr.js           [39m[1m[2m    7.31 kB[22m[1m[22m[2m │ gzip:   2.18 kB[22m
[2mdist/[22m[36massets/STM32L052R8-CRrz0-Cg.js           [39m[1m[2m    7.31 kB[22m[1m[22m[2m │ gzip:   2.18 kB[22m
[2mdist/[22m[36massets/STM32L053R6-CPgQ70R3.js           [39m[1m[2m    7.31 kB[22m[1m[22m[2m │ gzip:   2.19 kB[22m
[2mdist/[22m[36massets/STM32L053R8-XlQl7uMo.js           [39m[1m[2m    7.31 kB[22m[1m[22m[2m │ gzip:   2.19 kB[22m
[2mdist/[22m[36massets/STM32F030R8-CGCKoDBK.js           [39m[1m[2m    7.32 kB[22m[1m[22m[2m │ gzip:   2.20 kB[22m
[2mdist/[22m[36massets/STM32F101RC-CvPE-4Oy.js           [39m[1m[2m    7.33 kB[22m[1m[22m[2m │ gzip:   2.22 kB[22m
[2mdist/[22m[36massets/STM32F101RD-DjvOTKyt.js           [39m[1m[2m    7.33 kB[22m[1m[22m[2m │ gzip:   2.22 kB[22m
[2mdist/[22m[36massets/STM32F101RE-CojDxvVo.js           [39m[1m[2m    7.33 kB[22m[1m[22m[2m │ gzip:   2.22 kB[22m
[2mdist/[22m[36massets/STM32F051R4-CVEbAOtf.js           [39m[1m[2m    7.36 kB[22m[1m[22m[2m │ gzip:   2.21 kB[22m
[2mdist/[22m[36massets/STM32H503KB-D-iT_T7f.js           [39m[1m[2m    7.39 kB[22m[1m[22m[2m │ gzip:   2.09 kB[22m
[2mdist/[22m[36massets/STM32L451CE-BSTuYX_a.js           [39m[1m[2m    7.40 kB[22m[1m[22m[2m │ gzip:   2.21 kB[22m
[2mdist/[22m[36massets/STM32L451CC-BePBSLu2.js           [39m[1m[2m    7.40 kB[22m[1m[22m[2m │ gzip:   2.21 kB[22m
[2mdist/[22m[36massets/STM32L063R8-BdlykQMA.js           [39m[1m[2m    7.41 kB[22m[1m[22m[2m │ gzip:   2.22 kB[22m
[2mdist/[22m[36massets/systemverilog-Bs9z6M-B.js         [39m[1m[2m    7.47 kB[22m[1m[22m[2m │ gzip:   2.72 kB[22m
[2mdist/[22m[36massets/STM32F410R8-Dm71KIW_.js           [39m[1m[2m    7.48 kB[22m[1m[22m[2m │ gzip:   2.26 kB[22m
[2mdist/[22m[36massets/STM32L452CE-Da0B1gXy.js           [39m[1m[2m    7.48 kB[22m[1m[22m[2m │ gzip:   2.24 kB[22m
[2mdist/[22m[36massets/STM32L462CE-CF6F4dYE.js           [39m[1m[2m    7.48 kB[22m[1m[22m[2m │ gzip:   2.24 kB[22m
[2mdist/[22m[36massets/STM32F410RB-DUleHIee.js           [39m[1m[2m    7.48 kB[22m[1m[22m[2m │ gzip:   2.26 kB[22m
[2mdist/[22m[36massets/STM32L452CC-BiwMpARE.js           [39m[1m[2m    7.48 kB[22m[1m[22m[2m │ gzip:   2.24 kB[22m
[2mdist/[22m[36massets/STM32F051R6-B1Wqtn_R.js           [39m[1m[2m    7.50 kB[22m[1m[22m[2m │ gzip:   2.24 kB[22m
[2mdist/[22m[36massets/STM32F100R8-Dghb7lDV.js           [39m[1m[2m    7.57 kB[22m[1m[22m[2m │ gzip:   2.26 kB[22m
[2mdist/[22m[36massets/STM32F100RB-CHFairbL.js           [39m[1m[2m    7.57 kB[22m[1m[22m[2m │ gzip:   2.26 kB[22m
[2mdist/[22m[36massets/STM32G030C6-BKEqZxCq.js           [39m[1m[2m    7.57 kB[22m[1m[22m[2m │ gzip:   2.18 kB[22m
[2mdist/[22m[36massets/STM32C071K8-CPfhOnqg.js           [39m[1m[2m    7.58 kB[22m[1m[22m[2m │ gzip:   2.11 kB[22m
[2mdist/[22m[36massets/STM32G030C8-D-M6Dprk.js           [39m[1m[2m    7.58 kB[22m[1m[22m[2m │ gzip:   2.18 kB[22m
[2mdist/[22m[36massets/STM32C071KB-5a9qiLWO.js           [39m[1m[2m    7.58 kB[22m[1m[22m[2m │ gzip:   2.11 kB[22m
[2mdist/[22m[36massets/STM32F412CE-BUC_QdP8.js           [39m[1m[2m    7.58 kB[22m[1m[22m[2m │ gzip:   2.24 kB[22m
[2mdist/[22m[36massets/STM32F412CG-BlKQQT7U.js           [39m[1m[2m    7.58 kB[22m[1m[22m[2m │ gzip:   2.24 kB[22m
[2mdist/[22m[36massets/STM32U575CG-C5ls6aYL.js           [39m[1m[2m    7.58 kB[22m[1m[22m[2m │ gzip:   2.24 kB[22m
[2mdist/[22m[36massets/STM32U575CI-BnbeKf4i.js           [39m[1m[2m    7.58 kB[22m[1m[22m[2m │ gzip:   2.24 kB[22m
[2mdist/[22m[36massets/STM32U585CI-BUAqFXAE.js           [39m[1m[2m    7.58 kB[22m[1m[22m[2m │ gzip:   2.24 kB[22m
[2mdist/[22m[36massets/STM32U031C6-CIi-E5MC.js           [39m[1m[2m    7.59 kB[22m[1m[22m[2m │ gzip:   2.19 kB[22m
[2mdist/[22m[36massets/STM32U031C8-B_fKfGKn.js           [39m[1m[2m    7.59 kB[22m[1m[22m[2m │ gzip:   2.19 kB[22m
[2mdist/[22m[36massets/STM32F101RF-CuzqOC6k.js           [39m[1m[2m    7.60 kB[22m[1m[22m[2m │ gzip:   2.28 kB[22m
[2mdist/[22m[36massets/STM32F101RG-B3kIFL_a.js           [39m[1m[2m    7.60 kB[22m[1m[22m[2m │ gzip:   2.28 kB[22m
[2mdist/[22m[36massets/STM32F358CC-DZDUdvFm.js           [39m[1m[2m    7.60 kB[22m[1m[22m[2m │ gzip:   2.26 kB[22m
[2mdist/[22m[36massets/STM32F058R8-BAjt0SdV.js           [39m[1m[2m    7.64 kB[22m[1m[22m[2m │ gzip:   2.28 kB[22m
[2mdist/[22m[36massets/STM32F103R8-Cf9HwXJh.js           [39m[1m[2m    7.64 kB[22m[1m[22m[2m │ gzip:   2.24 kB[22m
[2mdist/[22m[36massets/STM32F103RB-CwF6__ET.js           [39m[1m[2m    7.64 kB[22m[1m[22m[2m │ gzip:   2.24 kB[22m
[2mdist/[22m[36massets/STM32C051K8-CQp2I3sQ.js           [39m[1m[2m    7.65 kB[22m[1m[22m[2m │ gzip:   2.10 kB[22m
[2mdist/[22m[36massets/STM32L100R8-DxGwBBAa.js           [39m[1m[2m    7.65 kB[22m[1m[22m[2m │ gzip:   2.28 kB[22m
[2mdist/[22m[36massets/STM32L151R6-ZML-jGyu.js           [39m[1m[2m    7.65 kB[22m[1m[22m[2m │ gzip:   2.28 kB[22m
[2mdist/[22m[36massets/STM32L151R8-CnLD-mJd.js           [39m[1m[2m    7.65 kB[22m[1m[22m[2m │ gzip:   2.28 kB[22m
[2mdist/[22m[36massets/STM32L152R6-4kPDAsDD.js           [39m[1m[2m    7.65 kB[22m[1m[22m[2m │ gzip:   2.28 kB[22m
[2mdist/[22m[36massets/STM32L152R8-BcA4FCnz.js           [39m[1m[2m    7.65 kB[22m[1m[22m[2m │ gzip:   2.28 kB[22m
[2mdist/[22m[36massets/STM32C051K6-CYcxsTMp.js           [39m[1m[2m    7.65 kB[22m[1m[22m[2m │ gzip:   2.10 kB[22m
[2mdist/[22m[36massets/STM32L100RB-BSDPMc6o.js           [39m[1m[2m    7.65 kB[22m[1m[22m[2m │ gzip:   2.28 kB[22m
[2mdist/[22m[36massets/STM32L151RB-Qj5aWlg9.js           [39m[1m[2m    7.65 kB[22m[1m[22m[2m │ gzip:   2.28 kB[22m
[2mdist/[22m[36massets/STM32L152RB-CtOeHfN4.js           [39m[1m[2m    7.65 kB[22m[1m[22m[2m │ gzip:   2.28 kB[22m
[2mdist/[22m[36massets/STM32F051R8-ZYFoF5b3.js           [39m[1m[2m    7.66 kB[22m[1m[22m[2m │ gzip:   2.28 kB[22m
[2mdist/[22m[36massets/STM32F303CB-BrC2QDG3.js           [39m[1m[2m    7.71 kB[22m[1m[22m[2m │ gzip:   2.30 kB[22m
[2mdist/[22m[36massets/STM32F303CC-BuI3_WTj.js           [39m[1m[2m    7.71 kB[22m[1m[22m[2m │ gzip:   2.30 kB[22m
[2mdist/[22m[36massets/postiats-CocnycG-.js              [39m[1m[2m    7.72 kB[22m[1m[22m[2m │ gzip:   2.40 kB[22m
[2mdist/[22m[36massets/STM32G050C6-BAQcEyXW.js           [39m[1m[2m    7.83 kB[22m[1m[22m[2m │ gzip:   2.23 kB[22m
[2mdist/[22m[36massets/STM32G050C8-UOvTjRh1.js           [39m[1m[2m    7.83 kB[22m[1m[22m[2m │ gzip:   2.23 kB[22m
[2mdist/[22m[36massets/STM32F378CC-BQmwbzl4.js           [39m[1m[2m    7.83 kB[22m[1m[22m[2m │ gzip:   2.29 kB[22m
[2mdist/[22m[36massets/STM32L100RC-DYCB7QS_.js           [39m[1m[2m    7.84 kB[22m[1m[22m[2m │ gzip:   2.31 kB[22m
[2mdist/[22m[36massets/STM32F070RB-O9Xf7KvD.js           [39m[1m[2m    7.86 kB[22m[1m[22m[2m │ gzip:   2.31 kB[22m
[2mdist/[22m[36massets/STM32C091KB-Cqr7UCgs.js           [39m[1m[2m    7.88 kB[22m[1m[22m[2m │ gzip:   2.17 kB[22m
[2mdist/[22m[36massets/STM32C091KC-Wgmv1-Rb.js           [39m[1m[2m    7.88 kB[22m[1m[22m[2m │ gzip:   2.17 kB[22m
[2mdist/[22m[36massets/php-BBUBE1dy.js                   [39m[1m[2m    7.89 kB[22m[1m[22m[2m │ gzip:   2.04 kB[22m
[2mdist/[22m[36massets/STM32L552CE-uUJazIaq.js           [39m[1m[2m    7.90 kB[22m[1m[22m[2m │ gzip:   2.31 kB[22m
[2mdist/[22m[36massets/STM32L562CE-C9aTUDOq.js           [39m[1m[2m    7.90 kB[22m[1m[22m[2m │ gzip:   2.30 kB[22m
[2mdist/[22m[36massets/STM32F373C8-DT_Y9_TN.js           [39m[1m[2m    7.91 kB[22m[1m[22m[2m │ gzip:   2.32 kB[22m
[2mdist/[22m[36massets/STM32F373CB-76V8ON3t.js           [39m[1m[2m    7.91 kB[22m[1m[22m[2m │ gzip:   2.32 kB[22m
[2mdist/[22m[36massets/STM32F373CC-_jpD67p2.js           [39m[1m[2m    7.91 kB[22m[1m[22m[2m │ gzip:   2.32 kB[22m
[2mdist/[22m[36massets/STM32L151UC-DAJbeIuL.js           [39m[1m[2m    7.96 kB[22m[1m[22m[2m │ gzip:   2.37 kB[22m
[2mdist/[22m[36massets/STM32L152UC-Cbu1Jb8x.js           [39m[1m[2m    7.96 kB[22m[1m[22m[2m │ gzip:   2.37 kB[22m
[2mdist/[22m[36massets/STM32L151RC-CoUrIEZ4.js           [39m[1m[2m    7.99 kB[22m[1m[22m[2m │ gzip:   2.36 kB[22m
[2mdist/[22m[36massets/STM32L152RC-Cks55NGF.js           [39m[1m[2m    7.99 kB[22m[1m[22m[2m │ gzip:   2.36 kB[22m
[2mdist/[22m[36massets/STM32L162RC-BJKKL-jV.js           [39m[1m[2m    7.99 kB[22m[1m[22m[2m │ gzip:   2.36 kB[22m
[2mdist/[22m[36massets/STM32WB55RC-CgUcuXA8.js           [39m[1m[2m    8.00 kB[22m[1m[22m[2m │ gzip:   2.33 kB[22m
[2mdist/[22m[36massets/STM32WB55RE-B8TFqd8p.js           [39m[1m[2m    8.00 kB[22m[1m[22m[2m │ gzip:   2.33 kB[22m
[2mdist/[22m[36massets/STM32WB55RG-MzkNUwCw.js           [39m[1m[2m    8.00 kB[22m[1m[22m[2m │ gzip:   2.33 kB[22m
[2mdist/[22m[36massets/STM32L552CC-BmlCk8Ry.js           [39m[1m[2m    8.01 kB[22m[1m[22m[2m │ gzip:   2.33 kB[22m
[2mdist/[22m[36massets/STM32U073C8-C1MGDjHn.js           [39m[1m[2m    8.03 kB[22m[1m[22m[2m │ gzip:   2.31 kB[22m
[2mdist/[22m[36massets/STM32U073CB-B3nyhadI.js           [39m[1m[2m    8.03 kB[22m[1m[22m[2m │ gzip:   2.31 kB[22m
[2mdist/[22m[36massets/STM32U073CC-CKNCdIh4.js           [39m[1m[2m    8.03 kB[22m[1m[22m[2m │ gzip:   2.31 kB[22m
[2mdist/[22m[36massets/STM32U083CC-CxxWDYO8.js           [39m[1m[2m    8.03 kB[22m[1m[22m[2m │ gzip:   2.31 kB[22m
[2mdist/[22m[36massets/STM32C092KB-mlV0OJrc.js           [39m[1m[2m    8.05 kB[22m[1m[22m[2m │ gzip:   2.22 kB[22m
[2mdist/[22m[36massets/STM32C092KC-C0i8Y1y0.js           [39m[1m[2m    8.05 kB[22m[1m[22m[2m │ gzip:   2.22 kB[22m
[2mdist/[22m[36massets/STM32C031C4-BrMuEfhy.js           [39m[1m[2m    8.06 kB[22m[1m[22m[2m │ gzip:   2.28 kB[22m
[2mdist/[22m[36massets/STM32C031C6-DeykFp6-.js           [39m[1m[2m    8.06 kB[22m[1m[22m[2m │ gzip:   2.28 kB[22m
[2mdist/[22m[36massets/STM32F413CG-DhTtF4Id.js           [39m[1m[2m    8.08 kB[22m[1m[22m[2m │ gzip:   2.38 kB[22m
[2mdist/[22m[36massets/STM32F413CH-5JFwdkzs.js           [39m[1m[2m    8.08 kB[22m[1m[22m[2m │ gzip:   2.38 kB[22m
[2mdist/[22m[36massets/STM32F423CH-Ckx5DebI.js           [39m[1m[2m    8.08 kB[22m[1m[22m[2m │ gzip:   2.38 kB[22m
[2mdist/[22m[36massets/STM32L151RE-U7nvMDJR.js           [39m[1m[2m    8.09 kB[22m[1m[22m[2m │ gzip:   2.38 kB[22m
[2mdist/[22m[36massets/STM32L152RE-_7pLfaQ2.js           [39m[1m[2m    8.09 kB[22m[1m[22m[2m │ gzip:   2.39 kB[22m
[2mdist/[22m[36massets/STM32L162RE-CiEKTs7M.js           [39m[1m[2m    8.09 kB[22m[1m[22m[2m │ gzip:   2.39 kB[22m
[2mdist/[22m[36massets/STM32G070CB-BKQkdKja.js           [39m[1m[2m    8.10 kB[22m[1m[22m[2m │ gzip:   2.28 kB[22m
[2mdist/[22m[36massets/perl-Ub6l9XKa.js                  [39m[1m[2m    8.12 kB[22m[1m[22m[2m │ gzip:   3.10 kB[22m
[2mdist/[22m[36massets/STM32U535NC-BTz0AL7W.js           [39m[1m[2m    8.12 kB[22m[1m[22m[2m │ gzip:   2.39 kB[22m
[2mdist/[22m[36massets/STM32U535NE-BeUuj0Ic.js           [39m[1m[2m    8.12 kB[22m[1m[22m[2m │ gzip:   2.39 kB[22m
[2mdist/[22m[36massets/STM32U545NE-CBM5aiex.js           [39m[1m[2m    8.12 kB[22m[1m[22m[2m │ gzip:   2.39 kB[22m
[2mdist/[22m[36massets/STM32L071RB-BeL-0ZRj.js           [39m[1m[2m    8.13 kB[22m[1m[22m[2m │ gzip:   2.33 kB[22m
[2mdist/[22m[36massets/STM32L071RZ-CizomeLd.js           [39m[1m[2m    8.13 kB[22m[1m[22m[2m │ gzip:   2.33 kB[22m
[2mdist/[22m[36massets/STM32F071RB-CIs2LK8Q.js           [39m[1m[2m    8.13 kB[22m[1m[22m[2m │ gzip:   2.37 kB[22m
[2mdist/[22m[36massets/STM32G031C4-CstW1gXM.js           [39m[1m[2m    8.15 kB[22m[1m[22m[2m │ gzip:   2.29 kB[22m
[2mdist/[22m[36massets/STM32G031C6-D_WQ5Av9.js           [39m[1m[2m    8.15 kB[22m[1m[22m[2m │ gzip:   2.29 kB[22m
[2mdist/[22m[36massets/STM32G041C6-Bf3qbT6B.js           [39m[1m[2m    8.15 kB[22m[1m[22m[2m │ gzip:   2.29 kB[22m
[2mdist/[22m[36massets/STM32L4P5CG-DoWbSj2H.js           [39m[1m[2m    8.15 kB[22m[1m[22m[2m │ gzip:   2.39 kB[22m
[2mdist/[22m[36massets/STM32L4Q5CG-uJ_rPn6b.js           [39m[1m[2m    8.15 kB[22m[1m[22m[2m │ gzip:   2.39 kB[22m
[2mdist/[22m[36massets/STM32G031C8-D6e5D91K.js           [39m[1m[2m    8.15 kB[22m[1m[22m[2m │ gzip:   2.29 kB[22m
[2mdist/[22m[36massets/STM32G041C8-B1Eo7roy.js           [39m[1m[2m    8.15 kB[22m[1m[22m[2m │ gzip:   2.29 kB[22m
[2mdist/[22m[36massets/STM32L151RD-C5a9gYUh.js           [39m[1m[2m    8.15 kB[22m[1m[22m[2m │ gzip:   2.41 kB[22m
[2mdist/[22m[36massets/STM32L152RD-Y7f5eMHW.js           [39m[1m[2m    8.15 kB[22m[1m[22m[2m │ gzip:   2.41 kB[22m
[2mdist/[22m[36massets/STM32L162RD-IGp4-n9A.js           [39m[1m[2m    8.15 kB[22m[1m[22m[2m │ gzip:   2.41 kB[22m
[2mdist/[22m[36massets/STM32F401RB-Rpd0pEN3.js           [39m[1m[2m    8.16 kB[22m[1m[22m[2m │ gzip:   2.42 kB[22m
[2mdist/[22m[36massets/STM32F401RC-C6l-R66v.js           [39m[1m[2m    8.16 kB[22m[1m[22m[2m │ gzip:   2.42 kB[22m
[2mdist/[22m[36massets/STM32F401RD-Dt6SNRSg.js           [39m[1m[2m    8.16 kB[22m[1m[22m[2m │ gzip:   2.41 kB[22m
[2mdist/[22m[36massets/STM32F401RE-CiCaRM3j.js           [39m[1m[2m    8.16 kB[22m[1m[22m[2m │ gzip:   2.42 kB[22m
[2mdist/[22m[36massets/STM32F078RB-CMRT-_Yk.js           [39m[1m[2m    8.18 kB[22m[1m[22m[2m │ gzip:   2.39 kB[22m
[2mdist/[22m[36massets/STM32F100RC-nAaXijTV.js           [39m[1m[2m    8.18 kB[22m[1m[22m[2m │ gzip:   2.40 kB[22m
[2mdist/[22m[36massets/STM32F100RD-BJu471tI.js           [39m[1m[2m    8.18 kB[22m[1m[22m[2m │ gzip:   2.40 kB[22m
[2mdist/[22m[36massets/STM32F100RE-CCrUoN1N.js           [39m[1m[2m    8.18 kB[22m[1m[22m[2m │ gzip:   2.40 kB[22m
[2mdist/[22m[36massets/STM32F030RC-Br-IMDQs.js           [39m[1m[2m    8.20 kB[22m[1m[22m[2m │ gzip:   2.38 kB[22m
[2mdist/[22m[36massets/STM32F301R6-DlRUjX3D.js           [39m[1m[2m    8.21 kB[22m[1m[22m[2m │ gzip:   2.39 kB[22m
[2mdist/[22m[36massets/STM32F301R8-Q2KKNGHX.js           [39m[1m[2m    8.21 kB[22m[1m[22m[2m │ gzip:   2.40 kB[22m
[2mdist/[22m[36massets/STM32L4P5CE-wayslS6I.js           [39m[1m[2m    8.24 kB[22m[1m[22m[2m │ gzip:   2.40 kB[22m
[2mdist/[22m[36massets/STM32G431C6-9NGuPZqo.js           [39m[1m[2m    8.28 kB[22m[1m[22m[2m │ gzip:   2.43 kB[22m
[2mdist/[22m[36massets/STM32G431C8-xMBiemUo.js           [39m[1m[2m    8.28 kB[22m[1m[22m[2m │ gzip:   2.43 kB[22m
[2mdist/[22m[36massets/STM32G431CB-BIOwS-Ql.js           [39m[1m[2m    8.28 kB[22m[1m[22m[2m │ gzip:   2.43 kB[22m
[2mdist/[22m[36massets/STM32G441CB-S2Nj8BEt.js           [39m[1m[2m    8.28 kB[22m[1m[22m[2m │ gzip:   2.43 kB[22m
[2mdist/[22m[36massets/STM32F072R8-Cx5qzMbE.js           [39m[1m[2m    8.30 kB[22m[1m[22m[2m │ gzip:   2.43 kB[22m
[2mdist/[22m[36massets/STM32F072RB-BwBDebUK.js           [39m[1m[2m    8.30 kB[22m[1m[22m[2m │ gzip:   2.43 kB[22m
[2mdist/[22m[36massets/STM32L072RB-DG9gs6uT.js           [39m[1m[2m    8.30 kB[22m[1m[22m[2m │ gzip:   2.40 kB[22m
[2mdist/[22m[36massets/STM32L072RZ-CVZl494g.js           [39m[1m[2m    8.30 kB[22m[1m[22m[2m │ gzip:   2.40 kB[22m
[2mdist/[22m[36massets/STM32L073RB-BbKCNn4p.js           [39m[1m[2m    8.30 kB[22m[1m[22m[2m │ gzip:   2.40 kB[22m
[2mdist/[22m[36massets/STM32L073RZ-ePz9EPl2.js           [39m[1m[2m    8.30 kB[22m[1m[22m[2m │ gzip:   2.40 kB[22m
[2mdist/[22m[36massets/STM32L083RB-DtwC0CMz.js           [39m[1m[2m    8.30 kB[22m[1m[22m[2m │ gzip:   2.40 kB[22m
[2mdist/[22m[36massets/STM32L083RZ-DVceGTBb.js           [39m[1m[2m    8.30 kB[22m[1m[22m[2m │ gzip:   2.40 kB[22m
[2mdist/[22m[36massets/razor-qGYL5-mV.js                 [39m[1m[2m    8.30 kB[22m[1m[22m[2m │ gzip:   2.07 kB[22m
[2mdist/[22m[36massets/STM32H523CC-CmnurtiD.js           [39m[1m[2m    8.32 kB[22m[1m[22m[2m │ gzip:   2.37 kB[22m
[2mdist/[22m[36massets/STM32H523CE-r2QaJhbK.js           [39m[1m[2m    8.32 kB[22m[1m[22m[2m │ gzip:   2.37 kB[22m
[2mdist/[22m[36massets/STM32H533CE-AMPSGyYe.js           [39m[1m[2m    8.32 kB[22m[1m[22m[2m │ gzip:   2.37 kB[22m
[2mdist/[22m[36massets/STM32F302R6-BSYxueLh.js           [39m[1m[2m    8.34 kB[22m[1m[22m[2m │ gzip:   2.45 kB[22m
[2mdist/[22m[36massets/STM32F302R8-x2M5m2Hw.js           [39m[1m[2m    8.34 kB[22m[1m[22m[2m │ gzip:   2.45 kB[22m
[2mdist/[22m[36massets/ruby-zBfavPgS.js                  [39m[1m[2m    8.37 kB[22m[1m[22m[2m │ gzip:   2.54 kB[22m
[2mdist/[22m[36massets/STM32F303R6-BryQa9lZ.js           [39m[1m[2m    8.38 kB[22m[1m[22m[2m │ gzip:   2.44 kB[22m
[2mdist/[22m[36massets/STM32F303R8-CXep3O1H.js           [39m[1m[2m    8.38 kB[22m[1m[22m[2m │ gzip:   2.44 kB[22m
[2mdist/[22m[36massets/STM32F334R6-DGBwSkXN.js           [39m[1m[2m    8.38 kB[22m[1m[22m[2m │ gzip:   2.44 kB[22m
[2mdist/[22m[36massets/STM32F334R8-Dsl6ZJWD.js           [39m[1m[2m    8.38 kB[22m[1m[22m[2m │ gzip:   2.44 kB[22m
[2mdist/[22m[36massets/STM32G051C6-C5pARuHx.js           [39m[1m[2m    8.39 kB[22m[1m[22m[2m │ gzip:   2.36 kB[22m
[2mdist/[22m[36massets/STM32G061C6-BPKY4_Q7.js           [39m[1m[2m    8.39 kB[22m[1m[22m[2m │ gzip:   2.36 kB[22m
[2mdist/[22m[36massets/STM32G051C8-CeB4QS8O.js           [39m[1m[2m    8.39 kB[22m[1m[22m[2m │ gzip:   2.36 kB[22m
[2mdist/[22m[36massets/STM32G061C8-C9UcNMd-.js           [39m[1m[2m    8.39 kB[22m[1m[22m[2m │ gzip:   2.36 kB[22m
[2mdist/[22m[36massets/STM32F105R8-qONfApXZ.js           [39m[1m[2m    8.39 kB[22m[1m[22m[2m │ gzip:   2.44 kB[22m
[2mdist/[22m[36massets/STM32F105RB-CgxGnmCH.js           [39m[1m[2m    8.39 kB[22m[1m[22m[2m │ gzip:   2.44 kB[22m
[2mdist/[22m[36massets/STM32F105RC-BDwIskxn.js           [39m[1m[2m    8.39 kB[22m[1m[22m[2m │ gzip:   2.44 kB[22m
[2mdist/[22m[36massets/STM32WL54JC-Dgv3bQF3.js           [39m[1m[2m    8.40 kB[22m[1m[22m[2m │ gzip:   2.35 kB[22m
[2mdist/[22m[36massets/STM32WL55JC-B12EePFN.js           [39m[1m[2m    8.40 kB[22m[1m[22m[2m │ gzip:   2.35 kB[22m
[2mdist/[22m[36massets/STM32L412RB-DLviU_gE.js           [39m[1m[2m    8.41 kB[22m[1m[22m[2m │ gzip:   2.39 kB[22m
[2mdist/[22m[36massets/STM32WLE4J8-PrA_jeMr.js           [39m[1m[2m    8.41 kB[22m[1m[22m[2m │ gzip:   2.36 kB[22m
[2mdist/[22m[36massets/STM32WLE4JB-DjS5mrGx.js           [39m[1m[2m    8.41 kB[22m[1m[22m[2m │ gzip:   2.36 kB[22m
[2mdist/[22m[36massets/STM32WLE4JC-QxDo4BuX.js           [39m[1m[2m    8.41 kB[22m[1m[22m[2m │ gzip:   2.36 kB[22m
[2mdist/[22m[36massets/STM32WLE5J8-BMJQdotH.js           [39m[1m[2m    8.41 kB[22m[1m[22m[2m │ gzip:   2.36 kB[22m
[2mdist/[22m[36massets/STM32WLE5JB-BRM4RCOJ.js           [39m[1m[2m    8.41 kB[22m[1m[22m[2m │ gzip:   2.36 kB[22m
[2mdist/[22m[36massets/STM32WLE5JC-DEWQk6FE.js           [39m[1m[2m    8.41 kB[22m[1m[22m[2m │ gzip:   2.36 kB[22m
[2mdist/[22m[36massets/STM32L412R8-CGD0I4wg.js           [39m[1m[2m    8.44 kB[22m[1m[22m[2m │ gzip:   2.40 kB[22m
[2mdist/[22m[36massets/STM32L422RB-CCBFGz64.js           [39m[1m[2m    8.45 kB[22m[1m[22m[2m │ gzip:   2.40 kB[22m
[2mdist/[22m[36massets/STM32F103RC-B5IGHw3Q.js           [39m[1m[2m    8.47 kB[22m[1m[22m[2m │ gzip:   2.45 kB[22m
[2mdist/[22m[36massets/STM32F103RD-CK386Ker.js           [39m[1m[2m    8.47 kB[22m[1m[22m[2m │ gzip:   2.45 kB[22m
[2mdist/[22m[36massets/STM32F103RE-BkHDhQ9M.js           [39m[1m[2m    8.47 kB[22m[1m[22m[2m │ gzip:   2.45 kB[22m
[2mdist/[22m[36massets/STM32G491CC-Cmld1rkZ.js           [39m[1m[2m    8.50 kB[22m[1m[22m[2m │ gzip:   2.49 kB[22m
[2mdist/[22m[36massets/STM32G491CE-CFbjF6_M.js           [39m[1m[2m    8.50 kB[22m[1m[22m[2m │ gzip:   2.49 kB[22m
[2mdist/[22m[36massets/STM32G4A1CE-BpVRA-Ms.js           [39m[1m[2m    8.50 kB[22m[1m[22m[2m │ gzip:   2.49 kB[22m
[2mdist/[22m[36massets/STM32G471CC-BllvPaeN.js           [39m[1m[2m    8.54 kB[22m[1m[22m[2m │ gzip:   2.50 kB[22m
[2mdist/[22m[36massets/STM32G471CE-DXBSJ28W.js           [39m[1m[2m    8.54 kB[22m[1m[22m[2m │ gzip:   2.50 kB[22m
[2mdist/[22m[36massets/STM32L431RB-CuJW-ARB.js           [39m[1m[2m    8.58 kB[22m[1m[22m[2m │ gzip:   2.49 kB[22m
[2mdist/[22m[36massets/STM32L431RC-B3Vutpdz.js           [39m[1m[2m    8.58 kB[22m[1m[22m[2m │ gzip:   2.49 kB[22m
[2mdist/[22m[36massets/STM32F107RB-BmiF7OU8.js           [39m[1m[2m    8.61 kB[22m[1m[22m[2m │ gzip:   2.46 kB[22m
[2mdist/[22m[36massets/STM32F107RC-p1QCENC1.js           [39m[1m[2m    8.61 kB[22m[1m[22m[2m │ gzip:   2.46 kB[22m
[2mdist/[22m[36massets/STM32L433RC-Dj8ZRV6Q.js           [39m[1m[2m    8.63 kB[22m[1m[22m[2m │ gzip:   2.52 kB[22m
[2mdist/[22m[36massets/STM32L433RB-BTrXAPcR.js           [39m[1m[2m    8.67 kB[22m[1m[22m[2m │ gzip:   2.53 kB[22m
[2mdist/[22m[36massets/STM32L443RC-DtReOCSs.js           [39m[1m[2m    8.67 kB[22m[1m[22m[2m │ gzip:   2.53 kB[22m
[2mdist/[22m[36massets/STM32G071C6-DCGqb482.js           [39m[1m[2m    8.68 kB[22m[1m[22m[2m │ gzip:   2.41 kB[22m
[2mdist/[22m[36massets/STM32F411RC-DCMfaRg9.js           [39m[1m[2m    8.68 kB[22m[1m[22m[2m │ gzip:   2.49 kB[22m
[2mdist/[22m[36massets/STM32F411RE-Bf4CvvU-.js           [39m[1m[2m    8.68 kB[22m[1m[22m[2m │ gzip:   2.49 kB[22m
[2mdist/[22m[36massets/STM32G071C8-BLSWsmLy.js           [39m[1m[2m    8.68 kB[22m[1m[22m[2m │ gzip:   2.41 kB[22m
[2mdist/[22m[36massets/STM32G071CB-w-6Bn-2P.js           [39m[1m[2m    8.68 kB[22m[1m[22m[2m │ gzip:   2.41 kB[22m
[2mdist/[22m[36massets/STM32G081CB-D_YZzHlB.js           [39m[1m[2m    8.68 kB[22m[1m[22m[2m │ gzip:   2.41 kB[22m
[2mdist/[22m[36massets/STM32F103RF-CsManNgB.js           [39m[1m[2m    8.70 kB[22m[1m[22m[2m │ gzip:   2.51 kB[22m
[2mdist/[22m[36massets/STM32F103RG-BRYpz6VB.js           [39m[1m[2m    8.71 kB[22m[1m[22m[2m │ gzip:   2.51 kB[22m
[2mdist/[22m[36massets/STM32WBA65RG-DzDzQtjL.js          [39m[1m[2m    8.73 kB[22m[1m[22m[2m │ gzip:   2.51 kB[22m
[2mdist/[22m[36massets/STM32WBA65RI-BltBCft1.js          [39m[1m[2m    8.73 kB[22m[1m[22m[2m │ gzip:   2.51 kB[22m
[2mdist/[22m[36massets/STM32F098RC-EinslNwB.js           [39m[1m[2m    8.81 kB[22m[1m[22m[2m │ gzip:   2.54 kB[22m
[2mdist/[22m[36massets/STM32F091RB-QAyG3EjL.js           [39m[1m[2m    8.84 kB[22m[1m[22m[2m │ gzip:   2.55 kB[22m
[2mdist/[22m[36massets/STM32F091RC-F7D1v-Fx.js           [39m[1m[2m    8.84 kB[22m[1m[22m[2m │ gzip:   2.55 kB[22m
[2mdist/[22m[36massets/STM32F302RB-CRNK38VG.js           [39m[1m[2m    8.84 kB[22m[1m[22m[2m │ gzip:   2.60 kB[22m
[2mdist/[22m[36massets/STM32F302RC-DZmR_tSP.js           [39m[1m[2m    8.84 kB[22m[1m[22m[2m │ gzip:   2.60 kB[22m
[2mdist/[22m[36massets/protobuf-Brw8urJB.js              [39m[1m[2m    8.91 kB[22m[1m[22m[2m │ gzip:   2.04 kB[22m
[2mdist/[22m[36massets/STM32H503CB-CcsmfZD4.js           [39m[1m[2m    8.92 kB[22m[1m[22m[2m │ gzip:   2.39 kB[22m
[2mdist/[22m[36massets/STM32G473CB-1UYzscev.js           [39m[1m[2m    8.96 kB[22m[1m[22m[2m │ gzip:   2.60 kB[22m
[2mdist/[22m[36massets/STM32G473CC-DT9uIAjK.js           [39m[1m[2m    8.96 kB[22m[1m[22m[2m │ gzip:   2.60 kB[22m
[2mdist/[22m[36massets/STM32G473CE-CCWPPcm-.js           [39m[1m[2m    8.96 kB[22m[1m[22m[2m │ gzip:   2.60 kB[22m
[2mdist/[22m[36massets/STM32G474CB-BXvvbWH5.js           [39m[1m[2m    8.96 kB[22m[1m[22m[2m │ gzip:   2.60 kB[22m
[2mdist/[22m[36massets/STM32G474CC-Dg642hI7.js           [39m[1m[2m    8.96 kB[22m[1m[22m[2m │ gzip:   2.60 kB[22m
[2mdist/[22m[36massets/STM32G474CE-BacVYrxF.js           [39m[1m[2m    8.96 kB[22m[1m[22m[2m │ gzip:   2.60 kB[22m
[2mdist/[22m[36massets/STM32G483CE-UxOLEsPc.js           [39m[1m[2m    8.96 kB[22m[1m[22m[2m │ gzip:   2.60 kB[22m
[2mdist/[22m[36massets/STM32G484CE-BmPTE1Rn.js           [39m[1m[2m    8.96 kB[22m[1m[22m[2m │ gzip:   2.60 kB[22m
[2mdist/[22m[36massets/STM32G0B0CE-DlHdpbfm.js           [39m[1m[2m    8.96 kB[22m[1m[22m[2m │ gzip:   2.46 kB[22m
[2mdist/[22m[36massets/STM32U375RE-BLGD0ZNy.js           [39m[1m[2m    9.14 kB[22m[1m[22m[2m │ gzip:   2.65 kB[22m
[2mdist/[22m[36massets/STM32U375RG-DNNT_tU0.js           [39m[1m[2m    9.15 kB[22m[1m[22m[2m │ gzip:   2.65 kB[22m
[2mdist/[22m[36massets/STM32U385RG-BecpQmfe.js           [39m[1m[2m    9.15 kB[22m[1m[22m[2m │ gzip:   2.65 kB[22m
[2mdist/[22m[36massets/STM32L451RC-CQImUzKT.js           [39m[1m[2m    9.17 kB[22m[1m[22m[2m │ gzip:   2.63 kB[22m
[2mdist/[22m[36massets/STM32L451RE-BVlIL1QI.js           [39m[1m[2m    9.17 kB[22m[1m[22m[2m │ gzip:   2.63 kB[22m
[2mdist/[22m[36massets/STM32U031R6-BmLvaxyQ.js           [39m[1m[2m    9.22 kB[22m[1m[22m[2m │ gzip:   2.56 kB[22m
[2mdist/[22m[36massets/STM32U031R8-BpyK-ls5.js           [39m[1m[2m    9.22 kB[22m[1m[22m[2m │ gzip:   2.57 kB[22m
[2mdist/[22m[36massets/STM32L452RE-Be8mPzUO.js           [39m[1m[2m    9.23 kB[22m[1m[22m[2m │ gzip:   2.66 kB[22m
[2mdist/[22m[36massets/STM32F302RD-CQvW5_00.js           [39m[1m[2m    9.24 kB[22m[1m[22m[2m │ gzip:   2.66 kB[22m
[2mdist/[22m[36massets/STM32F302RE-CsDfVMqi.js           [39m[1m[2m    9.24 kB[22m[1m[22m[2m │ gzip:   2.66 kB[22m
[2mdist/[22m[36massets/STM32L452RC-C_yogq97.js           [39m[1m[2m    9.28 kB[22m[1m[22m[2m │ gzip:   2.67 kB[22m
[2mdist/[22m[36massets/STM32L462RE-BAhnJeL_.js           [39m[1m[2m    9.28 kB[22m[1m[22m[2m │ gzip:   2.67 kB[22m
[2mdist/[22m[36massets/STM32F101V8-DW-mCqYh.js           [39m[1m[2m    9.31 kB[22m[1m[22m[2m │ gzip:   2.63 kB[22m
[2mdist/[22m[36massets/STM32F101VB-DV0w9p6x.js           [39m[1m[2m    9.31 kB[22m[1m[22m[2m │ gzip:   2.63 kB[22m
[2mdist/[22m[36massets/STM32F412RE-B9cm9V2H.js           [39m[1m[2m    9.36 kB[22m[1m[22m[2m │ gzip:   2.68 kB[22m
[2mdist/[22m[36massets/STM32F412RG-CzBHHc5r.js           [39m[1m[2m    9.36 kB[22m[1m[22m[2m │ gzip:   2.68 kB[22m
[2mdist/[22m[36massets/STM32U535RB-DAh_93L7.js           [39m[1m[2m    9.40 kB[22m[1m[22m[2m │ gzip:   2.68 kB[22m
[2mdist/[22m[36massets/STM32U535RC-BgdwPsae.js           [39m[1m[2m    9.40 kB[22m[1m[22m[2m │ gzip:   2.67 kB[22m
[2mdist/[22m[36massets/STM32U535RE-CWorx8sA.js           [39m[1m[2m    9.40 kB[22m[1m[22m[2m │ gzip:   2.68 kB[22m
[2mdist/[22m[36massets/STM32U545RE-Cgovp5OD.js           [39m[1m[2m    9.40 kB[22m[1m[22m[2m │ gzip:   2.67 kB[22m
[2mdist/[22m[36massets/STM32F358RC-CylGyXs9.js           [39m[1m[2m    9.44 kB[22m[1m[22m[2m │ gzip:   2.71 kB[22m
[2mdist/[22m[36massets/STM32C071C8-C2mA21s2.js           [39m[1m[2m    9.49 kB[22m[1m[22m[2m │ gzip:   2.52 kB[22m
[2mdist/[22m[36massets/STM32C071CB-DItIitiV.js           [39m[1m[2m    9.49 kB[22m[1m[22m[2m │ gzip:   2.52 kB[22m
[2mdist/[22m[36massets/clojure-Dnu-v4kV.js               [39m[1m[2m    9.51 kB[22m[1m[22m[2m │ gzip:   3.57 kB[22m
[2mdist/[22m[36massets/STM32F303RB-D5Nki-yW.js           [39m[1m[2m    9.55 kB[22m[1m[22m[2m │ gzip:   2.75 kB[22m
[2mdist/[22m[36massets/STM32F303RC-i-Yetp1v.js           [39m[1m[2m    9.55 kB[22m[1m[22m[2m │ gzip:   2.75 kB[22m
[2mdist/[22m[36massets/STM32C051C8-BnqUYY8g.js           [39m[1m[2m    9.56 kB[22m[1m[22m[2m │ gzip:   2.51 kB[22m
[2mdist/[22m[36massets/STM32C051C6-BGSBGq0U.js           [39m[1m[2m    9.56 kB[22m[1m[22m[2m │ gzip:   2.51 kB[22m
[2mdist/[22m[36massets/STM32L471RE-Hz6O9dqk.js           [39m[1m[2m    9.57 kB[22m[1m[22m[2m │ gzip:   2.69 kB[22m
[2mdist/[22m[36massets/STM32L471RG-Fdp24T1o.js           [39m[1m[2m    9.57 kB[22m[1m[22m[2m │ gzip:   2.69 kB[22m
[2mdist/[22m[36massets/STM32U535JE-D0YSx8j-.js           [39m[1m[2m    9.66 kB[22m[1m[22m[2m │ gzip:   2.70 kB[22m
[2mdist/[22m[36massets/STM32U545JE-BDfEXzZD.js           [39m[1m[2m    9.66 kB[22m[1m[22m[2m │ gzip:   2.71 kB[22m
[2mdist/[22m[36massets/STM32F101VC-BPk9Pcp5.js           [39m[1m[2m    9.67 kB[22m[1m[22m[2m │ gzip:   2.74 kB[22m
[2mdist/[22m[36massets/STM32F101VD-Bru8AdTI.js           [39m[1m[2m    9.67 kB[22m[1m[22m[2m │ gzip:   2.74 kB[22m
[2mdist/[22m[36massets/STM32F101VE-B8doidNN.js           [39m[1m[2m    9.67 kB[22m[1m[22m[2m │ gzip:   2.74 kB[22m
[2mdist/[22m[36massets/STM32L475RC-CDHTSh7z.js           [39m[1m[2m    9.81 kB[22m[1m[22m[2m │ gzip:   2.76 kB[22m
[2mdist/[22m[36massets/STM32L475RE-B7KbWm65.js           [39m[1m[2m    9.81 kB[22m[1m[22m[2m │ gzip:   2.76 kB[22m
[2mdist/[22m[36massets/STM32L476RC-DsPNaj9_.js           [39m[1m[2m    9.81 kB[22m[1m[22m[2m │ gzip:   2.76 kB[22m
[2mdist/[22m[36massets/STM32L476RE-Cd8G3eqc.js           [39m[1m[2m    9.81 kB[22m[1m[22m[2m │ gzip:   2.76 kB[22m
[2mdist/[22m[36massets/STM32L475RG-dBNvIWDy.js           [39m[1m[2m    9.81 kB[22m[1m[22m[2m │ gzip:   2.76 kB[22m
[2mdist/[22m[36massets/STM32L476RG-CE_edQFF.js           [39m[1m[2m    9.81 kB[22m[1m[22m[2m │ gzip:   2.76 kB[22m
[2mdist/[22m[36massets/STM32L486RG-BP3hKOCR.js           [39m[1m[2m    9.81 kB[22m[1m[22m[2m │ gzip:   2.76 kB[22m
[2mdist/[22m[36massets/STM32U575RG-Ic835cwh.js           [39m[1m[2m    9.84 kB[22m[1m[22m[2m │ gzip:   2.80 kB[22m
[2mdist/[22m[36massets/STM32U575RI-0-DbTkx9.js           [39m[1m[2m    9.84 kB[22m[1m[22m[2m │ gzip:   2.80 kB[22m
[2mdist/[22m[36massets/STM32U585RI-CKVI4YbN.js           [39m[1m[2m    9.84 kB[22m[1m[22m[2m │ gzip:   2.80 kB[22m
[2mdist/[22m[36massets/STM32F405RG-BC2om5yB.js           [39m[1m[2m    9.84 kB[22m[1m[22m[2m │ gzip:   2.71 kB[22m
[2mdist/[22m[36massets/STM32F415RG-BrW3d00r.js           [39m[1m[2m    9.84 kB[22m[1m[22m[2m │ gzip:   2.72 kB[22m
[2mdist/[22m[36massets/STM32U073R8-DcPu9UNh.js           [39m[1m[2m    9.85 kB[22m[1m[22m[2m │ gzip:   2.74 kB[22m
[2mdist/[22m[36massets/STM32U073RB-B3l23dH0.js           [39m[1m[2m    9.85 kB[22m[1m[22m[2m │ gzip:   2.74 kB[22m
[2mdist/[22m[36massets/STM32U073RC-DiD7WnYO.js           [39m[1m[2m    9.85 kB[22m[1m[22m[2m │ gzip:   2.74 kB[22m
[2mdist/[22m[36massets/STM32U083RC-yY3w3sv7.js           [39m[1m[2m    9.85 kB[22m[1m[22m[2m │ gzip:   2.74 kB[22m
[2mdist/[22m[36massets/STM32G0B1CB-ChDZgHnD.js           [39m[1m[2m    9.86 kB[22m[1m[22m[2m │ gzip:   2.68 kB[22m
[2mdist/[22m[36massets/STM32G0B1CC-CIFP_MJj.js           [39m[1m[2m    9.86 kB[22m[1m[22m[2m │ gzip:   2.68 kB[22m
[2mdist/[22m[36massets/STM32G0B1CE-C7zu782v.js           [39m[1m[2m    9.86 kB[22m[1m[22m[2m │ gzip:   2.68 kB[22m
[2mdist/[22m[36massets/STM32G0C1CC-DULmqkCK.js           [39m[1m[2m    9.86 kB[22m[1m[22m[2m │ gzip:   2.68 kB[22m
[2mdist/[22m[36massets/STM32G0C1CE-DO_vuB5p.js           [39m[1m[2m    9.86 kB[22m[1m[22m[2m │ gzip:   2.68 kB[22m
[2mdist/[22m[36massets/STM32F205RB-X3agVsGS.js           [39m[1m[2m    9.87 kB[22m[1m[22m[2m │ gzip:   2.74 kB[22m
[2mdist/[22m[36massets/STM32F205RC-D2h5buhn.js           [39m[1m[2m    9.87 kB[22m[1m[22m[2m │ gzip:   2.74 kB[22m
[2mdist/[22m[36massets/STM32F205RE-I5kAUU9R.js           [39m[1m[2m    9.87 kB[22m[1m[22m[2m │ gzip:   2.74 kB[22m
[2mdist/[22m[36massets/STM32F205RF-B0hYDQ3M.js           [39m[1m[2m    9.87 kB[22m[1m[22m[2m │ gzip:   2.74 kB[22m
[2mdist/[22m[36massets/STM32F215RE-Dg8ZTQGk.js           [39m[1m[2m    9.87 kB[22m[1m[22m[2m │ gzip:   2.74 kB[22m
[2mdist/[22m[36massets/STM32F378RC-DrNRN6Z8.js           [39m[1m[2m    9.87 kB[22m[1m[22m[2m │ gzip:   2.75 kB[22m
[2mdist/[22m[36massets/STM32F205RG-B8P5-Rob.js           [39m[1m[2m    9.88 kB[22m[1m[22m[2m │ gzip:   2.74 kB[22m
[2mdist/[22m[36massets/STM32F215RG-DcwrnGBr.js           [39m[1m[2m    9.88 kB[22m[1m[22m[2m │ gzip:   2.74 kB[22m
[2mdist/[22m[36massets/STM32G070RB-CcG-qSG_.js           [39m[1m[2m    9.89 kB[22m[1m[22m[2m │ gzip:   2.70 kB[22m
[2mdist/[22m[36massets/STM32L552RE-D823WDa8.js           [39m[1m[2m    9.89 kB[22m[1m[22m[2m │ gzip:   2.79 kB[22m
[2mdist/[22m[36massets/STM32L562RE-xyjPx3y8.js           [39m[1m[2m    9.89 kB[22m[1m[22m[2m │ gzip:   2.79 kB[22m
[2mdist/[22m[36massets/STM32F730R8-DlBm8Ohn.js           [39m[1m[2m    9.91 kB[22m[1m[22m[2m │ gzip:   2.73 kB[22m
[2mdist/[22m[36massets/STM32F722RC-B_0YmiGo.js           [39m[1m[2m    9.91 kB[22m[1m[22m[2m │ gzip:   2.74 kB[22m
[2mdist/[22m[36massets/STM32F722RE-DDVucH0-.js           [39m[1m[2m    9.91 kB[22m[1m[22m[2m │ gzip:   2.74 kB[22m
[2mdist/[22m[36massets/STM32F732RE-BDptSRkR.js           [39m[1m[2m    9.91 kB[22m[1m[22m[2m │ gzip:   2.74 kB[22m
[2mdist/[22m[36massets/STM32F413RG-UFOUa3jj.js           [39m[1m[2m    9.94 kB[22m[1m[22m[2m │ gzip:   2.83 kB[22m
[2mdist/[22m[36massets/STM32F413RH-Dz1Fpnh_.js           [39m[1m[2m    9.94 kB[22m[1m[22m[2m │ gzip:   2.83 kB[22m
[2mdist/[22m[36massets/STM32F423RH-CkwbqhRI.js           [39m[1m[2m    9.94 kB[22m[1m[22m[2m │ gzip:   2.83 kB[22m
[2mdist/[22m[36massets/STM32F373R8-B5bSuSVD.js           [39m[1m[2m    9.94 kB[22m[1m[22m[2m │ gzip:   2.78 kB[22m
[2mdist/[22m[36massets/STM32F303RD-DPQkLSdv.js           [39m[1m[2m    9.94 kB[22m[1m[22m[2m │ gzip:   2.81 kB[22m
[2mdist/[22m[36massets/STM32F303RE-DHe3-KjQ.js           [39m[1m[2m    9.94 kB[22m[1m[22m[2m │ gzip:   2.81 kB[22m
[2mdist/[22m[36massets/STM32F373RB-Dvx-7TCt.js           [39m[1m[2m    9.94 kB[22m[1m[22m[2m │ gzip:   2.78 kB[22m
[2mdist/[22m[36massets/STM32F373RC-BX2JsQyy.js           [39m[1m[2m    9.94 kB[22m[1m[22m[2m │ gzip:   2.78 kB[22m
[2mdist/[22m[36massets/STM32C091CB-DvcQm9V8.js           [39m[1m[2m    9.99 kB[22m[1m[22m[2m │ gzip:   2.62 kB[22m
[2mdist/[22m[36massets/STM32C091CC-psGOyEXg.js           [39m[1m[2m    9.99 kB[22m[1m[22m[2m │ gzip:   2.62 kB[22m
[2mdist/[22m[36massets/STM32F101VF-DMkIn_zp.js           [39m[1m[2m   10.00 kB[22m[1m[22m[2m │ gzip:   2.83 kB[22m
[2mdist/[22m[36massets/STM32F101VG-D9zU_RBm.js           [39m[1m[2m   10.00 kB[22m[1m[22m[2m │ gzip:   2.83 kB[22m
[2mdist/[22m[36massets/STM32WB55VY-BeZT6fIF.js           [39m[1m[2m   10.02 kB[22m[1m[22m[2m │ gzip:   2.77 kB[22m
[2mdist/[22m[36massets/STM32L552RC-BPZ09wPu.js           [39m[1m[2m   10.08 kB[22m[1m[22m[2m │ gzip:   2.81 kB[22m
[2mdist/[22m[36massets/STM32WBA62MG-C9BqiN4i.js          [39m[1m[2m   10.08 kB[22m[1m[22m[2m │ gzip:   2.79 kB[22m
[2mdist/[22m[36massets/STM32WBA62MI-BTZhX13y.js          [39m[1m[2m   10.08 kB[22m[1m[22m[2m │ gzip:   2.79 kB[22m
[2mdist/[22m[36massets/STM32WBA65MG-DXsXiu0U.js          [39m[1m[2m   10.09 kB[22m[1m[22m[2m │ gzip:   2.80 kB[22m
[2mdist/[22m[36massets/STM32WBA65MI-Bj8fYYxw.js          [39m[1m[2m   10.09 kB[22m[1m[22m[2m │ gzip:   2.80 kB[22m
[2mdist/[22m[36massets/elixir-BkW5O-1t.js                [39m[1m[2m   10.12 kB[22m[1m[22m[2m │ gzip:   2.50 kB[22m
[2mdist/[22m[36massets/STM32U595RI-s0L1Z7pg.js           [39m[1m[2m   10.16 kB[22m[1m[22m[2m │ gzip:   2.84 kB[22m
[2mdist/[22m[36massets/sql-ClhHkBeG.js                   [39m[1m[2m   10.16 kB[22m[1m[22m[2m │ gzip:   3.79 kB[22m
[2mdist/[22m[36massets/STM32U5A5RJ-DaB50JWU.js           [39m[1m[2m   10.16 kB[22m[1m[22m[2m │ gzip:   2.84 kB[22m
[2mdist/[22m[36massets/STM32U595RJ-CUMXKrSO.js           [39m[1m[2m   10.16 kB[22m[1m[22m[2m │ gzip:   2.84 kB[22m
[2mdist/[22m[36massets/STM32F100V8-ChbJvdnf.js           [39m[1m[2m   10.20 kB[22m[1m[22m[2m │ gzip:   2.88 kB[22m
[2mdist/[22m[36massets/STM32F100VB-BCdsoDfP.js           [39m[1m[2m   10.20 kB[22m[1m[22m[2m │ gzip:   2.88 kB[22m
[2mdist/[22m[36massets/STM32F446RC--grv0pvf.js           [39m[1m[2m   10.21 kB[22m[1m[22m[2m │ gzip:   2.78 kB[22m
[2mdist/[22m[36massets/STM32F446RE-BOU6AY7u.js           [39m[1m[2m   10.21 kB[22m[1m[22m[2m │ gzip:   2.78 kB[22m
[2mdist/[22m[36massets/STM32L4P5RG-Bl6n6xXi.js           [39m[1m[2m   10.21 kB[22m[1m[22m[2m │ gzip:   2.85 kB[22m
[2mdist/[22m[36massets/STM32L4Q5RG-Cnzar3MI.js           [39m[1m[2m   10.21 kB[22m[1m[22m[2m │ gzip:   2.85 kB[22m
[2mdist/[22m[36massets/STM32C092CC-Cr3ZV5ix.js           [39m[1m[2m   10.24 kB[22m[1m[22m[2m │ gzip:   2.68 kB[22m
[2mdist/[22m[36massets/STM32L4P5RE-CQpX2eUt.js           [39m[1m[2m   10.27 kB[22m[1m[22m[2m │ gzip:   2.86 kB[22m
[2mdist/[22m[36massets/STM32F103V8-DHcuQQIQ.js           [39m[1m[2m   10.32 kB[22m[1m[22m[2m │ gzip:   2.88 kB[22m
[2mdist/[22m[36massets/STM32F103VB-DaOo_kJo.js           [39m[1m[2m   10.33 kB[22m[1m[22m[2m │ gzip:   2.88 kB[22m
[2mdist/[22m[36massets/STM32L496RG-CjPGEbos.js           [39m[1m[2m   10.39 kB[22m[1m[22m[2m │ gzip:   2.87 kB[22m
[2mdist/[22m[36massets/STM32L4A6RG-DHx_j110.js           [39m[1m[2m   10.39 kB[22m[1m[22m[2m │ gzip:   2.88 kB[22m
[2mdist/[22m[36massets/STM32G431R6-C7jAJ-2J.js           [39m[1m[2m   10.41 kB[22m[1m[22m[2m │ gzip:   2.92 kB[22m
[2mdist/[22m[36massets/STM32G431R8-CqH0HHJ9.js           [39m[1m[2m   10.41 kB[22m[1m[22m[2m │ gzip:   2.92 kB[22m
[2mdist/[22m[36massets/STM32G431RB-BoXxPefy.js           [39m[1m[2m   10.41 kB[22m[1m[22m[2m │ gzip:   2.92 kB[22m
[2mdist/[22m[36massets/STM32G441RB-D5LV69Mq.js           [39m[1m[2m   10.41 kB[22m[1m[22m[2m │ gzip:   2.93 kB[22m
[2mdist/[22m[36massets/STM32L496RE-CGmBiWam.js           [39m[1m[2m   10.45 kB[22m[1m[22m[2m │ gzip:   2.88 kB[22m
[2mdist/[22m[36massets/STM32H562RG-anR7FdU2.js           [39m[1m[2m   10.47 kB[22m[1m[22m[2m │ gzip:   2.88 kB[22m
[2mdist/[22m[36massets/STM32H562RI-AQmGYfj1.js           [39m[1m[2m   10.47 kB[22m[1m[22m[2m │ gzip:   2.88 kB[22m
[2mdist/[22m[36massets/STM32G0B1NE-DEi2Ws8v.js           [39m[1m[2m   10.48 kB[22m[1m[22m[2m │ gzip:   2.83 kB[22m
[2mdist/[22m[36massets/STM32G0C1NE-B3nL7TMw.js           [39m[1m[2m   10.48 kB[22m[1m[22m[2m │ gzip:   2.84 kB[22m
[2mdist/[22m[36massets/STM32H7A3RG-CGb9E6n5.js           [39m[1m[2m   10.54 kB[22m[1m[22m[2m │ gzip:   2.92 kB[22m
[2mdist/[22m[36massets/STM32H7A3RI-B3ij9zaC.js           [39m[1m[2m   10.54 kB[22m[1m[22m[2m │ gzip:   2.92 kB[22m
[2mdist/[22m[36massets/STM32H7B0RB-CddokzvE.js           [39m[1m[2m   10.54 kB[22m[1m[22m[2m │ gzip:   2.92 kB[22m
[2mdist/[22m[36massets/STM32H7B3RI-BB6dTzaR.js           [39m[1m[2m   10.54 kB[22m[1m[22m[2m │ gzip:   2.92 kB[22m
[2mdist/[22m[36massets/STM32H725RE-DVGQJCrL.js           [39m[1m[2m   10.56 kB[22m[1m[22m[2m │ gzip:   2.87 kB[22m
[2mdist/[22m[36massets/STM32H725RG-DhdxKx-t.js           [39m[1m[2m   10.57 kB[22m[1m[22m[2m │ gzip:   2.87 kB[22m
[2mdist/[22m[36massets/STM32H735RG-Fg941z1w.js           [39m[1m[2m   10.57 kB[22m[1m[22m[2m │ gzip:   2.87 kB[22m
[2mdist/[22m[36massets/STM32G071R6-9otSQqJ2.js           [39m[1m[2m   10.57 kB[22m[1m[22m[2m │ gzip:   2.86 kB[22m
[2mdist/[22m[36massets/STM32G071R8-C4gAKGN0.js           [39m[1m[2m   10.57 kB[22m[1m[22m[2m │ gzip:   2.87 kB[22m
[2mdist/[22m[36massets/STM32G071RB-Dd1secqa.js           [39m[1m[2m   10.57 kB[22m[1m[22m[2m │ gzip:   2.87 kB[22m
[2mdist/[22m[36massets/STM32G081RB-BtEQaiFD.js           [39m[1m[2m   10.57 kB[22m[1m[22m[2m │ gzip:   2.87 kB[22m
[2mdist/[22m[36massets/STM32L476JG-C78sWKns.js           [39m[1m[2m   10.59 kB[22m[1m[22m[2m │ gzip:   2.97 kB[22m
[2mdist/[22m[36massets/STM32H523RC-DSjmjPqB.js           [39m[1m[2m   10.65 kB[22m[1m[22m[2m │ gzip:   2.90 kB[22m
[2mdist/[22m[36massets/STM32H523RE-CY0G9jWu.js           [39m[1m[2m   10.65 kB[22m[1m[22m[2m │ gzip:   2.90 kB[22m
[2mdist/[22m[36massets/STM32H533RE-DcRge4t8.js           [39m[1m[2m   10.65 kB[22m[1m[22m[2m │ gzip:   2.90 kB[22m
[2mdist/[22m[36massets/STM32L476JE-DJOCQK0E.js           [39m[1m[2m   10.65 kB[22m[1m[22m[2m │ gzip:   2.98 kB[22m
[2mdist/[22m[36massets/STM32L486JG-C6WMyePL.js           [39m[1m[2m   10.65 kB[22m[1m[22m[2m │ gzip:   2.98 kB[22m
[2mdist/[22m[36massets/STM32F100VC-BFwhBLnV.js           [39m[1m[2m   10.75 kB[22m[1m[22m[2m │ gzip:   3.00 kB[22m
[2mdist/[22m[36massets/STM32F100VD-CoQZDvIR.js           [39m[1m[2m   10.75 kB[22m[1m[22m[2m │ gzip:   3.00 kB[22m
[2mdist/[22m[36massets/STM32F100VE-B99toR_U.js           [39m[1m[2m   10.75 kB[22m[1m[22m[2m │ gzip:   3.00 kB[22m
[2mdist/[22m[36massets/STM32G491RC-kzPF4j2n.js           [39m[1m[2m   10.78 kB[22m[1m[22m[2m │ gzip:   3.02 kB[22m
[2mdist/[22m[36massets/STM32G491RE-C7fjY8rx.js           [39m[1m[2m   10.78 kB[22m[1m[22m[2m │ gzip:   3.02 kB[22m
[2mdist/[22m[36massets/STM32G4A1RE-vG_BmTV6.js           [39m[1m[2m   10.79 kB[22m[1m[22m[2m │ gzip:   3.03 kB[22m
[2mdist/[22m[36massets/STM32L151V8-etibf6pI.js           [39m[1m[2m   10.82 kB[22m[1m[22m[2m │ gzip:   3.04 kB[22m
[2mdist/[22m[36massets/STM32L152V8-B4hkwTNE.js           [39m[1m[2m   10.82 kB[22m[1m[22m[2m │ gzip:   3.04 kB[22m
[2mdist/[22m[36massets/STM32L151VB-aXNBpQ9o.js           [39m[1m[2m   10.82 kB[22m[1m[22m[2m │ gzip:   3.04 kB[22m
[2mdist/[22m[36massets/STM32L152VB-Br-ma9JH.js           [39m[1m[2m   10.82 kB[22m[1m[22m[2m │ gzip:   3.05 kB[22m
[2mdist/[22m[36massets/STM32G471RC-DaiCxm0L.js           [39m[1m[2m   10.86 kB[22m[1m[22m[2m │ gzip:   3.03 kB[22m
[2mdist/[22m[36massets/STM32G471RE-VS_052Lc.js           [39m[1m[2m   10.86 kB[22m[1m[22m[2m │ gzip:   3.03 kB[22m
[2mdist/[22m[36massets/STM32C092CB-CPVPCQ8X.js           [39m[1m[2m   10.89 kB[22m[1m[22m[2m │ gzip:   2.78 kB[22m
[2mdist/[22m[36massets/STM32H563RG-DkfVLpSQ.js           [39m[1m[2m   10.93 kB[22m[1m[22m[2m │ gzip:   2.96 kB[22m
[2mdist/[22m[36massets/STM32H563RI-BP9xTfoj.js           [39m[1m[2m   10.93 kB[22m[1m[22m[2m │ gzip:   2.96 kB[22m
[2mdist/[22m[36massets/STM32H573RI-DrSY2EVa.js           [39m[1m[2m   10.93 kB[22m[1m[22m[2m │ gzip:   2.96 kB[22m
[2mdist/[22m[36massets/STM32F105V8-D4dgcu0e.js           [39m[1m[2m   11.01 kB[22m[1m[22m[2m │ gzip:   3.06 kB[22m
[2mdist/[22m[36massets/STM32F105VB-DI_2gQFW.js           [39m[1m[2m   11.01 kB[22m[1m[22m[2m │ gzip:   3.06 kB[22m
[2mdist/[22m[36massets/STM32F105VC-CNxWevtt.js           [39m[1m[2m   11.01 kB[22m[1m[22m[2m │ gzip:   3.06 kB[22m
[2mdist/[22m[36massets/STM32G0B0RE-DbXTjFbx.js           [39m[1m[2m   11.01 kB[22m[1m[22m[2m │ gzip:   2.94 kB[22m
[2mdist/[22m[36massets/STM32F103VC-Ch8_xzG5.js           [39m[1m[2m   11.07 kB[22m[1m[22m[2m │ gzip:   3.07 kB[22m
[2mdist/[22m[36massets/STM32F103VD-91UoVqcB.js           [39m[1m[2m   11.07 kB[22m[1m[22m[2m │ gzip:   3.07 kB[22m
[2mdist/[22m[36massets/STM32F103VE-CsGPM2Nh.js           [39m[1m[2m   11.07 kB[22m[1m[22m[2m │ gzip:   3.07 kB[22m
[2mdist/[22m[36massets/STM32C071R8-D7yYgmN7.js           [39m[1m[2m   11.13 kB[22m[1m[22m[2m │ gzip:   2.91 kB[22m
[2mdist/[22m[36massets/STM32C071RB-BSIYYek1.js           [39m[1m[2m   11.13 kB[22m[1m[22m[2m │ gzip:   2.91 kB[22m
[2mdist/[22m[36massets/mysql-C_tMU-Nz.js                 [39m[1m[2m   11.14 kB[22m[1m[22m[2m │ gzip:   4.01 kB[22m
[2mdist/[22m[36massets/STM32L151VC-BQF2X0i0.js           [39m[1m[2m   11.16 kB[22m[1m[22m[2m │ gzip:   3.12 kB[22m
[2mdist/[22m[36massets/STM32L152VC-C0rBumK9.js           [39m[1m[2m   11.16 kB[22m[1m[22m[2m │ gzip:   3.13 kB[22m
[2mdist/[22m[36massets/STM32L162VC-DinK-qnu.js           [39m[1m[2m   11.16 kB[22m[1m[22m[2m │ gzip:   3.13 kB[22m
[2mdist/[22m[36massets/STM32F401VB-CNCjRmgJ.js           [39m[1m[2m   11.17 kB[22m[1m[22m[2m │ gzip:   3.12 kB[22m
[2mdist/[22m[36massets/STM32F401VC-6Mz4v24u.js           [39m[1m[2m   11.17 kB[22m[1m[22m[2m │ gzip:   3.12 kB[22m
[2mdist/[22m[36massets/STM32F401VD-CgLKUBdu.js           [39m[1m[2m   11.17 kB[22m[1m[22m[2m │ gzip:   3.12 kB[22m
[2mdist/[22m[36massets/STM32F401VE-TQawx3Pw.js           [39m[1m[2m   11.17 kB[22m[1m[22m[2m │ gzip:   3.12 kB[22m
[2mdist/[22m[36massets/STM32F071V8-d6uGhF3H.js           [39m[1m[2m   11.22 kB[22m[1m[22m[2m │ gzip:   3.11 kB[22m
[2mdist/[22m[36massets/STM32F071VB-DjX_oKzN.js           [39m[1m[2m   11.22 kB[22m[1m[22m[2m │ gzip:   3.12 kB[22m
[2mdist/[22m[36massets/STM32L071V8-b3khI70P.js           [39m[1m[2m   11.25 kB[22m[1m[22m[2m │ gzip:   3.07 kB[22m
[2mdist/[22m[36massets/STM32L071VB-Co6jxpI9.js           [39m[1m[2m   11.25 kB[22m[1m[22m[2m │ gzip:   3.07 kB[22m
[2mdist/[22m[36massets/STM32L071VZ-Bi4-JM2h.js           [39m[1m[2m   11.25 kB[22m[1m[22m[2m │ gzip:   3.07 kB[22m
[2mdist/[22m[36massets/STM32WB55VC-CUvKW0-N.js           [39m[1m[2m   11.26 kB[22m[1m[22m[2m │ gzip:   2.91 kB[22m
[2mdist/[22m[36massets/STM32WB55VE-DrrIVNfN.js           [39m[1m[2m   11.26 kB[22m[1m[22m[2m │ gzip:   2.91 kB[22m
[2mdist/[22m[36massets/STM32WB55VG-UhuVNb06.js           [39m[1m[2m   11.26 kB[22m[1m[22m[2m │ gzip:   2.91 kB[22m
[2mdist/[22m[36massets/STM32F078VB-DtSLo-x1.js           [39m[1m[2m   11.27 kB[22m[1m[22m[2m │ gzip:   3.13 kB[22m
[2mdist/[22m[36massets/STM32L476ME-DXHhXI8W.js           [39m[1m[2m   11.30 kB[22m[1m[22m[2m │ gzip:   3.13 kB[22m
[2mdist/[22m[36massets/STM32L476MG-ck1rPolc.js           [39m[1m[2m   11.30 kB[22m[1m[22m[2m │ gzip:   3.14 kB[22m
[2mdist/[22m[36massets/STM32U073M8-DAHRFWjE.js           [39m[1m[2m   11.31 kB[22m[1m[22m[2m │ gzip:   3.10 kB[22m
[2mdist/[22m[36massets/STM32F107VB-WWQY5lGb.js           [39m[1m[2m   11.31 kB[22m[1m[22m[2m │ gzip:   3.08 kB[22m
[2mdist/[22m[36massets/STM32F107VC-Bv6UzPwD.js           [39m[1m[2m   11.31 kB[22m[1m[22m[2m │ gzip:   3.08 kB[22m
[2mdist/[22m[36massets/STM32G473RB-kIMmiVJH.js           [39m[1m[2m   11.31 kB[22m[1m[22m[2m │ gzip:   3.14 kB[22m
[2mdist/[22m[36massets/STM32G473RC-CzIY_hXE.js           [39m[1m[2m   11.31 kB[22m[1m[22m[2m │ gzip:   3.14 kB[22m
[2mdist/[22m[36massets/STM32G473RE-DnQUIZdu.js           [39m[1m[2m   11.31 kB[22m[1m[22m[2m │ gzip:   3.14 kB[22m
[2mdist/[22m[36massets/STM32G474RB-DgYq3NAf.js           [39m[1m[2m   11.31 kB[22m[1m[22m[2m │ gzip:   3.14 kB[22m
[2mdist/[22m[36massets/STM32G474RC-YyZRJ54Z.js           [39m[1m[2m   11.31 kB[22m[1m[22m[2m │ gzip:   3.14 kB[22m
[2mdist/[22m[36massets/STM32G474RE-D4Il_nW5.js           [39m[1m[2m   11.31 kB[22m[1m[22m[2m │ gzip:   3.14 kB[22m
[2mdist/[22m[36massets/STM32G483RE-B_mpUJHX.js           [39m[1m[2m   11.31 kB[22m[1m[22m[2m │ gzip:   3.14 kB[22m
[2mdist/[22m[36massets/STM32G484RE-Dm6DrcV8.js           [39m[1m[2m   11.31 kB[22m[1m[22m[2m │ gzip:   3.14 kB[22m
[2mdist/[22m[36massets/STM32U073MB-twXfqwPO.js           [39m[1m[2m   11.31 kB[22m[1m[22m[2m │ gzip:   3.10 kB[22m
[2mdist/[22m[36massets/STM32U073MC-CQGvopO0.js           [39m[1m[2m   11.31 kB[22m[1m[22m[2m │ gzip:   3.10 kB[22m
[2mdist/[22m[36massets/STM32U083MC-DrCuC8rO.js           [39m[1m[2m   11.31 kB[22m[1m[22m[2m │ gzip:   3.10 kB[22m
[2mdist/[22m[36massets/STM32L151VD-CjQsk2un.js           [39m[1m[2m   11.32 kB[22m[1m[22m[2m │ gzip:   3.18 kB[22m
[2mdist/[22m[36massets/STM32L151VE-DBvY9MaT.js           [39m[1m[2m   11.32 kB[22m[1m[22m[2m │ gzip:   3.18 kB[22m
[2mdist/[22m[36massets/STM32L152VD-CqOh6ulf.js           [39m[1m[2m   11.32 kB[22m[1m[22m[2m │ gzip:   3.18 kB[22m
[2mdist/[22m[36massets/STM32L152VE-BDzafyHx.js           [39m[1m[2m   11.32 kB[22m[1m[22m[2m │ gzip:   3.18 kB[22m
[2mdist/[22m[36massets/STM32L162VD-9OTjmw0_.js           [39m[1m[2m   11.32 kB[22m[1m[22m[2m │ gzip:   3.18 kB[22m
[2mdist/[22m[36massets/STM32L162VE-CKvJO8xc.js           [39m[1m[2m   11.32 kB[22m[1m[22m[2m │ gzip:   3.18 kB[22m
[2mdist/[22m[36massets/STM32F413MG-BBxVajC3.js           [39m[1m[2m   11.35 kB[22m[1m[22m[2m │ gzip:   3.16 kB[22m
[2mdist/[22m[36massets/STM32F413MH-TGP2Sc1M.js           [39m[1m[2m   11.35 kB[22m[1m[22m[2m │ gzip:   3.16 kB[22m
[2mdist/[22m[36massets/STM32F423MH-CkNUtH7v.js           [39m[1m[2m   11.35 kB[22m[1m[22m[2m │ gzip:   3.16 kB[22m
[2mdist/[22m[36massets/STM32L431VC-e7mnkYWY.js           [39m[1m[2m   11.36 kB[22m[1m[22m[2m │ gzip:   3.12 kB[22m
[2mdist/[22m[36massets/STM32F103VF-BhZcj6p0.js           [39m[1m[2m   11.37 kB[22m[1m[22m[2m │ gzip:   3.15 kB[22m
[2mdist/[22m[36massets/STM32F103VG-D8Gaq2c0.js           [39m[1m[2m   11.37 kB[22m[1m[22m[2m │ gzip:   3.15 kB[22m
[2mdist/[22m[36massets/STM32F072V8-CTNLHQZ8.js           [39m[1m[2m   11.41 kB[22m[1m[22m[2m │ gzip:   3.18 kB[22m
[2mdist/[22m[36massets/STM32F072VB-Bj03dVJA.js           [39m[1m[2m   11.41 kB[22m[1m[22m[2m │ gzip:   3.18 kB[22m
[2mdist/[22m[36massets/STM32L552ME-BMAIF9Ml.js           [39m[1m[2m   11.41 kB[22m[1m[22m[2m │ gzip:   3.13 kB[22m
[2mdist/[22m[36massets/STM32L562ME-BTUOxPQU.js           [39m[1m[2m   11.41 kB[22m[1m[22m[2m │ gzip:   3.14 kB[22m
[2mdist/[22m[36massets/STM32L072V8-Bg43-7rs.js           [39m[1m[2m   11.42 kB[22m[1m[22m[2m │ gzip:   3.13 kB[22m
[2mdist/[22m[36massets/STM32L072VB-CC9oYlWt.js           [39m[1m[2m   11.42 kB[22m[1m[22m[2m │ gzip:   3.13 kB[22m
[2mdist/[22m[36massets/STM32L072VZ-DqfqTv92.js           [39m[1m[2m   11.42 kB[22m[1m[22m[2m │ gzip:   3.13 kB[22m
[2mdist/[22m[36massets/STM32L073V8-TvKJi6-3.js           [39m[1m[2m   11.42 kB[22m[1m[22m[2m │ gzip:   3.14 kB[22m
[2mdist/[22m[36massets/STM32L083V8-BQwoCDVK.js           [39m[1m[2m   11.42 kB[22m[1m[22m[2m │ gzip:   3.14 kB[22m
[2mdist/[22m[36massets/STM32L073VB-DzEmke1v.js           [39m[1m[2m   11.43 kB[22m[1m[22m[2m │ gzip:   3.14 kB[22m
[2mdist/[22m[36massets/STM32L073VZ-CT1Deprg.js           [39m[1m[2m   11.43 kB[22m[1m[22m[2m │ gzip:   3.14 kB[22m
[2mdist/[22m[36massets/STM32L083VB-BlnTi8Bd.js           [39m[1m[2m   11.43 kB[22m[1m[22m[2m │ gzip:   3.14 kB[22m
[2mdist/[22m[36massets/STM32L083VZ-CjF41ARB.js           [39m[1m[2m   11.43 kB[22m[1m[22m[2m │ gzip:   3.14 kB[22m
[2mdist/[22m[36massets/STM32H503RB-CrRqTxkA.js           [39m[1m[2m   11.44 kB[22m[1m[22m[2m │ gzip:   2.91 kB[22m
[2mdist/[22m[36massets/STM32L433VC-C4gYu0n6.js           [39m[1m[2m   11.45 kB[22m[1m[22m[2m │ gzip:   3.16 kB[22m
[2mdist/[22m[36massets/STM32L443VC-DYF7y0LV.js           [39m[1m[2m   11.45 kB[22m[1m[22m[2m │ gzip:   3.16 kB[22m
[2mdist/[22m[36massets/STM32F446MC-DMobZCJB.js           [39m[1m[2m   11.51 kB[22m[1m[22m[2m │ gzip:   3.20 kB[22m
[2mdist/[22m[36massets/STM32F446ME-DPlPoI2a.js           [39m[1m[2m   11.51 kB[22m[1m[22m[2m │ gzip:   3.20 kB[22m
[2mdist/[22m[36massets/redshift-Bs9aos_-.js              [39m[1m[2m   11.66 kB[22m[1m[22m[2m │ gzip:   4.30 kB[22m
[2mdist/[22m[36massets/STM32G431M6-hnge7lKi.js           [39m[1m[2m   11.74 kB[22m[1m[22m[2m │ gzip:   3.24 kB[22m
[2mdist/[22m[36massets/STM32G431M8-B0_ReAEY.js           [39m[1m[2m   11.74 kB[22m[1m[22m[2m │ gzip:   3.24 kB[22m
[2mdist/[22m[36massets/STM32G431MB-DTU0_Ui5.js           [39m[1m[2m   11.74 kB[22m[1m[22m[2m │ gzip:   3.24 kB[22m
[2mdist/[22m[36massets/STM32G441MB-zUOq6fyr.js           [39m[1m[2m   11.74 kB[22m[1m[22m[2m │ gzip:   3.24 kB[22m
[2mdist/[22m[36massets/STM32F405OE-DasCFyZ1.js           [39m[1m[2m   11.77 kB[22m[1m[22m[2m │ gzip:   3.26 kB[22m
[2mdist/[22m[36massets/STM32F405OG-Cp3nna4I.js           [39m[1m[2m   11.77 kB[22m[1m[22m[2m │ gzip:   3.26 kB[22m
[2mdist/[22m[36massets/STM32F415OG-0RDtbtMD.js           [39m[1m[2m   11.77 kB[22m[1m[22m[2m │ gzip:   3.26 kB[22m
[2mdist/[22m[36massets/STM32F411VC-CtHen1wo.js           [39m[1m[2m   11.80 kB[22m[1m[22m[2m │ gzip:   3.21 kB[22m
[2mdist/[22m[36massets/STM32F411VE-FVQcjNZ9.js           [39m[1m[2m   11.80 kB[22m[1m[22m[2m │ gzip:   3.21 kB[22m
[2mdist/[22m[36massets/STM32C091RB-5E-zc70B.js           [39m[1m[2m   11.91 kB[22m[1m[22m[2m │ gzip:   3.07 kB[22m
[2mdist/[22m[36massets/STM32C091RC-B6GA5d45.js           [39m[1m[2m   11.91 kB[22m[1m[22m[2m │ gzip:   3.07 kB[22m
[2mdist/[22m[36massets/STM32L451VC-B72dluSm.js           [39m[1m[2m   12.14 kB[22m[1m[22m[2m │ gzip:   3.34 kB[22m
[2mdist/[22m[36massets/STM32L451VE-hVodAHCD.js           [39m[1m[2m   12.14 kB[22m[1m[22m[2m │ gzip:   3.34 kB[22m
[2mdist/[22m[36massets/STM32F101ZC-BOHOOnRg.js           [39m[1m[2m   12.17 kB[22m[1m[22m[2m │ gzip:   3.24 kB[22m
[2mdist/[22m[36massets/STM32F101ZD-DdPayEmH.js           [39m[1m[2m   12.17 kB[22m[1m[22m[2m │ gzip:   3.25 kB[22m
[2mdist/[22m[36massets/STM32F101ZE-Dq9AMKKp.js           [39m[1m[2m   12.17 kB[22m[1m[22m[2m │ gzip:   3.25 kB[22m
[2mdist/[22m[36massets/STM32G0B1RB-HY9cgtnD.js           [39m[1m[2m   12.19 kB[22m[1m[22m[2m │ gzip:   3.23 kB[22m
[2mdist/[22m[36massets/STM32G0B1RC-wRs3B_TO.js           [39m[1m[2m   12.19 kB[22m[1m[22m[2m │ gzip:   3.23 kB[22m
[2mdist/[22m[36massets/STM32G0B1RE-nqgS_GNK.js           [39m[1m[2m   12.19 kB[22m[1m[22m[2m │ gzip:   3.23 kB[22m
[2mdist/[22m[36massets/STM32G0C1RC-BICX3Ht6.js           [39m[1m[2m   12.19 kB[22m[1m[22m[2m │ gzip:   3.23 kB[22m
[2mdist/[22m[36massets/STM32G0C1RE-Cjb-GrZv.js           [39m[1m[2m   12.19 kB[22m[1m[22m[2m │ gzip:   3.23 kB[22m
[2mdist/[22m[36massets/ProjectSettingsModal-DgFVLLeb.js  [39m[1m[2m   12.21 kB[22m[1m[22m[2m │ gzip:   3.02 kB[22m
[2mdist/[22m[36massets/STM32F302VB-DyD9VoQi.js           [39m[1m[2m   12.21 kB[22m[1m[22m[2m │ gzip:   3.43 kB[22m
[2mdist/[22m[36massets/STM32F302VC-PSlpWIb7.js           [39m[1m[2m   12.21 kB[22m[1m[22m[2m │ gzip:   3.42 kB[22m
[2mdist/[22m[36massets/STM32F098VC-C1RKKlmA.js           [39m[1m[2m   12.22 kB[22m[1m[22m[2m │ gzip:   3.36 kB[22m
[2mdist/[22m[36massets/STM32L452VC-Cegq86dx.js           [39m[1m[2m   12.24 kB[22m[1m[22m[2m │ gzip:   3.37 kB[22m
[2mdist/[22m[36massets/STM32L452VE-Bl9JEjUm.js           [39m[1m[2m   12.24 kB[22m[1m[22m[2m │ gzip:   3.37 kB[22m
[2mdist/[22m[36massets/STM32L462VE-DuPu9bdr.js           [39m[1m[2m   12.24 kB[22m[1m[22m[2m │ gzip:   3.37 kB[22m
[2mdist/[22m[36massets/STM32C092RB-BBXyz8h8.js           [39m[1m[2m   12.24 kB[22m[1m[22m[2m │ gzip:   3.14 kB[22m
[2mdist/[22m[36massets/STM32C092RC-CHF4at0C.js           [39m[1m[2m   12.24 kB[22m[1m[22m[2m │ gzip:   3.14 kB[22m
[2mdist/[22m[36massets/STM32F091VB-aTcJYGqS.js           [39m[1m[2m   12.25 kB[22m[1m[22m[2m │ gzip:   3.36 kB[22m
[2mdist/[22m[36massets/STM32F091VC-CgKS7yy9.js           [39m[1m[2m   12.25 kB[22m[1m[22m[2m │ gzip:   3.36 kB[22m
[2mdist/[22m[36massets/STM32H563MI-CvCcnn_w.js           [39m[1m[2m   12.34 kB[22m[1m[22m[2m │ gzip:   3.33 kB[22m
[2mdist/[22m[36massets/STM32H573MI-BEe0PIvK.js           [39m[1m[2m   12.34 kB[22m[1m[22m[2m │ gzip:   3.34 kB[22m
[2mdist/[22m[36massets/STM32U5F9VI-D4lOL4fd.js           [39m[1m[2m   12.40 kB[22m[1m[22m[2m │ gzip:   3.32 kB[22m
[2mdist/[22m[36massets/STM32U5F9VJ-CxpW-2Bh.js           [39m[1m[2m   12.40 kB[22m[1m[22m[2m │ gzip:   3.32 kB[22m
[2mdist/[22m[36massets/STM32G491MC-DFlbPuSM.js           [39m[1m[2m   12.42 kB[22m[1m[22m[2m │ gzip:   3.42 kB[22m
[2mdist/[22m[36massets/STM32G491ME-DAiyI16v.js           [39m[1m[2m   12.42 kB[22m[1m[22m[2m │ gzip:   3.42 kB[22m
[2mdist/[22m[36massets/jsonMode-t5T_9p9Z.js              [39m[1m[2m   12.42 kB[22m[1m[22m[2m │ gzip:   4.56 kB[22m
[2mdist/[22m[36massets/STM32G4A1ME-0rbh2FCZ.js           [39m[1m[2m   12.42 kB[22m[1m[22m[2m │ gzip:   3.42 kB[22m
[2mdist/[22m[36massets/STM32F469VE-BwI5qtxh.js           [39m[1m[2m   12.50 kB[22m[1m[22m[2m │ gzip:   3.36 kB[22m
[2mdist/[22m[36massets/STM32F469VG-RHCcRFPR.js           [39m[1m[2m   12.50 kB[22m[1m[22m[2m │ gzip:   3.37 kB[22m
[2mdist/[22m[36massets/STM32F469VI-Bjpj_Nzg.js           [39m[1m[2m   12.50 kB[22m[1m[22m[2m │ gzip:   3.37 kB[22m
[2mdist/[22m[36massets/STM32F479VG-CjO-R3ba.js           [39m[1m[2m   12.50 kB[22m[1m[22m[2m │ gzip:   3.37 kB[22m
[2mdist/[22m[36massets/STM32F479VI-DepsbovA.js           [39m[1m[2m   12.50 kB[22m[1m[22m[2m │ gzip:   3.37 kB[22m
[2mdist/[22m[36massets/STM32U575OG-BGpJff-C.js           [39m[1m[2m   12.51 kB[22m[1m[22m[2m │ gzip:   3.45 kB[22m
[2mdist/[22m[36massets/STM32U575OI-GWytQxMi.js           [39m[1m[2m   12.51 kB[22m[1m[22m[2m │ gzip:   3.45 kB[22m
[2mdist/[22m[36massets/STM32U585OI-Cosdsx47.js           [39m[1m[2m   12.51 kB[22m[1m[22m[2m │ gzip:   3.45 kB[22m
[2mdist/[22m[36massets/STM32F405VG-SAOWMlSs.js           [39m[1m[2m   12.54 kB[22m[1m[22m[2m │ gzip:   3.39 kB[22m
[2mdist/[22m[36massets/STM32F415VG-BUS-BXcc.js           [39m[1m[2m   12.54 kB[22m[1m[22m[2m │ gzip:   3.39 kB[22m
[2mdist/[22m[36massets/STM32F205VB-BLFxARkg.js           [39m[1m[2m   12.55 kB[22m[1m[22m[2m │ gzip:   3.40 kB[22m
[2mdist/[22m[36massets/STM32F205VC-Cz7yf7ao.js           [39m[1m[2m   12.55 kB[22m[1m[22m[2m │ gzip:   3.40 kB[22m
[2mdist/[22m[36massets/STM32F205VE-Irow0Rf_.js           [39m[1m[2m   12.55 kB[22m[1m[22m[2m │ gzip:   3.40 kB[22m
[2mdist/[22m[36massets/STM32F205VF-BR28nbu_.js           [39m[1m[2m   12.55 kB[22m[1m[22m[2m │ gzip:   3.40 kB[22m
[2mdist/[22m[36massets/STM32F215VE-DC0MAdhC.js           [39m[1m[2m   12.55 kB[22m[1m[22m[2m │ gzip:   3.40 kB[22m
[2mdist/[22m[36massets/STM32F205VG-DxP_nOFp.js           [39m[1m[2m   12.55 kB[22m[1m[22m[2m │ gzip:   3.40 kB[22m
[2mdist/[22m[36massets/STM32F215VG-ZtwVtcQo.js           [39m[1m[2m   12.55 kB[22m[1m[22m[2m │ gzip:   3.40 kB[22m
[2mdist/[22m[36massets/STM32F412VE-Cvae0zP-.js           [39m[1m[2m   12.57 kB[22m[1m[22m[2m │ gzip:   3.41 kB[22m
[2mdist/[22m[36massets/STM32F412VG-CRz4QEW-.js           [39m[1m[2m   12.57 kB[22m[1m[22m[2m │ gzip:   3.42 kB[22m
[2mdist/[22m[36massets/STM32U5G9VJ-D1euHi8N.js           [39m[1m[2m   12.57 kB[22m[1m[22m[2m │ gzip:   3.36 kB[22m
[2mdist/[22m[36massets/STM32F378VC-BrU86qyV.js           [39m[1m[2m   12.59 kB[22m[1m[22m[2m │ gzip:   3.37 kB[22m
[2mdist/[22m[36massets/STM32F101ZF-VDszNift.js           [39m[1m[2m   12.62 kB[22m[1m[22m[2m │ gzip:   3.38 kB[22m
[2mdist/[22m[36massets/STM32F101ZG-3qvcwbuI.js           [39m[1m[2m   12.62 kB[22m[1m[22m[2m │ gzip:   3.38 kB[22m
[2mdist/[22m[36massets/STM32L471VE-Dy80yEK3.js           [39m[1m[2m   12.64 kB[22m[1m[22m[2m │ gzip:   3.45 kB[22m
[2mdist/[22m[36massets/STM32L471VG-DjK1nQ9N.js           [39m[1m[2m   12.64 kB[22m[1m[22m[2m │ gzip:   3.45 kB[22m
[2mdist/[22m[36massets/STM32F723VC-4Ae6WPLx.js           [39m[1m[2m   12.65 kB[22m[1m[22m[2m │ gzip:   3.44 kB[22m
[2mdist/[22m[36massets/STM32F723VE-B_YI_G6b.js           [39m[1m[2m   12.65 kB[22m[1m[22m[2m │ gzip:   3.44 kB[22m
[2mdist/[22m[36massets/STM32F733VE-C38ULoxJ.js           [39m[1m[2m   12.65 kB[22m[1m[22m[2m │ gzip:   3.44 kB[22m
[2mdist/[22m[36massets/STM32F373V8-CSCdiQ-Y.js           [39m[1m[2m   12.66 kB[22m[1m[22m[2m │ gzip:   3.40 kB[22m
[2mdist/[22m[36massets/STM32F373VB-BqHMoj0K.js           [39m[1m[2m   12.66 kB[22m[1m[22m[2m │ gzip:   3.40 kB[22m
[2mdist/[22m[36massets/STM32F373VC-f27l_VtM.js           [39m[1m[2m   12.66 kB[22m[1m[22m[2m │ gzip:   3.40 kB[22m
[2mdist/[22m[36massets/STM32U375VE-DWoARAXS.js           [39m[1m[2m   12.67 kB[22m[1m[22m[2m │ gzip:   3.48 kB[22m
[2mdist/[22m[36massets/STM32U375VG-Dhup7_9m.js           [39m[1m[2m   12.67 kB[22m[1m[22m[2m │ gzip:   3.49 kB[22m
[2mdist/[22m[36massets/STM32U385VG-DVhPNBRC.js           [39m[1m[2m   12.67 kB[22m[1m[22m[2m │ gzip:   3.49 kB[22m
[2mdist/[22m[36massets/STM32G471MC-BzY7m18C.js           [39m[1m[2m   12.69 kB[22m[1m[22m[2m │ gzip:   3.47 kB[22m
[2mdist/[22m[36massets/STM32G471ME-FkAvxH5J.js           [39m[1m[2m   12.69 kB[22m[1m[22m[2m │ gzip:   3.47 kB[22m
[2mdist/[22m[36massets/STM32L4R9VG-CLpS9-uw.js           [39m[1m[2m   12.83 kB[22m[1m[22m[2m │ gzip:   3.52 kB[22m
[2mdist/[22m[36massets/STM32L4R9VI-B3Bux5xN.js           [39m[1m[2m   12.83 kB[22m[1m[22m[2m │ gzip:   3.51 kB[22m
[2mdist/[22m[36massets/STM32L4S9VI-BHLrCVY6.js           [39m[1m[2m   12.83 kB[22m[1m[22m[2m │ gzip:   3.51 kB[22m
[2mdist/[22m[36massets/STM32F407VE-gDa3aovY.js           [39m[1m[2m   12.87 kB[22m[1m[22m[2m │ gzip:   3.43 kB[22m
[2mdist/[22m[36massets/STM32F417VE-NJ6WFkiV.js           [39m[1m[2m   12.87 kB[22m[1m[22m[2m │ gzip:   3.43 kB[22m
[2mdist/[22m[36massets/STM32F407VG-CksOVTqX.js           [39m[1m[2m   12.87 kB[22m[1m[22m[2m │ gzip:   3.43 kB[22m
[2mdist/[22m[36massets/STM32F417VG-Cmi33WGz.js           [39m[1m[2m   12.87 kB[22m[1m[22m[2m │ gzip:   3.43 kB[22m
[2mdist/[22m[36massets/STM32F207VC-CW3T1SGo.js           [39m[1m[2m   12.87 kB[22m[1m[22m[2m │ gzip:   3.44 kB[22m
[2mdist/[22m[36massets/STM32F207VE-Bvz-bPFV.js           [39m[1m[2m   12.87 kB[22m[1m[22m[2m │ gzip:   3.44 kB[22m
[2mdist/[22m[36massets/STM32F207VF-B97B4ioI.js           [39m[1m[2m   12.87 kB[22m[1m[22m[2m │ gzip:   3.44 kB[22m
[2mdist/[22m[36massets/STM32F217VE-CC9-HQaq.js           [39m[1m[2m   12.87 kB[22m[1m[22m[2m │ gzip:   3.44 kB[22m
[2mdist/[22m[36massets/STM32F207VG-D8cIii5X.js           [39m[1m[2m   12.87 kB[22m[1m[22m[2m │ gzip:   3.44 kB[22m
[2mdist/[22m[36massets/STM32F217VG-wj1QjNaX.js           [39m[1m[2m   12.87 kB[22m[1m[22m[2m │ gzip:   3.44 kB[22m
[2mdist/[22m[36massets/STM32L475VC-B9-fkIXT.js           [39m[1m[2m   12.88 kB[22m[1m[22m[2m │ gzip:   3.52 kB[22m
[2mdist/[22m[36massets/STM32L475VE-BGx7pd26.js           [39m[1m[2m   12.88 kB[22m[1m[22m[2m │ gzip:   3.52 kB[22m
[2mdist/[22m[36massets/STM32L476VC-DzQbe9IE.js           [39m[1m[2m   12.88 kB[22m[1m[22m[2m │ gzip:   3.52 kB[22m
[2mdist/[22m[36massets/STM32L476VE-DCH0OHcS.js           [39m[1m[2m   12.88 kB[22m[1m[22m[2m │ gzip:   3.52 kB[22m
[2mdist/[22m[36massets/STM32L475VG-hIB6apfd.js           [39m[1m[2m   12.88 kB[22m[1m[22m[2m │ gzip:   3.52 kB[22m
[2mdist/[22m[36massets/STM32L476VG-DuCkLIXn.js           [39m[1m[2m   12.88 kB[22m[1m[22m[2m │ gzip:   3.52 kB[22m
[2mdist/[22m[36massets/STM32L486VG-DyJwWZlY.js           [39m[1m[2m   12.88 kB[22m[1m[22m[2m │ gzip:   3.52 kB[22m
[2mdist/[22m[36massets/STM32F302VD-DveYmFxg.js           [39m[1m[2m   12.95 kB[22m[1m[22m[2m │ gzip:   3.54 kB[22m
[2mdist/[22m[36massets/STM32F302VE-BaGEFvhs.js           [39m[1m[2m   12.95 kB[22m[1m[22m[2m │ gzip:   3.54 kB[22m
[2mdist/[22m[36massets/STM32L552VE-Bbx8n6s4.js           [39m[1m[2m   12.97 kB[22m[1m[22m[2m │ gzip:   3.53 kB[22m
[2mdist/[22m[36massets/STM32U535VC-DMP2jlxO.js           [39m[1m[2m   12.98 kB[22m[1m[22m[2m │ gzip:   3.54 kB[22m
[2mdist/[22m[36massets/STM32U535VE-CTmo6H6C.js           [39m[1m[2m   12.98 kB[22m[1m[22m[2m │ gzip:   3.54 kB[22m
[2mdist/[22m[36massets/STM32U545VE-Da5jNUdP.js           [39m[1m[2m   12.98 kB[22m[1m[22m[2m │ gzip:   3.54 kB[22m
[2mdist/[22m[36massets/STM32L552VC-jlzAFX7t.js           [39m[1m[2m   12.99 kB[22m[1m[22m[2m │ gzip:   3.54 kB[22m
[2mdist/[22m[36massets/STM32L562VE-BW8N7uYg.js           [39m[1m[2m   12.99 kB[22m[1m[22m[2m │ gzip:   3.54 kB[22m
[2mdist/[22m[36massets/STM32L4R5VG-CaVxaKF7.js           [39m[1m[2m   13.21 kB[22m[1m[22m[2m │ gzip:   3.62 kB[22m
[2mdist/[22m[36massets/STM32L4R5VI-BdQgaNZE.js           [39m[1m[2m   13.21 kB[22m[1m[22m[2m │ gzip:   3.62 kB[22m
[2mdist/[22m[36massets/STM32L4R7VI-5yE9QaEC.js           [39m[1m[2m   13.21 kB[22m[1m[22m[2m │ gzip:   3.62 kB[22m
[2mdist/[22m[36massets/STM32L4S5VI-B7vCVD2g.js           [39m[1m[2m   13.21 kB[22m[1m[22m[2m │ gzip:   3.62 kB[22m
[2mdist/[22m[36massets/STM32L4S7VI-DtrQAJjN.js           [39m[1m[2m   13.21 kB[22m[1m[22m[2m │ gzip:   3.62 kB[22m
[2mdist/[22m[36massets/STM32F100ZC-CJjei7aG.js           [39m[1m[2m   13.25 kB[22m[1m[22m[2m │ gzip:   3.52 kB[22m
[2mdist/[22m[36massets/STM32F100ZD-KK-f9Af6.js           [39m[1m[2m   13.25 kB[22m[1m[22m[2m │ gzip:   3.52 kB[22m
[2mdist/[22m[36massets/STM32F100ZE-CnYbOSaw.js           [39m[1m[2m   13.25 kB[22m[1m[22m[2m │ gzip:   3.52 kB[22m
[2mdist/[22m[36massets/STM32WBA62PG-BaxbqcOM.js          [39m[1m[2m   13.31 kB[22m[1m[22m[2m │ gzip:   3.56 kB[22m
[2mdist/[22m[36massets/STM32WBA62PI-BrR8Hc9B.js          [39m[1m[2m   13.31 kB[22m[1m[22m[2m │ gzip:   3.56 kB[22m
[2mdist/[22m[36massets/STM32F730V8-DNDNYfJV.js           [39m[1m[2m   13.32 kB[22m[1m[22m[2m │ gzip:   3.57 kB[22m
[2mdist/[22m[36massets/STM32F722VC-C2LONX_4.js           [39m[1m[2m   13.33 kB[22m[1m[22m[2m │ gzip:   3.58 kB[22m
[2mdist/[22m[36massets/STM32F722VE-D9ujXQbr.js           [39m[1m[2m   13.33 kB[22m[1m[22m[2m │ gzip:   3.58 kB[22m
[2mdist/[22m[36massets/STM32F732VE-CwizRXXG.js           [39m[1m[2m   13.33 kB[22m[1m[22m[2m │ gzip:   3.58 kB[22m
[2mdist/[22m[36massets/STM32WBA65PG-DxfxBxmE.js          [39m[1m[2m   13.33 kB[22m[1m[22m[2m │ gzip:   3.58 kB[22m
[2mdist/[22m[36massets/STM32WBA65PI-CLAHsKjm.js          [39m[1m[2m   13.33 kB[22m[1m[22m[2m │ gzip:   3.58 kB[22m
[2mdist/[22m[36massets/pgsql-BlNEE0v7.js                 [39m[1m[2m   13.33 kB[22m[1m[22m[2m │ gzip:   4.46 kB[22m
[2mdist/[22m[36massets/STM32F429VE-BPIP7nnt.js           [39m[1m[2m   13.36 kB[22m[1m[22m[2m │ gzip:   3.55 kB[22m
[2mdist/[22m[36massets/STM32F427VG-pjp74HuV.js           [39m[1m[2m   13.36 kB[22m[1m[22m[2m │ gzip:   3.56 kB[22m
[2mdist/[22m[36massets/STM32F427VI-BZurPXD7.js           [39m[1m[2m   13.36 kB[22m[1m[22m[2m │ gzip:   3.56 kB[22m
[2mdist/[22m[36massets/STM32F429VG-EQHrbfLJ.js           [39m[1m[2m   13.36 kB[22m[1m[22m[2m │ gzip:   3.56 kB[22m
[2mdist/[22m[36massets/STM32F429VI-ItvQWrnE.js           [39m[1m[2m   13.36 kB[22m[1m[22m[2m │ gzip:   3.56 kB[22m
[2mdist/[22m[36massets/STM32F437VG-BS85NEb8.js           [39m[1m[2m   13.36 kB[22m[1m[22m[2m │ gzip:   3.56 kB[22m
[2mdist/[22m[36massets/STM32F437VI-C0LdyrQK.js           [39m[1m[2m   13.36 kB[22m[1m[22m[2m │ gzip:   3.56 kB[22m
[2mdist/[22m[36massets/STM32F439VG-DZc8Dwdg.js           [39m[1m[2m   13.36 kB[22m[1m[22m[2m │ gzip:   3.56 kB[22m
[2mdist/[22m[36massets/STM32F439VI-Di3Enu_a.js           [39m[1m[2m   13.36 kB[22m[1m[22m[2m │ gzip:   3.56 kB[22m
[2mdist/[22m[36massets/STM32F446VC-D2h1gIRg.js           [39m[1m[2m   13.39 kB[22m[1m[22m[2m │ gzip:   3.56 kB[22m
[2mdist/[22m[36massets/STM32F446VE-BKg6glNo.js           [39m[1m[2m   13.39 kB[22m[1m[22m[2m │ gzip:   3.56 kB[22m
[2mdist/[22m[36massets/STM32F413VG-B6XbTf7m.js           [39m[1m[2m   13.39 kB[22m[1m[22m[2m │ gzip:   3.63 kB[22m
[2mdist/[22m[36massets/STM32F413VH-DnKHBFC7.js           [39m[1m[2m   13.39 kB[22m[1m[22m[2m │ gzip:   3.63 kB[22m
[2mdist/[22m[36massets/STM32F423VH-84hwOjoc.js           [39m[1m[2m   13.39 kB[22m[1m[22m[2m │ gzip:   3.63 kB[22m
[2mdist/[22m[36massets/STM32G473MB-DFvSobTx.js           [39m[1m[2m   13.51 kB[22m[1m[22m[2m │ gzip:   3.63 kB[22m
[2mdist/[22m[36massets/STM32G473MC-7dlM3sgA.js           [39m[1m[2m   13.51 kB[22m[1m[22m[2m │ gzip:   3.63 kB[22m
[2mdist/[22m[36massets/STM32G473ME-aLuiGikI.js           [39m[1m[2m   13.51 kB[22m[1m[22m[2m │ gzip:   3.63 kB[22m
[2mdist/[22m[36massets/STM32G474MB-BNryzBuu.js           [39m[1m[2m   13.51 kB[22m[1m[22m[2m │ gzip:   3.63 kB[22m
[2mdist/[22m[36massets/STM32G474MC-g7xLwI5N.js           [39m[1m[2m   13.51 kB[22m[1m[22m[2m │ gzip:   3.63 kB[22m
[2mdist/[22m[36massets/STM32G474ME-BZc-GA4z.js           [39m[1m[2m   13.51 kB[22m[1m[22m[2m │ gzip:   3.63 kB[22m
[2mdist/[22m[36massets/STM32G483ME-sIT48Q44.js           [39m[1m[2m   13.51 kB[22m[1m[22m[2m │ gzip:   3.63 kB[22m
[2mdist/[22m[36massets/STM32G484ME-B81tsakW.js           [39m[1m[2m   13.51 kB[22m[1m[22m[2m │ gzip:   3.63 kB[22m
[2mdist/[22m[36massets/STM32L4P5VG-CEQFROgg.js           [39m[1m[2m   13.53 kB[22m[1m[22m[2m │ gzip:   3.67 kB[22m
[2mdist/[22m[36massets/STM32L4Q5VG-CCt3zaX5.js           [39m[1m[2m   13.53 kB[22m[1m[22m[2m │ gzip:   3.67 kB[22m
[2mdist/[22m[36massets/STM32U575VG-DcfvYVY2.js           [39m[1m[2m   13.53 kB[22m[1m[22m[2m │ gzip:   3.68 kB[22m
[2mdist/[22m[36massets/STM32U575VI-C3T9Ek5q.js           [39m[1m[2m   13.53 kB[22m[1m[22m[2m │ gzip:   3.68 kB[22m
[2mdist/[22m[36massets/STM32U585VI-C3Seg1Uq.js           [39m[1m[2m   13.53 kB[22m[1m[22m[2m │ gzip:   3.68 kB[22m
[2mdist/[22m[36massets/STM32L496VG-BOF3aZWx.js           [39m[1m[2m   13.55 kB[22m[1m[22m[2m │ gzip:   3.64 kB[22m
[2mdist/[22m[36massets/STM32F358VC-AZjJRHpD.js           [39m[1m[2m   13.55 kB[22m[1m[22m[2m │ gzip:   3.68 kB[22m
[2mdist/[22m[36massets/STM32L4A6VG-BpNyG9_7.js           [39m[1m[2m   13.55 kB[22m[1m[22m[2m │ gzip:   3.65 kB[22m
[2mdist/[22m[36massets/STM32L4P5VE-CShZLLhS.js           [39m[1m[2m   13.59 kB[22m[1m[22m[2m │ gzip:   3.68 kB[22m
[2mdist/[22m[36massets/STM32L496VE-CPfdAa_i.js           [39m[1m[2m   13.61 kB[22m[1m[22m[2m │ gzip:   3.65 kB[22m
[2mdist/[22m[36massets/STM32F303VB-6W5L7VZh.js           [39m[1m[2m   13.66 kB[22m[1m[22m[2m │ gzip:   3.71 kB[22m
[2mdist/[22m[36massets/STM32F303VC-DIv5FJr5.js           [39m[1m[2m   13.66 kB[22m[1m[22m[2m │ gzip:   3.71 kB[22m
[2mdist/[22m[36massets/STM32L151QC-DdAuSBdH.js           [39m[1m[2m   13.70 kB[22m[1m[22m[2m │ gzip:   3.67 kB[22m
[2mdist/[22m[36massets/STM32L152QC-BuqCFWTn.js           [39m[1m[2m   13.70 kB[22m[1m[22m[2m │ gzip:   3.67 kB[22m
[2mdist/[22m[36massets/STM32L162QC-B-sSviB0.js           [39m[1m[2m   13.70 kB[22m[1m[22m[2m │ gzip:   3.67 kB[22m
[2mdist/[22m[36massets/STM32G431V6-BCm72iGn.js           [39m[1m[2m   13.71 kB[22m[1m[22m[2m │ gzip:   3.73 kB[22m
[2mdist/[22m[36massets/STM32G431V8-BzsjH8L9.js           [39m[1m[2m   13.71 kB[22m[1m[22m[2m │ gzip:   3.73 kB[22m
[2mdist/[22m[36massets/STM32G431VB-9sCjjzJH.js           [39m[1m[2m   13.71 kB[22m[1m[22m[2m │ gzip:   3.73 kB[22m
[2mdist/[22m[36massets/STM32G441VB-DqslLdZi.js           [39m[1m[2m   13.71 kB[22m[1m[22m[2m │ gzip:   3.73 kB[22m
[2mdist/[22m[36massets/STM32F103ZC-CGKWymET.js           [39m[1m[2m   13.74 kB[22m[1m[22m[2m │ gzip:   3.64 kB[22m
[2mdist/[22m[36massets/STM32F103ZD-CiJG2hHQ.js           [39m[1m[2m   13.74 kB[22m[1m[22m[2m │ gzip:   3.64 kB[22m
[2mdist/[22m[36massets/STM32F103ZE-DLB2veyt.js           [39m[1m[2m   13.74 kB[22m[1m[22m[2m │ gzip:   3.64 kB[22m
[2mdist/[22m[36massets/STM32F750V8-VT4bXU2S.js           [39m[1m[2m   13.76 kB[22m[1m[22m[2m │ gzip:   3.66 kB[22m
[2mdist/[22m[36massets/STM32F745VE-Cem5Rdjv.js           [39m[1m[2m   13.77 kB[22m[1m[22m[2m │ gzip:   3.66 kB[22m
[2mdist/[22m[36massets/STM32F746VE-BpijeIGd.js           [39m[1m[2m   13.77 kB[22m[1m[22m[2m │ gzip:   3.66 kB[22m
[2mdist/[22m[36massets/STM32F745VG-Sj4QtvYz.js           [39m[1m[2m   13.77 kB[22m[1m[22m[2m │ gzip:   3.66 kB[22m
[2mdist/[22m[36massets/STM32F746VG-BvYv7atv.js           [39m[1m[2m   13.77 kB[22m[1m[22m[2m │ gzip:   3.66 kB[22m
[2mdist/[22m[36massets/STM32F756VG-DIHaEHYv.js           [39m[1m[2m   13.77 kB[22m[1m[22m[2m │ gzip:   3.66 kB[22m
[2mdist/[22m[36massets/STM32L151QE-HiFgoQ4M.js           [39m[1m[2m   13.78 kB[22m[1m[22m[2m │ gzip:   3.69 kB[22m
[2mdist/[22m[36massets/STM32L152QE-gr60ArD7.js           [39m[1m[2m   13.78 kB[22m[1m[22m[2m │ gzip:   3.69 kB[22m
[2mdist/[22m[36massets/STM32G0B1MB-CCTaARmP.js           [39m[1m[2m   13.80 kB[22m[1m[22m[2m │ gzip:   3.64 kB[22m
[2mdist/[22m[36massets/STM32G0B1MC-CiVqxGpP.js           [39m[1m[2m   13.80 kB[22m[1m[22m[2m │ gzip:   3.63 kB[22m
[2mdist/[22m[36massets/STM32G0B1ME-C78RKCvh.js           [39m[1m[2m   13.80 kB[22m[1m[22m[2m │ gzip:   3.63 kB[22m
[2mdist/[22m[36massets/STM32G0C1MC-Ib1bGWw-.js           [39m[1m[2m   13.80 kB[22m[1m[22m[2m │ gzip:   3.63 kB[22m
[2mdist/[22m[36massets/STM32G0C1ME-Ca9IVbB-.js           [39m[1m[2m   13.80 kB[22m[1m[22m[2m │ gzip:   3.63 kB[22m
[2mdist/[22m[36massets/STM32L151QD-DJFiNY1J.js           [39m[1m[2m   13.88 kB[22m[1m[22m[2m │ gzip:   3.74 kB[22m
[2mdist/[22m[36massets/STM32L152QD-B7f5otHo.js           [39m[1m[2m   13.88 kB[22m[1m[22m[2m │ gzip:   3.74 kB[22m
[2mdist/[22m[36massets/STM32L162QD-C3FnHVDA.js           [39m[1m[2m   13.88 kB[22m[1m[22m[2m │ gzip:   3.74 kB[22m
[2mdist/[22m[36massets/abap-DLDM7-KI.js                  [39m[1m[2m   14.03 kB[22m[1m[22m[2m │ gzip:   5.27 kB[22m
[2mdist/[22m[36massets/STM32U5F7VI-qeLvtU_s.js           [39m[1m[2m   14.04 kB[22m[1m[22m[2m │ gzip:   3.76 kB[22m
[2mdist/[22m[36massets/STM32U5F7VJ-TfEyYYol.js           [39m[1m[2m   14.04 kB[22m[1m[22m[2m │ gzip:   3.76 kB[22m
[2mdist/[22m[36massets/STM32U595VI-Dd-qYZvB.js           [39m[1m[2m   14.11 kB[22m[1m[22m[2m │ gzip:   3.78 kB[22m
[2mdist/[22m[36massets/STM32U599VI-CpHQSp45.js           [39m[1m[2m   14.11 kB[22m[1m[22m[2m │ gzip:   3.78 kB[22m
[2mdist/[22m[36massets/STM32U5A5VJ-DHnt1Kwe.js           [39m[1m[2m   14.11 kB[22m[1m[22m[2m │ gzip:   3.78 kB[22m
[2mdist/[22m[36massets/STM32U5A9VJ-DRHk608L.js           [39m[1m[2m   14.11 kB[22m[1m[22m[2m │ gzip:   3.79 kB[22m
[2mdist/[22m[36massets/STM32U595VJ-DoRmA566.js           [39m[1m[2m   14.11 kB[22m[1m[22m[2m │ gzip:   3.78 kB[22m
[2mdist/[22m[36massets/STM32U599VJ-EbMv3TEo.js           [39m[1m[2m   14.11 kB[22m[1m[22m[2m │ gzip:   3.78 kB[22m
[2mdist/[22m[36massets/STM32F103ZF-CQOImljW.js           [39m[1m[2m   14.17 kB[22m[1m[22m[2m │ gzip:   3.77 kB[22m
[2mdist/[22m[36massets/STM32G0B0VE-BYwsrNGv.js           [39m[1m[2m   14.17 kB[22m[1m[22m[2m │ gzip:   3.73 kB[22m
[2mdist/[22m[36massets/STM32F103ZG-Li6Vnidx.js           [39m[1m[2m   14.17 kB[22m[1m[22m[2m │ gzip:   3.77 kB[22m
[2mdist/[22m[36massets/STM32U5G7VJ-BsRugR8p.js           [39m[1m[2m   14.17 kB[22m[1m[22m[2m │ gzip:   3.80 kB[22m
[2mdist/[22m[36massets/STM32H523VC-BJR_Zqmn.js           [39m[1m[2m   14.24 kB[22m[1m[22m[2m │ gzip:   3.74 kB[22m
[2mdist/[22m[36massets/STM32H523VE-BUj7bfBg.js           [39m[1m[2m   14.24 kB[22m[1m[22m[2m │ gzip:   3.74 kB[22m
[2mdist/[22m[36massets/STM32H533VE-Da_4iTzm.js           [39m[1m[2m   14.24 kB[22m[1m[22m[2m │ gzip:   3.74 kB[22m
[2mdist/[22m[36massets/STM32H7A3VG-oxzvLAZP.js           [39m[1m[2m   14.26 kB[22m[1m[22m[2m │ gzip:   3.86 kB[22m
[2mdist/[22m[36massets/STM32H7A3VI-gjhMSU8t.js           [39m[1m[2m   14.26 kB[22m[1m[22m[2m │ gzip:   3.86 kB[22m
[2mdist/[22m[36massets/STM32H7B3VI-B3Z_XRTh.js           [39m[1m[2m   14.26 kB[22m[1m[22m[2m │ gzip:   3.86 kB[22m
[2mdist/[22m[36massets/STM32L151ZC-Duu2IfvO.js           [39m[1m[2m   14.33 kB[22m[1m[22m[2m │ gzip:   3.82 kB[22m
[2mdist/[22m[36massets/STM32L152ZC-CRJ4PdtX.js           [39m[1m[2m   14.33 kB[22m[1m[22m[2m │ gzip:   3.82 kB[22m
[2mdist/[22m[36massets/STM32L162ZC-D9_4eSBE.js           [39m[1m[2m   14.33 kB[22m[1m[22m[2m │ gzip:   3.82 kB[22m
[2mdist/[22m[36massets/ExtensionsModal-3AzAat_W.js       [39m[1m[2m   14.41 kB[22m[1m[22m[2m │ gzip:   4.17 kB[22m
[2mdist/[22m[36massets/STM32L151ZE-BejGJYOu.js           [39m[1m[2m   14.44 kB[22m[1m[22m[2m │ gzip:   3.85 kB[22m
[2mdist/[22m[36massets/STM32L152ZE-CvDxbTZO.js           [39m[1m[2m   14.44 kB[22m[1m[22m[2m │ gzip:   3.85 kB[22m
[2mdist/[22m[36massets/STM32L162ZE-CjPax6T0.js           [39m[1m[2m   14.44 kB[22m[1m[22m[2m │ gzip:   3.86 kB[22m
[2mdist/[22m[36massets/STM32H7B0VB-JcSB0GfN.js           [39m[1m[2m   14.47 kB[22m[1m[22m[2m │ gzip:   3.89 kB[22m
[2mdist/[22m[36massets/STM32F398VE-CW32zSIa.js           [39m[1m[2m   14.49 kB[22m[1m[22m[2m │ gzip:   3.86 kB[22m
[2mdist/[22m[36massets/STM32L151ZD-tr-anuhv.js           [39m[1m[2m   14.51 kB[22m[1m[22m[2m │ gzip:   3.89 kB[22m
[2mdist/[22m[36massets/STM32L152ZD-DbermUP3.js           [39m[1m[2m   14.51 kB[22m[1m[22m[2m │ gzip:   3.89 kB[22m
[2mdist/[22m[36massets/STM32L162ZD-CEkTeWxh.js           [39m[1m[2m   14.51 kB[22m[1m[22m[2m │ gzip:   3.90 kB[22m
[2mdist/[22m[36massets/STM32H562VG-BWWWuNSl.js           [39m[1m[2m   14.52 kB[22m[1m[22m[2m │ gzip:   3.87 kB[22m
[2mdist/[22m[36massets/STM32H562VI-BR_zRw6R.js           [39m[1m[2m   14.52 kB[22m[1m[22m[2m │ gzip:   3.87 kB[22m
[2mdist/[22m[36massets/STM32H725VE-IWSi0JDN.js           [39m[1m[2m   14.55 kB[22m[1m[22m[2m │ gzip:   3.86 kB[22m
[2mdist/[22m[36massets/STM32H725VG-DAa3LPNp.js           [39m[1m[2m   14.55 kB[22m[1m[22m[2m │ gzip:   3.86 kB[22m
[2mdist/[22m[36massets/STM32H735VG-Do8PaixE.js           [39m[1m[2m   14.55 kB[22m[1m[22m[2m │ gzip:   3.86 kB[22m
[2mdist/[22m[36massets/STM32L496WG-COB_-L0U.js           [39m[1m[2m   14.56 kB[22m[1m[22m[2m │ gzip:   3.87 kB[22m
[2mdist/[22m[36massets/STM32F765VG-CMe_h1fu.js           [39m[1m[2m   14.59 kB[22m[1m[22m[2m │ gzip:   3.83 kB[22m
[2mdist/[22m[36massets/STM32F765VI-Dfnz6bVm.js           [39m[1m[2m   14.59 kB[22m[1m[22m[2m │ gzip:   3.83 kB[22m
[2mdist/[22m[36massets/STM32F767VG-Dy_kvugD.js           [39m[1m[2m   14.59 kB[22m[1m[22m[2m │ gzip:   3.83 kB[22m
[2mdist/[22m[36massets/STM32F767VI-Bx1SiJef.js           [39m[1m[2m   14.59 kB[22m[1m[22m[2m │ gzip:   3.83 kB[22m
[2mdist/[22m[36massets/STM32F777VI-DOgcdcEl.js           [39m[1m[2m   14.59 kB[22m[1m[22m[2m │ gzip:   3.83 kB[22m
[2mdist/[22m[36massets/STM32F303VD-DSb06KQ1.js           [39m[1m[2m   14.61 kB[22m[1m[22m[2m │ gzip:   3.90 kB[22m
[2mdist/[22m[36massets/STM32F303VE-C4GhZT4h.js           [39m[1m[2m   14.61 kB[22m[1m[22m[2m │ gzip:   3.90 kB[22m
[2mdist/[22m[36massets/STM32G491VC-CV85L6Rd.js           [39m[1m[2m   14.74 kB[22m[1m[22m[2m │ gzip:   3.98 kB[22m
[2mdist/[22m[36massets/STM32G491VE-DeX8AuNO.js           [39m[1m[2m   14.74 kB[22m[1m[22m[2m │ gzip:   3.98 kB[22m
[2mdist/[22m[36massets/STM32G4A1VE-CFJd4hz2.js           [39m[1m[2m   14.75 kB[22m[1m[22m[2m │ gzip:   3.99 kB[22m
[2mdist/[22m[36massets/STM32H750VB-tHZJD9ZV.js           [39m[1m[2m   14.75 kB[22m[1m[22m[2m │ gzip:   3.90 kB[22m
[2mdist/[22m[36massets/STM32H742VG-DhRh3WQM.js           [39m[1m[2m   14.76 kB[22m[1m[22m[2m │ gzip:   3.90 kB[22m
[2mdist/[22m[36massets/STM32H742VI-B0iU_ojG.js           [39m[1m[2m   14.76 kB[22m[1m[22m[2m │ gzip:   3.90 kB[22m
[2mdist/[22m[36massets/STM32H743VG-Dpgke7GE.js           [39m[1m[2m   14.76 kB[22m[1m[22m[2m │ gzip:   3.90 kB[22m
[2mdist/[22m[36massets/STM32H743VI-Fkpi_H1z.js           [39m[1m[2m   14.76 kB[22m[1m[22m[2m │ gzip:   3.90 kB[22m
[2mdist/[22m[36massets/STM32H753VI-DD5Vvq-f.js           [39m[1m[2m   14.76 kB[22m[1m[22m[2m │ gzip:   3.90 kB[22m
[2mdist/[22m[36massets/STM32H563VI-BVePGQFG.js           [39m[1m[2m   14.87 kB[22m[1m[22m[2m │ gzip:   3.96 kB[22m
[2mdist/[22m[36massets/STM32H573VI-BTlkyA2U.js           [39m[1m[2m   14.87 kB[22m[1m[22m[2m │ gzip:   3.96 kB[22m
[2mdist/[22m[36massets/STM32H563VG-rWLui88m.js           [39m[1m[2m   15.02 kB[22m[1m[22m[2m │ gzip:   3.97 kB[22m
[2mdist/[22m[36massets/STM32H723VE-DWyNwGtt.js           [39m[1m[2m   15.08 kB[22m[1m[22m[2m │ gzip:   3.98 kB[22m
[2mdist/[22m[36massets/STM32H730VB-ZOz4IY5l.js           [39m[1m[2m   15.08 kB[22m[1m[22m[2m │ gzip:   3.98 kB[22m
[2mdist/[22m[36massets/STM32H723VG-RyAgf3DJ.js           [39m[1m[2m   15.09 kB[22m[1m[22m[2m │ gzip:   3.98 kB[22m
[2mdist/[22m[36massets/STM32H733VG-ChKD4bWF.js           [39m[1m[2m   15.09 kB[22m[1m[22m[2m │ gzip:   3.98 kB[22m
[2mdist/[22m[36massets/STM32G471VC-BEwlThL8.js           [39m[1m[2m   15.19 kB[22m[1m[22m[2m │ gzip:   4.06 kB[22m
[2mdist/[22m[36massets/STM32G471VE-DaZlbEpG.js           [39m[1m[2m   15.19 kB[22m[1m[22m[2m │ gzip:   4.06 kB[22m
[2mdist/[22m[36massets/STM32L471QE-Bpj9c9I1.js           [39m[1m[2m   15.38 kB[22m[1m[22m[2m │ gzip:   4.10 kB[22m
[2mdist/[22m[36massets/STM32L471QG-C2ogdGRr.js           [39m[1m[2m   15.38 kB[22m[1m[22m[2m │ gzip:   4.10 kB[22m
[2mdist/[22m[36massets/STM32F302ZD-Diu9nays.js           [39m[1m[2m   15.42 kB[22m[1m[22m[2m │ gzip:   4.07 kB[22m
[2mdist/[22m[36massets/STM32F302ZE-CuA3IAY0.js           [39m[1m[2m   15.42 kB[22m[1m[22m[2m │ gzip:   4.07 kB[22m
[2mdist/[22m[36massets/CodeEditor-Dknsb7jj.js            [39m[1m[2m   15.49 kB[22m[1m[22m[2m │ gzip:   5.42 kB[22m
[2mdist/[22m[36massets/freemarker2-B_xXwbvK.js           [39m[1m[2m   15.60 kB[22m[1m[22m[2m │ gzip:   3.91 kB[22m
[2mdist/[22m[36massets/STM32L476QE-DrJRLfpA.js           [39m[1m[2m   15.61 kB[22m[1m[22m[2m │ gzip:   4.16 kB[22m
[2mdist/[22m[36massets/STM32L476QG-B7PcZM9F.js           [39m[1m[2m   15.61 kB[22m[1m[22m[2m │ gzip:   4.16 kB[22m
[2mdist/[22m[36massets/STM32L486QG-mkVrnrmw.js           [39m[1m[2m   15.61 kB[22m[1m[22m[2m │ gzip:   4.17 kB[22m
[2mdist/[22m[36massets/STM32F405ZG-4SHQ77R7.js           [39m[1m[2m   15.63 kB[22m[1m[22m[2m │ gzip:   4.09 kB[22m
[2mdist/[22m[36massets/STM32F415ZG-DZXy1dRp.js           [39m[1m[2m   15.63 kB[22m[1m[22m[2m │ gzip:   4.09 kB[22m
[2mdist/[22m[36massets/STM32F205ZC-Cf3Zs7mf.js           [39m[1m[2m   15.63 kB[22m[1m[22m[2m │ gzip:   4.10 kB[22m
[2mdist/[22m[36massets/STM32F205ZE-Cvzl0i0N.js           [39m[1m[2m   15.63 kB[22m[1m[22m[2m │ gzip:   4.10 kB[22m
[2mdist/[22m[36massets/STM32F205ZF-ByP_fSKF.js           [39m[1m[2m   15.63 kB[22m[1m[22m[2m │ gzip:   4.10 kB[22m
[2mdist/[22m[36massets/STM32F215ZE-DFb05EqT.js           [39m[1m[2m   15.63 kB[22m[1m[22m[2m │ gzip:   4.10 kB[22m
[2mdist/[22m[36massets/STM32F205ZG-B1RkFJju.js           [39m[1m[2m   15.63 kB[22m[1m[22m[2m │ gzip:   4.10 kB[22m
[2mdist/[22m[36massets/STM32F215ZG-_2eZoeT9.js           [39m[1m[2m   15.63 kB[22m[1m[22m[2m │ gzip:   4.10 kB[22m
[2mdist/[22m[36massets/STM32F412ZE-6EzVO7g1.js           [39m[1m[2m   15.64 kB[22m[1m[22m[2m │ gzip:   4.14 kB[22m
[2mdist/[22m[36massets/STM32F412ZG-Cf4p7IPI.js           [39m[1m[2m   15.64 kB[22m[1m[22m[2m │ gzip:   4.14 kB[22m
[2mdist/[22m[36massets/STM32G0B1VB-Cad04QV4.js           [39m[1m[2m   15.70 kB[22m[1m[22m[2m │ gzip:   4.09 kB[22m
[2mdist/[22m[36massets/STM32G0B1VC-6I2j6MHT.js           [39m[1m[2m   15.70 kB[22m[1m[22m[2m │ gzip:   4.09 kB[22m
[2mdist/[22m[36massets/STM32G0B1VE-Dos4O1p-.js           [39m[1m[2m   15.70 kB[22m[1m[22m[2m │ gzip:   4.09 kB[22m
[2mdist/[22m[36massets/STM32G0C1VC-CqNlMrVG.js           [39m[1m[2m   15.70 kB[22m[1m[22m[2m │ gzip:   4.09 kB[22m
[2mdist/[22m[36massets/STM32G0C1VE-nU86vhoL.js           [39m[1m[2m   15.70 kB[22m[1m[22m[2m │ gzip:   4.09 kB[22m
[2mdist/[22m[36massets/STM32F469ZE-CAVRWjgq.js           [39m[1m[2m   15.71 kB[22m[1m[22m[2m │ gzip:   4.09 kB[22m
[2mdist/[22m[36massets/STM32F469ZG-BBmFtx4N.js           [39m[1m[2m   15.71 kB[22m[1m[22m[2m │ gzip:   4.09 kB[22m
[2mdist/[22m[36massets/STM32F469ZI-Bp0qyPgH.js           [39m[1m[2m   15.71 kB[22m[1m[22m[2m │ gzip:   4.09 kB[22m
[2mdist/[22m[36massets/STM32F479ZG-IncbmiF8.js           [39m[1m[2m   15.71 kB[22m[1m[22m[2m │ gzip:   4.09 kB[22m
[2mdist/[22m[36massets/STM32F479ZI-ZgexXuJY.js           [39m[1m[2m   15.71 kB[22m[1m[22m[2m │ gzip:   4.09 kB[22m
[2mdist/[22m[36massets/STM32L552QE-DymVmr57.js           [39m[1m[2m   15.73 kB[22m[1m[22m[2m │ gzip:   4.19 kB[22m
[2mdist/[22m[36massets/STM32L552QC-O8r0wtis.js           [39m[1m[2m   15.74 kB[22m[1m[22m[2m │ gzip:   4.20 kB[22m
[2mdist/[22m[36massets/STM32L562QE-D8oqTx3j.js           [39m[1m[2m   15.74 kB[22m[1m[22m[2m │ gzip:   4.20 kB[22m
[2mdist/[22m[36massets/STM32L4R5QG-CuIbQUFh.js           [39m[1m[2m   15.90 kB[22m[1m[22m[2m │ gzip:   4.26 kB[22m
[2mdist/[22m[36massets/STM32L4R5QI-ClFLZ8MQ.js           [39m[1m[2m   15.90 kB[22m[1m[22m[2m │ gzip:   4.26 kB[22m
[2mdist/[22m[36massets/STM32L4S5QI-D3heIxLb.js           [39m[1m[2m   15.90 kB[22m[1m[22m[2m │ gzip:   4.26 kB[22m
[2mdist/[22m[36massets/STM32F207ZC-02Wf9ZWu.js           [39m[1m[2m   16.02 kB[22m[1m[22m[2m │ gzip:   4.16 kB[22m
[2mdist/[22m[36massets/STM32F207ZE-kfutXHMv.js           [39m[1m[2m   16.02 kB[22m[1m[22m[2m │ gzip:   4.16 kB[22m
[2mdist/[22m[36massets/STM32F207ZF-D5PM5MZM.js           [39m[1m[2m   16.02 kB[22m[1m[22m[2m │ gzip:   4.16 kB[22m
[2mdist/[22m[36massets/STM32F217ZE-BKJq3jJ_.js           [39m[1m[2m   16.02 kB[22m[1m[22m[2m │ gzip:   4.16 kB[22m
[2mdist/[22m[36massets/STM32F407ZE-DZFMRdd4.js           [39m[1m[2m   16.02 kB[22m[1m[22m[2m │ gzip:   4.15 kB[22m
[2mdist/[22m[36massets/STM32F417ZE-B89U4eYf.js           [39m[1m[2m   16.02 kB[22m[1m[22m[2m │ gzip:   4.16 kB[22m
[2mdist/[22m[36massets/STM32F407ZG-BtG2gD8o.js           [39m[1m[2m   16.02 kB[22m[1m[22m[2m │ gzip:   4.16 kB[22m
[2mdist/[22m[36massets/STM32F417ZG-DBbsetmS.js           [39m[1m[2m   16.02 kB[22m[1m[22m[2m │ gzip:   4.16 kB[22m
[2mdist/[22m[36massets/STM32F207ZG-BC0KvJ2d.js           [39m[1m[2m   16.03 kB[22m[1m[22m[2m │ gzip:   4.16 kB[22m
[2mdist/[22m[36massets/STM32F217ZG-CnsrfFIb.js           [39m[1m[2m   16.03 kB[22m[1m[22m[2m │ gzip:   4.16 kB[22m
[2mdist/[22m[36massets/STM32F730Z8-DKvJOZhB.js           [39m[1m[2m   16.15 kB[22m[1m[22m[2m │ gzip:   4.27 kB[22m
[2mdist/[22m[36massets/STM32F723ZC-BoS8Wy7M.js           [39m[1m[2m   16.15 kB[22m[1m[22m[2m │ gzip:   4.28 kB[22m
[2mdist/[22m[36massets/STM32F723ZE-BWAvbn7o.js           [39m[1m[2m   16.15 kB[22m[1m[22m[2m │ gzip:   4.28 kB[22m
[2mdist/[22m[36massets/STM32F733ZE-P21Udqlm.js           [39m[1m[2m   16.15 kB[22m[1m[22m[2m │ gzip:   4.28 kB[22m
[2mdist/[22m[36massets/STM32G473VB-PzA2Scz7.js           [39m[1m[2m   16.17 kB[22m[1m[22m[2m │ gzip:   4.22 kB[22m
[2mdist/[22m[36massets/STM32G473VC-BHR1WRhX.js           [39m[1m[2m   16.17 kB[22m[1m[22m[2m │ gzip:   4.22 kB[22m
[2mdist/[22m[36massets/STM32G473VE-DguW_eIb.js           [39m[1m[2m   16.17 kB[22m[1m[22m[2m │ gzip:   4.22 kB[22m
[2mdist/[22m[36massets/STM32G474VB-BtKk-VlG.js           [39m[1m[2m   16.17 kB[22m[1m[22m[2m │ gzip:   4.22 kB[22m
[2mdist/[22m[36massets/STM32G474VC-a1m3uFCl.js           [39m[1m[2m   16.17 kB[22m[1m[22m[2m │ gzip:   4.22 kB[22m
[2mdist/[22m[36massets/STM32G474VE-B2PAcWMq.js           [39m[1m[2m   16.17 kB[22m[1m[22m[2m │ gzip:   4.22 kB[22m
[2mdist/[22m[36massets/STM32G483VE-024L13r4.js           [39m[1m[2m   16.17 kB[22m[1m[22m[2m │ gzip:   4.22 kB[22m
[2mdist/[22m[36massets/STM32G484VE-Dvq6ltm1.js           [39m[1m[2m   16.17 kB[22m[1m[22m[2m │ gzip:   4.22 kB[22m
[2mdist/[22m[36massets/STM32L4P5QG-BSaM2Q0Z.js           [39m[1m[2m   16.24 kB[22m[1m[22m[2m │ gzip:   4.31 kB[22m
[2mdist/[22m[36massets/STM32L4Q5QG-CNz6rLTg.js           [39m[1m[2m   16.24 kB[22m[1m[22m[2m │ gzip:   4.31 kB[22m
[2mdist/[22m[36massets/STM32H7A3QI-ByhYRRnu.js           [39m[1m[2m   16.26 kB[22m[1m[22m[2m │ gzip:   4.21 kB[22m
[2mdist/[22m[36massets/STM32H7B3QI-Bwl5hm0F.js           [39m[1m[2m   16.26 kB[22m[1m[22m[2m │ gzip:   4.22 kB[22m
[2mdist/[22m[36massets/STM32L471ZE-DRXlVmLZ.js           [39m[1m[2m   16.31 kB[22m[1m[22m[2m │ gzip:   4.30 kB[22m
[2mdist/[22m[36massets/STM32L471ZG-FMQWIn1T.js           [39m[1m[2m   16.31 kB[22m[1m[22m[2m │ gzip:   4.30 kB[22m
[2mdist/[22m[36massets/STM32L4P5QE-Ctd5mR7U.js           [39m[1m[2m   16.31 kB[22m[1m[22m[2m │ gzip:   4.32 kB[22m
[2mdist/[22m[36massets/STM32L552ZE-Tkubv3Iv.js           [39m[1m[2m   16.35 kB[22m[1m[22m[2m │ gzip:   4.32 kB[22m
[2mdist/[22m[36massets/STM32L4R9ZG-CMjegGyW.js           [39m[1m[2m   16.35 kB[22m[1m[22m[2m │ gzip:   4.36 kB[22m
[2mdist/[22m[36massets/STM32L4R9ZI-YEbEAyTC.js           [39m[1m[2m   16.35 kB[22m[1m[22m[2m │ gzip:   4.36 kB[22m
[2mdist/[22m[36massets/STM32L4S9ZI-Bw2q37mh.js           [39m[1m[2m   16.35 kB[22m[1m[22m[2m │ gzip:   4.36 kB[22m
[2mdist/[22m[36massets/STM32L4A6QG-Do6rn5uE.js           [39m[1m[2m   16.36 kB[22m[1m[22m[2m │ gzip:   4.32 kB[22m
[2mdist/[22m[36massets/STM32L552ZC-2jL3DBia.js           [39m[1m[2m   16.37 kB[22m[1m[22m[2m │ gzip:   4.33 kB[22m
[2mdist/[22m[36massets/STM32L562ZE-DqbZB2oz.js           [39m[1m[2m   16.37 kB[22m[1m[22m[2m │ gzip:   4.32 kB[22m
[2mdist/[22m[36massets/STM32L496QE-BLJfsauI.js           [39m[1m[2m   16.42 kB[22m[1m[22m[2m │ gzip:   4.32 kB[22m
[2mdist/[22m[36massets/STM32L496QG-Bg35hRNF.js           [39m[1m[2m   16.42 kB[22m[1m[22m[2m │ gzip:   4.33 kB[22m
[2mdist/[22m[36massets/STM32U575QG-NNEPZEuq.js           [39m[1m[2m   16.46 kB[22m[1m[22m[2m │ gzip:   4.37 kB[22m
[2mdist/[22m[36massets/STM32U575QI-DibpeqrC.js           [39m[1m[2m   16.46 kB[22m[1m[22m[2m │ gzip:   4.37 kB[22m
[2mdist/[22m[36massets/STM32U585QI-CQTjGqRr.js           [39m[1m[2m   16.46 kB[22m[1m[22m[2m │ gzip:   4.37 kB[22m
[2mdist/[22m[36massets/STM32L476ZG-LIcTiJaE.js           [39m[1m[2m   16.49 kB[22m[1m[22m[2m │ gzip:   4.37 kB[22m
[2mdist/[22m[36massets/STM32L476ZE-Y341KlSJ.js           [39m[1m[2m   16.53 kB[22m[1m[22m[2m │ gzip:   4.37 kB[22m
[2mdist/[22m[36massets/STM32L486ZG-9Mu4e7pc.js           [39m[1m[2m   16.54 kB[22m[1m[22m[2m │ gzip:   4.37 kB[22m
[2mdist/[22m[36massets/STM32L4R5ZI-B-dIyhUS.js           [39m[1m[2m   16.59 kB[22m[1m[22m[2m │ gzip:   4.42 kB[22m
[2mdist/[22m[36massets/STM32F413ZG-BbT837i3.js           [39m[1m[2m   16.60 kB[22m[1m[22m[2m │ gzip:   4.39 kB[22m
[2mdist/[22m[36massets/STM32F413ZH-2tFbmJ3E.js           [39m[1m[2m   16.60 kB[22m[1m[22m[2m │ gzip:   4.39 kB[22m
[2mdist/[22m[36massets/STM32F423ZH-CEdepwoC.js           [39m[1m[2m   16.60 kB[22m[1m[22m[2m │ gzip:   4.39 kB[22m
[2mdist/[22m[36massets/STM32L4R5ZG-B1u-ZyR6.js           [39m[1m[2m   16.64 kB[22m[1m[22m[2m │ gzip:   4.43 kB[22m
[2mdist/[22m[36massets/STM32L4R7ZI-BtmeUWLc.js           [39m[1m[2m   16.64 kB[22m[1m[22m[2m │ gzip:   4.43 kB[22m
[2mdist/[22m[36massets/STM32L4S5ZI-JW6-EHlw.js           [39m[1m[2m   16.64 kB[22m[1m[22m[2m │ gzip:   4.43 kB[22m
[2mdist/[22m[36massets/STM32L4S7ZI-BvZYXe-a.js           [39m[1m[2m   16.64 kB[22m[1m[22m[2m │ gzip:   4.43 kB[22m
[2mdist/[22m[36massets/STM32F722ZC-Suy0Ixaz.js           [39m[1m[2m   16.70 kB[22m[1m[22m[2m │ gzip:   4.35 kB[22m
[2mdist/[22m[36massets/STM32F722ZE-Ct2uWQPE.js           [39m[1m[2m   16.70 kB[22m[1m[22m[2m │ gzip:   4.35 kB[22m
[2mdist/[22m[36massets/STM32F732ZE-B3gNMXP2.js           [39m[1m[2m   16.70 kB[22m[1m[22m[2m │ gzip:   4.35 kB[22m
[2mdist/[22m[36massets/STM32F446ZC-ojcYScVh.js           [39m[1m[2m   16.74 kB[22m[1m[22m[2m │ gzip:   4.34 kB[22m
[2mdist/[22m[36massets/STM32F446ZE-BGXzAeZq.js           [39m[1m[2m   16.74 kB[22m[1m[22m[2m │ gzip:   4.34 kB[22m
[2mdist/[22m[36massets/powerquery-tScXyioY.js            [39m[1m[2m   16.80 kB[22m[1m[22m[2m │ gzip:   4.81 kB[22m
[2mdist/[22m[36massets/STM32F429ZE-DDgBQUba.js           [39m[1m[2m   16.93 kB[22m[1m[22m[2m │ gzip:   4.39 kB[22m
[2mdist/[22m[36massets/STM32F427ZG-CyWo-Kbf.js           [39m[1m[2m   16.93 kB[22m[1m[22m[2m │ gzip:   4.39 kB[22m
[2mdist/[22m[36massets/STM32F427ZI-BIapno7Y.js           [39m[1m[2m   16.93 kB[22m[1m[22m[2m │ gzip:   4.39 kB[22m
[2mdist/[22m[36massets/STM32F429ZG-CqxHgBmJ.js           [39m[1m[2m   16.93 kB[22m[1m[22m[2m │ gzip:   4.39 kB[22m
[2mdist/[22m[36massets/STM32F429ZI-CvnvA_un.js           [39m[1m[2m   16.93 kB[22m[1m[22m[2m │ gzip:   4.39 kB[22m
[2mdist/[22m[36massets/STM32F437ZG-BjiMFaPF.js           [39m[1m[2m   16.93 kB[22m[1m[22m[2m │ gzip:   4.40 kB[22m
[2mdist/[22m[36massets/STM32F437ZI-D8H_X9b7.js           [39m[1m[2m   16.93 kB[22m[1m[22m[2m │ gzip:   4.40 kB[22m
[2mdist/[22m[36massets/STM32F439ZG-Cl0y8CUw.js           [39m[1m[2m   16.93 kB[22m[1m[22m[2m │ gzip:   4.40 kB[22m
[2mdist/[22m[36massets/STM32F439ZI-B95LTwNF.js           [39m[1m[2m   16.93 kB[22m[1m[22m[2m │ gzip:   4.40 kB[22m
[2mdist/[22m[36massets/STM32L4P5ZG-CEn9NFxk.js           [39m[1m[2m   17.00 kB[22m[1m[22m[2m │ gzip:   4.48 kB[22m
[2mdist/[22m[36massets/STM32L4Q5ZG-uduNMQ17.js           [39m[1m[2m   17.00 kB[22m[1m[22m[2m │ gzip:   4.48 kB[22m
[2mdist/[22m[36massets/STM32L4P5ZE-CGlJ2XLA.js           [39m[1m[2m   17.05 kB[22m[1m[22m[2m │ gzip:   4.49 kB[22m
[2mdist/[22m[36massets/STM32U575ZG-DVqLJo25.js           [39m[1m[2m   17.09 kB[22m[1m[22m[2m │ gzip:   4.51 kB[22m
[2mdist/[22m[36massets/STM32U575ZI-BgzMdx7y.js           [39m[1m[2m   17.09 kB[22m[1m[22m[2m │ gzip:   4.51 kB[22m
[2mdist/[22m[36massets/STM32U585ZI-CAHPm7L0.js           [39m[1m[2m   17.09 kB[22m[1m[22m[2m │ gzip:   4.51 kB[22m
[2mdist/[22m[36massets/STM32U595QI-DthVKBip.js           [39m[1m[2m   17.21 kB[22m[1m[22m[2m │ gzip:   4.49 kB[22m
[2mdist/[22m[36massets/STM32U5A5QI-BwLVoObE.js           [39m[1m[2m   17.21 kB[22m[1m[22m[2m │ gzip:   4.49 kB[22m
[2mdist/[22m[36massets/STM32U5A5QJ-j_vTlKwD.js           [39m[1m[2m   17.21 kB[22m[1m[22m[2m │ gzip:   4.50 kB[22m
[2mdist/[22m[36massets/STM32U595QJ-BA82CbtS.js           [39m[1m[2m   17.21 kB[22m[1m[22m[2m │ gzip:   4.49 kB[22m
[2mdist/[22m[36massets/STM32L496ZG-BdDwWp5J.js           [39m[1m[2m   17.28 kB[22m[1m[22m[2m │ gzip:   4.52 kB[22m
[2mdist/[22m[36massets/STM32L4A6ZG-CiINkxnm.js           [39m[1m[2m   17.29 kB[22m[1m[22m[2m │ gzip:   4.53 kB[22m
[2mdist/[22m[36massets/SettingsModal-DHGOwpQJ.js         [39m[1m[2m   17.44 kB[22m[1m[22m[2m │ gzip:   4.42 kB[22m
[2mdist/[22m[36massets/STM32F303ZD-CIViSt4C.js           [39m[1m[2m   17.46 kB[22m[1m[22m[2m │ gzip:   4.53 kB[22m
[2mdist/[22m[36massets/STM32F303ZE-CH1P-3-K.js           [39m[1m[2m   17.46 kB[22m[1m[22m[2m │ gzip:   4.53 kB[22m
[2mdist/[22m[36massets/STM32G471QC-B6zupDGo.js           [39m[1m[2m   17.76 kB[22m[1m[22m[2m │ gzip:   4.65 kB[22m
[2mdist/[22m[36massets/STM32G471QE-DydZDjCU.js           [39m[1m[2m   17.76 kB[22m[1m[22m[2m │ gzip:   4.65 kB[22m
[2mdist/[22m[36massets/STM32U5F9ZI-CfxJNzrr.js           [39m[1m[2m   18.04 kB[22m[1m[22m[2m │ gzip:   4.49 kB[22m
[2mdist/[22m[36massets/STM32U5F9ZJ-BB9FrNSN.js           [39m[1m[2m   18.04 kB[22m[1m[22m[2m │ gzip:   4.49 kB[22m
[2mdist/[22m[36massets/STM32H523ZC-4yqT08aX.js           [39m[1m[2m   18.12 kB[22m[1m[22m[2m │ gzip:   4.49 kB[22m
[2mdist/[22m[36massets/STM32H523ZE-CYUx02CK.js           [39m[1m[2m   18.12 kB[22m[1m[22m[2m │ gzip:   4.49 kB[22m
[2mdist/[22m[36massets/STM32H533ZE-DSw7gK_2.js           [39m[1m[2m   18.12 kB[22m[1m[22m[2m │ gzip:   4.49 kB[22m
[2mdist/[22m[36massets/STM32G473PB-CxEos8mo.js           [39m[1m[2m   18.17 kB[22m[1m[22m[2m │ gzip:   4.68 kB[22m
[2mdist/[22m[36massets/STM32G473PC-BQFg36dH.js           [39m[1m[2m   18.17 kB[22m[1m[22m[2m │ gzip:   4.68 kB[22m
[2mdist/[22m[36massets/STM32G473PE-D0-1Upnp.js           [39m[1m[2m   18.17 kB[22m[1m[22m[2m │ gzip:   4.68 kB[22m
[2mdist/[22m[36massets/STM32G474PB-kKkfgaKt.js           [39m[1m[2m   18.17 kB[22m[1m[22m[2m │ gzip:   4.68 kB[22m
[2mdist/[22m[36massets/STM32G474PC-r5xHGM7C.js           [39m[1m[2m   18.17 kB[22m[1m[22m[2m │ gzip:   4.68 kB[22m
[2mdist/[22m[36massets/STM32G474PE-Bz030RAJ.js           [39m[1m[2m   18.17 kB[22m[1m[22m[2m │ gzip:   4.68 kB[22m
[2mdist/[22m[36massets/STM32G483PE-D1uGtPMT.js           [39m[1m[2m   18.17 kB[22m[1m[22m[2m │ gzip:   4.68 kB[22m
[2mdist/[22m[36massets/STM32G484PE-DJ5k0n_M.js           [39m[1m[2m   18.17 kB[22m[1m[22m[2m │ gzip:   4.68 kB[22m
[2mdist/[22m[36massets/STM32U5G9ZJ-Dgp0uzGq.js           [39m[1m[2m   18.21 kB[22m[1m[22m[2m │ gzip:   4.53 kB[22m
[2mdist/[22m[36massets/STM32L496ZE-BbcBMDeJ.js           [39m[1m[2m   18.22 kB[22m[1m[22m[2m │ gzip:   4.59 kB[22m
[2mdist/[22m[36massets/STM32F750Z8-BkCmtvtv.js           [39m[1m[2m   18.30 kB[22m[1m[22m[2m │ gzip:   4.59 kB[22m
[2mdist/[22m[36massets/STM32F745ZE-D7nj-07p.js           [39m[1m[2m   18.30 kB[22m[1m[22m[2m │ gzip:   4.59 kB[22m
[2mdist/[22m[36massets/STM32F746ZE-BzOVwwof.js           [39m[1m[2m   18.30 kB[22m[1m[22m[2m │ gzip:   4.60 kB[22m
[2mdist/[22m[36massets/STM32F745ZG-BIYh8R-a.js           [39m[1m[2m   18.31 kB[22m[1m[22m[2m │ gzip:   4.60 kB[22m
[2mdist/[22m[36massets/STM32F746ZG-lV83yfGB.js           [39m[1m[2m   18.31 kB[22m[1m[22m[2m │ gzip:   4.60 kB[22m
[2mdist/[22m[36massets/STM32F756ZG-DTFhxrAh.js           [39m[1m[2m   18.31 kB[22m[1m[22m[2m │ gzip:   4.60 kB[22m
[2mdist/[22m[36massets/solidity-Db0IVjzk.js              [39m[1m[2m   18.46 kB[22m[1m[22m[2m │ gzip:   4.41 kB[22m
[2mdist/[22m[36massets/STM32H7A3ZG-B_iyl0R6.js           [39m[1m[2m   18.57 kB[22m[1m[22m[2m │ gzip:   4.66 kB[22m
[2mdist/[22m[36massets/STM32H7A3ZI-B3bA8geP.js           [39m[1m[2m   18.57 kB[22m[1m[22m[2m │ gzip:   4.66 kB[22m
[2mdist/[22m[36massets/STM32H7B3ZI-DWwQhy1h.js           [39m[1m[2m   18.57 kB[22m[1m[22m[2m │ gzip:   4.66 kB[22m
[2mdist/[22m[36massets/STM32U595ZI-CLF4gja8.js           [39m[1m[2m   18.70 kB[22m[1m[22m[2m │ gzip:   4.69 kB[22m
[2mdist/[22m[36massets/STM32U599ZI-DCrXaSqc.js           [39m[1m[2m   18.70 kB[22m[1m[22m[2m │ gzip:   4.70 kB[22m
[2mdist/[22m[36massets/STM32U5A5ZJ-CHsYCfBW.js           [39m[1m[2m   18.71 kB[22m[1m[22m[2m │ gzip:   4.70 kB[22m
[2mdist/[22m[36massets/STM32U5A9ZJ-C2q28UEC.js           [39m[1m[2m   18.71 kB[22m[1m[22m[2m │ gzip:   4.70 kB[22m
[2mdist/[22m[36massets/STM32U595ZJ-Nrk2TSCe.js           [39m[1m[2m   18.71 kB[22m[1m[22m[2m │ gzip:   4.70 kB[22m
[2mdist/[22m[36massets/STM32U599ZJ-DA7gfNeB.js           [39m[1m[2m   18.71 kB[22m[1m[22m[2m │ gzip:   4.70 kB[22m
[2mdist/[22m[36massets/STM32F469AE-iZwZOI9J.js           [39m[1m[2m   18.77 kB[22m[1m[22m[2m │ gzip:   4.67 kB[22m
[2mdist/[22m[36massets/STM32F469AG-qb2hY-Pm.js           [39m[1m[2m   18.77 kB[22m[1m[22m[2m │ gzip:   4.67 kB[22m
[2mdist/[22m[36massets/STM32F469AI-CoBUEWnX.js           [39m[1m[2m   18.77 kB[22m[1m[22m[2m │ gzip:   4.67 kB[22m
[2mdist/[22m[36massets/STM32F479AG-3sKFLANL.js           [39m[1m[2m   18.77 kB[22m[1m[22m[2m │ gzip:   4.67 kB[22m
[2mdist/[22m[36massets/STM32F479AI-D01ONfq-.js           [39m[1m[2m   18.77 kB[22m[1m[22m[2m │ gzip:   4.67 kB[22m
[2mdist/[22m[36massets/STM32H747ZI-rtBXyZnB.js           [39m[1m[2m   18.92 kB[22m[1m[22m[2m │ gzip:   4.63 kB[22m
[2mdist/[22m[36massets/STM32H757ZI-CHnGuAcz.js           [39m[1m[2m   18.92 kB[22m[1m[22m[2m │ gzip:   4.63 kB[22m
[2mdist/[22m[36massets/STM32H745ZG-Br4dJ0Af.js           [39m[1m[2m   18.99 kB[22m[1m[22m[2m │ gzip:   4.69 kB[22m
[2mdist/[22m[36massets/STM32H745ZI-B16xoT5_.js           [39m[1m[2m   18.99 kB[22m[1m[22m[2m │ gzip:   4.69 kB[22m
[2mdist/[22m[36massets/STM32H755ZI-BKf9DWIV.js           [39m[1m[2m   18.99 kB[22m[1m[22m[2m │ gzip:   4.69 kB[22m
[2mdist/[22m[36massets/STM32H7B0ZB-DnlRS0Xd.js           [39m[1m[2m   19.06 kB[22m[1m[22m[2m │ gzip:   4.82 kB[22m
[2mdist/[22m[36massets/STM32F765ZG-B28QsEdx.js           [39m[1m[2m   19.21 kB[22m[1m[22m[2m │ gzip:   4.78 kB[22m
[2mdist/[22m[36massets/STM32F765ZI-JdDYcrGk.js           [39m[1m[2m   19.21 kB[22m[1m[22m[2m │ gzip:   4.78 kB[22m
[2mdist/[22m[36massets/STM32F767ZG-iFpwdsPI.js           [39m[1m[2m   19.21 kB[22m[1m[22m[2m │ gzip:   4.78 kB[22m
[2mdist/[22m[36massets/STM32F767ZI-CxL9dHWp.js           [39m[1m[2m   19.21 kB[22m[1m[22m[2m │ gzip:   4.78 kB[22m
[2mdist/[22m[36massets/STM32F777ZI-DNHMgsk6.js           [39m[1m[2m   19.21 kB[22m[1m[22m[2m │ gzip:   4.79 kB[22m
[2mdist/[22m[36massets/STM32H562ZG-CmgkH43c.js           [39m[1m[2m   19.32 kB[22m[1m[22m[2m │ gzip:   4.85 kB[22m
[2mdist/[22m[36massets/STM32H562ZI-Dk-YGpJE.js           [39m[1m[2m   19.32 kB[22m[1m[22m[2m │ gzip:   4.85 kB[22m
[2mdist/[22m[36massets/STM32L4R9AG-BjSr196k.js           [39m[1m[2m   19.47 kB[22m[1m[22m[2m │ gzip:   4.89 kB[22m
[2mdist/[22m[36massets/STM32L4R9AI-BuF1Y6PB.js           [39m[1m[2m   19.47 kB[22m[1m[22m[2m │ gzip:   4.89 kB[22m
[2mdist/[22m[36massets/STM32L4S9AI-CUl8ps4g.js           [39m[1m[2m   19.47 kB[22m[1m[22m[2m │ gzip:   4.89 kB[22m
[2mdist/[22m[36massets/STM32F427AG-TNkYv674.js           [39m[1m[2m   19.51 kB[22m[1m[22m[2m │ gzip:   4.81 kB[22m
[2mdist/[22m[36massets/STM32F427AI-DOQ_bMBt.js           [39m[1m[2m   19.51 kB[22m[1m[22m[2m │ gzip:   4.81 kB[22m
[2mdist/[22m[36massets/STM32F429AG-COxPNLoH.js           [39m[1m[2m   19.51 kB[22m[1m[22m[2m │ gzip:   4.81 kB[22m
[2mdist/[22m[36massets/STM32F429AI-CLjzik6-.js           [39m[1m[2m   19.51 kB[22m[1m[22m[2m │ gzip:   4.81 kB[22m
[2mdist/[22m[36massets/STM32F437AI-Bxu3053u.js           [39m[1m[2m   19.51 kB[22m[1m[22m[2m │ gzip:   4.81 kB[22m
[2mdist/[22m[36massets/STM32F439AI-COyTwAWT.js           [39m[1m[2m   19.51 kB[22m[1m[22m[2m │ gzip:   4.81 kB[22m
[2mdist/[22m[36massets/STM32G473QB-BT9Vl-f7.js           [39m[1m[2m   19.60 kB[22m[1m[22m[2m │ gzip:   4.93 kB[22m
[2mdist/[22m[36massets/STM32G473QC-CHDArwJI.js           [39m[1m[2m   19.60 kB[22m[1m[22m[2m │ gzip:   4.93 kB[22m
[2mdist/[22m[36massets/STM32G473QE-B-CUzF3j.js           [39m[1m[2m   19.60 kB[22m[1m[22m[2m │ gzip:   4.93 kB[22m
[2mdist/[22m[36massets/STM32G474QB-Chv_qkjo.js           [39m[1m[2m   19.60 kB[22m[1m[22m[2m │ gzip:   4.93 kB[22m
[2mdist/[22m[36massets/STM32G474QC-C-xm8AGB.js           [39m[1m[2m   19.60 kB[22m[1m[22m[2m │ gzip:   4.93 kB[22m
[2mdist/[22m[36massets/STM32G474QE-DiZABo26.js           [39m[1m[2m   19.60 kB[22m[1m[22m[2m │ gzip:   4.93 kB[22m
[2mdist/[22m[36massets/STM32G483QE-COi-CM74.js           [39m[1m[2m   19.60 kB[22m[1m[22m[2m │ gzip:   4.93 kB[22m
[2mdist/[22m[36massets/STM32G484QE-D4P8PqWh.js           [39m[1m[2m   19.60 kB[22m[1m[22m[2m │ gzip:   4.93 kB[22m
[2mdist/[22m[36massets/STM32H750ZB-Bnk8ptvg.js           [39m[1m[2m   19.60 kB[22m[1m[22m[2m │ gzip:   4.90 kB[22m
[2mdist/[22m[36massets/STM32H742ZG-BVtIzk1H.js           [39m[1m[2m   19.60 kB[22m[1m[22m[2m │ gzip:   4.90 kB[22m
[2mdist/[22m[36massets/STM32H742ZI-Dbp1Blns.js           [39m[1m[2m   19.60 kB[22m[1m[22m[2m │ gzip:   4.90 kB[22m
[2mdist/[22m[36massets/STM32H743ZG-DrVOLw6V.js           [39m[1m[2m   19.60 kB[22m[1m[22m[2m │ gzip:   4.90 kB[22m
[2mdist/[22m[36massets/STM32H743ZI-B_jc8atu.js           [39m[1m[2m   19.60 kB[22m[1m[22m[2m │ gzip:   4.90 kB[22m
[2mdist/[22m[36massets/STM32H753ZI-Coh4XWrv.js           [39m[1m[2m   19.60 kB[22m[1m[22m[2m │ gzip:   4.91 kB[22m
[2mdist/[22m[36massets/STM32L4R5AG--fnRBJ4a.js           [39m[1m[2m   19.67 kB[22m[1m[22m[2m │ gzip:   4.95 kB[22m
[2mdist/[22m[36massets/STM32L4R5AI-CruHEgFK.js           [39m[1m[2m   19.67 kB[22m[1m[22m[2m │ gzip:   4.95 kB[22m
[2mdist/[22m[36massets/STM32L4R7AI-HVVAnT45.js           [39m[1m[2m   19.67 kB[22m[1m[22m[2m │ gzip:   4.95 kB[22m
[2mdist/[22m[36massets/STM32L4S5AI-DUmMXNWv.js           [39m[1m[2m   19.67 kB[22m[1m[22m[2m │ gzip:   4.95 kB[22m
[2mdist/[22m[36massets/STM32L4S7AI-De6vr5Zj.js           [39m[1m[2m   19.67 kB[22m[1m[22m[2m │ gzip:   4.95 kB[22m
[2mdist/[22m[36massets/STM32F207IC-CCyw9q_z.js           [39m[1m[2m   19.80 kB[22m[1m[22m[2m │ gzip:   4.87 kB[22m
[2mdist/[22m[36massets/STM32F207IE-CAWRJ__D.js           [39m[1m[2m   19.80 kB[22m[1m[22m[2m │ gzip:   4.87 kB[22m
[2mdist/[22m[36massets/STM32F207IF-BZigWFoj.js           [39m[1m[2m   19.80 kB[22m[1m[22m[2m │ gzip:   4.87 kB[22m
[2mdist/[22m[36massets/STM32F217IE-BeS3qyHy.js           [39m[1m[2m   19.80 kB[22m[1m[22m[2m │ gzip:   4.87 kB[22m
[2mdist/[22m[36massets/STM32F207IG-CeNhBgmB.js           [39m[1m[2m   19.81 kB[22m[1m[22m[2m │ gzip:   4.87 kB[22m
[2mdist/[22m[36massets/STM32F217IG-D2vo3vUt.js           [39m[1m[2m   19.81 kB[22m[1m[22m[2m │ gzip:   4.87 kB[22m
[2mdist/[22m[36massets/STM32F407IE-BsQB_8Kp.js           [39m[1m[2m   19.81 kB[22m[1m[22m[2m │ gzip:   4.87 kB[22m
[2mdist/[22m[36massets/STM32F417IE-DlFH0BsI.js           [39m[1m[2m   19.81 kB[22m[1m[22m[2m │ gzip:   4.88 kB[22m
[2mdist/[22m[36massets/STM32F407IG-DtuPtoY_.js           [39m[1m[2m   19.81 kB[22m[1m[22m[2m │ gzip:   4.87 kB[22m
[2mdist/[22m[36massets/STM32F417IG-PNG-DvQk.js           [39m[1m[2m   19.81 kB[22m[1m[22m[2m │ gzip:   4.88 kB[22m
[2mdist/[22m[36massets/STM32H725ZE-Csf6_HB7.js           [39m[1m[2m   19.81 kB[22m[1m[22m[2m │ gzip:   4.87 kB[22m
[2mdist/[22m[36massets/STM32H725ZG-SHebXBe_.js           [39m[1m[2m   19.82 kB[22m[1m[22m[2m │ gzip:   4.87 kB[22m
[2mdist/[22m[36massets/STM32H735ZG-CG3uqnS2.js           [39m[1m[2m   19.82 kB[22m[1m[22m[2m │ gzip:   4.87 kB[22m
[2mdist/[22m[36massets/STM32H563ZI-CM7kH_96.js           [39m[1m[2m   19.84 kB[22m[1m[22m[2m │ gzip:   4.99 kB[22m
[2mdist/[22m[36massets/STM32H573ZI-D3g1bsOv.js           [39m[1m[2m   19.84 kB[22m[1m[22m[2m │ gzip:   4.99 kB[22m
[2mdist/[22m[36massets/STM32F723IC-BXNH8QFi.js           [39m[1m[2m   19.98 kB[22m[1m[22m[2m │ gzip:   5.02 kB[22m
[2mdist/[22m[36massets/STM32F723IE-CBjZ1tBF.js           [39m[1m[2m   19.98 kB[22m[1m[22m[2m │ gzip:   5.02 kB[22m
[2mdist/[22m[36massets/STM32F733IE-B0j3eReD.js           [39m[1m[2m   19.98 kB[22m[1m[22m[2m │ gzip:   5.02 kB[22m
[2mdist/[22m[36massets/STM32H563ZG-Crrj0r_e.js           [39m[1m[2m   20.04 kB[22m[1m[22m[2m │ gzip:   5.01 kB[22m
[2mdist/[22m[36massets/STM32L4P5AG-6yTQ8XLT.js           [39m[1m[2m   20.06 kB[22m[1m[22m[2m │ gzip:   5.02 kB[22m
[2mdist/[22m[36massets/STM32L4Q5AG-CpLhH3Hh.js           [39m[1m[2m   20.06 kB[22m[1m[22m[2m │ gzip:   5.02 kB[22m
[2mdist/[22m[36massets/STM32L4P5AE-DGL8ooSN.js           [39m[1m[2m   20.07 kB[22m[1m[22m[2m │ gzip:   5.02 kB[22m
[2mdist/[22m[36massets/STM32L496AG-DP-sRnz6.js           [39m[1m[2m   20.21 kB[22m[1m[22m[2m │ gzip:   5.03 kB[22m
[2mdist/[22m[36massets/STM32L4A6AG-ByJABgfT.js           [39m[1m[2m   20.21 kB[22m[1m[22m[2m │ gzip:   5.03 kB[22m
[2mdist/[22m[36massets/STM32L496AE-CqYY_Wyb.js           [39m[1m[2m   20.21 kB[22m[1m[22m[2m │ gzip:   5.03 kB[22m
[2mdist/[22m[36massets/STM32F469IE-kL2xuzQ3.js           [39m[1m[2m   20.36 kB[22m[1m[22m[2m │ gzip:   4.99 kB[22m
[2mdist/[22m[36massets/STM32F469IG--IMJ4CN2.js           [39m[1m[2m   20.36 kB[22m[1m[22m[2m │ gzip:   5.00 kB[22m
[2mdist/[22m[36massets/STM32F469II-D2EQdVLt.js           [39m[1m[2m   20.36 kB[22m[1m[22m[2m │ gzip:   5.00 kB[22m
[2mdist/[22m[36massets/STM32F479IG-N8DX3P2l.js           [39m[1m[2m   20.36 kB[22m[1m[22m[2m │ gzip:   5.00 kB[22m
[2mdist/[22m[36massets/STM32F479II-BXoDU5P6.js           [39m[1m[2m   20.36 kB[22m[1m[22m[2m │ gzip:   5.00 kB[22m
[2mdist/[22m[36massets/STM32U575AG-DWyQrMEh.js           [39m[1m[2m   20.44 kB[22m[1m[22m[2m │ gzip:   5.10 kB[22m
[2mdist/[22m[36massets/STM32U575AI-CljtLfjn.js           [39m[1m[2m   20.44 kB[22m[1m[22m[2m │ gzip:   5.10 kB[22m
[2mdist/[22m[36massets/STM32U585AI-C9bKd1gr.js           [39m[1m[2m   20.44 kB[22m[1m[22m[2m │ gzip:   5.10 kB[22m
[2mdist/[22m[36massets/STM32H723ZE-BDdbfOPV.js           [39m[1m[2m   20.53 kB[22m[1m[22m[2m │ gzip:   5.09 kB[22m
[2mdist/[22m[36massets/STM32H730ZB-CF9bfilu.js           [39m[1m[2m   20.53 kB[22m[1m[22m[2m │ gzip:   5.09 kB[22m
[2mdist/[22m[36massets/STM32H723ZG-Bq2LPRwo.js           [39m[1m[2m   20.53 kB[22m[1m[22m[2m │ gzip:   5.10 kB[22m
[2mdist/[22m[36massets/STM32H733ZG-C32M_v50.js           [39m[1m[2m   20.53 kB[22m[1m[22m[2m │ gzip:   5.10 kB[22m
[2mdist/[22m[36massets/STM32F722IC-Dg0ne81G.js           [39m[1m[2m   20.58 kB[22m[1m[22m[2m │ gzip:   5.11 kB[22m
[2mdist/[22m[36massets/STM32F722IE-BTiFCaws.js           [39m[1m[2m   20.58 kB[22m[1m[22m[2m │ gzip:   5.11 kB[22m
[2mdist/[22m[36massets/STM32F732IE-CnnGccBr.js           [39m[1m[2m   20.58 kB[22m[1m[22m[2m │ gzip:   5.11 kB[22m
[2mdist/[22m[36massets/STM32F768AI-D5etCwCI.js           [39m[1m[2m   20.74 kB[22m[1m[22m[2m │ gzip:   5.09 kB[22m
[2mdist/[22m[36massets/STM32F769AG-BG4go8cW.js           [39m[1m[2m   20.74 kB[22m[1m[22m[2m │ gzip:   5.09 kB[22m
[2mdist/[22m[36massets/STM32F769AI-Bqa_I--z.js           [39m[1m[2m   20.74 kB[22m[1m[22m[2m │ gzip:   5.09 kB[22m
[2mdist/[22m[36massets/STM32F778AI-C97WvyjW.js           [39m[1m[2m   20.74 kB[22m[1m[22m[2m │ gzip:   5.09 kB[22m
[2mdist/[22m[36massets/STM32F779AI-Bap_2GFR.js           [39m[1m[2m   20.74 kB[22m[1m[22m[2m │ gzip:   5.09 kB[22m
[2mdist/[22m[36massets/STM32F429IE-B_gyYg3m.js           [39m[1m[2m   20.81 kB[22m[1m[22m[2m │ gzip:   5.13 kB[22m
[2mdist/[22m[36massets/STM32F427IG-Dnzl3Vbw.js           [39m[1m[2m   20.81 kB[22m[1m[22m[2m │ gzip:   5.13 kB[22m
[2mdist/[22m[36massets/STM32F427II-CXgsK3Qa.js           [39m[1m[2m   20.81 kB[22m[1m[22m[2m │ gzip:   5.13 kB[22m
[2mdist/[22m[36massets/STM32F429IG-CstWrZkG.js           [39m[1m[2m   20.81 kB[22m[1m[22m[2m │ gzip:   5.13 kB[22m
[2mdist/[22m[36massets/STM32F429II-CeoNEXJw.js           [39m[1m[2m   20.81 kB[22m[1m[22m[2m │ gzip:   5.13 kB[22m
[2mdist/[22m[36massets/STM32F437IG-Bha3MG_s.js           [39m[1m[2m   20.81 kB[22m[1m[22m[2m │ gzip:   5.14 kB[22m
[2mdist/[22m[36massets/STM32F437II-BbI1Qyuo.js           [39m[1m[2m   20.81 kB[22m[1m[22m[2m │ gzip:   5.13 kB[22m
[2mdist/[22m[36massets/STM32F439IG-DZYZFDyi.js           [39m[1m[2m   20.81 kB[22m[1m[22m[2m │ gzip:   5.13 kB[22m
[2mdist/[22m[36massets/STM32F439II-DSZvdfGb.js           [39m[1m[2m   20.81 kB[22m[1m[22m[2m │ gzip:   5.13 kB[22m
[2mdist/[22m[36massets/STM32H747AG-BTT8T0Kc.js           [39m[1m[2m   20.85 kB[22m[1m[22m[2m │ gzip:   5.10 kB[22m
[2mdist/[22m[36massets/STM32H747AI-Dt9TGe9T.js           [39m[1m[2m   20.85 kB[22m[1m[22m[2m │ gzip:   5.10 kB[22m
[2mdist/[22m[36massets/STM32H757AI-Coiv7w-C.js           [39m[1m[2m   20.85 kB[22m[1m[22m[2m │ gzip:   5.10 kB[22m
[2mdist/[22m[36massets/STM32F730I8-DzbPwDRu.js           [39m[1m[2m   21.15 kB[22m[1m[22m[2m │ gzip:   5.07 kB[22m
[2mdist/[22m[36massets/STM32H747IG-BrRfdVVD.js           [39m[1m[2m   21.18 kB[22m[1m[22m[2m │ gzip:   5.12 kB[22m
[2mdist/[22m[36massets/STM32H747II-C0i7gjl3.js           [39m[1m[2m   21.18 kB[22m[1m[22m[2m │ gzip:   5.12 kB[22m
[2mdist/[22m[36massets/STM32H757II-Xmfx973V.js           [39m[1m[2m   21.18 kB[22m[1m[22m[2m │ gzip:   5.12 kB[22m
[2mdist/[22m[36massets/STM32U595AI-ekpcIQEV.js           [39m[1m[2m   21.22 kB[22m[1m[22m[2m │ gzip:   5.23 kB[22m
[2mdist/[22m[36massets/STM32U5A5AJ-NSyLpVvh.js           [39m[1m[2m   21.22 kB[22m[1m[22m[2m │ gzip:   5.24 kB[22m
[2mdist/[22m[36massets/STM32U595AJ-QWTvnIbW.js           [39m[1m[2m   21.22 kB[22m[1m[22m[2m │ gzip:   5.24 kB[22m
[2mdist/[22m[36massets/STM32F745IE-DPOLO9B8.js           [39m[1m[2m   21.37 kB[22m[1m[22m[2m │ gzip:   5.26 kB[22m
[2mdist/[22m[36massets/STM32F746IE-DpfK1mvL.js           [39m[1m[2m   21.37 kB[22m[1m[22m[2m │ gzip:   5.27 kB[22m
[2mdist/[22m[36massets/STM32F745IG-CZ5ZgGmG.js           [39m[1m[2m   21.37 kB[22m[1m[22m[2m │ gzip:   5.27 kB[22m
[2mdist/[22m[36massets/STM32F746IG-D2LdnzvQ.js           [39m[1m[2m   21.37 kB[22m[1m[22m[2m │ gzip:   5.27 kB[22m
[2mdist/[22m[36massets/STM32F756IG-DJqfYTBr.js           [39m[1m[2m   21.37 kB[22m[1m[22m[2m │ gzip:   5.27 kB[22m
[2mdist/[22m[36massets/STM32H7A3AG-BlAL8_Zd.js           [39m[1m[2m   21.40 kB[22m[1m[22m[2m │ gzip:   5.20 kB[22m
[2mdist/[22m[36massets/STM32H7A3AI-_yucL_Aw.js           [39m[1m[2m   21.40 kB[22m[1m[22m[2m │ gzip:   5.20 kB[22m
[2mdist/[22m[36massets/STM32H7B0AB-IFtqtYiU.js           [39m[1m[2m   21.40 kB[22m[1m[22m[2m │ gzip:   5.20 kB[22m
[2mdist/[22m[36massets/STM32H7B3AI-CcHj82MO.js           [39m[1m[2m   21.40 kB[22m[1m[22m[2m │ gzip:   5.21 kB[22m
[2mdist/[22m[36massets/STM32F769IG-BK7r2bPY.js           [39m[1m[2m   21.73 kB[22m[1m[22m[2m │ gzip:   5.30 kB[22m
[2mdist/[22m[36massets/STM32F769II-D2Ab-eGT.js           [39m[1m[2m   21.73 kB[22m[1m[22m[2m │ gzip:   5.30 kB[22m
[2mdist/[22m[36massets/STM32F779II-B9rUZcDM.js           [39m[1m[2m   21.73 kB[22m[1m[22m[2m │ gzip:   5.30 kB[22m
[2mdist/[22m[36massets/STM32H7A3IG-Dla8AauS.js           [39m[1m[2m   21.76 kB[22m[1m[22m[2m │ gzip:   5.41 kB[22m
[2mdist/[22m[36massets/STM32H7A3II-DiIVRnHT.js           [39m[1m[2m   21.76 kB[22m[1m[22m[2m │ gzip:   5.41 kB[22m
[2mdist/[22m[36massets/STM32H7B3II-BBLvHAZK.js           [39m[1m[2m   21.76 kB[22m[1m[22m[2m │ gzip:   5.41 kB[22m
[2mdist/[22m[36massets/STM32H742AG-C11u1EUi.js           [39m[1m[2m   21.88 kB[22m[1m[22m[2m │ gzip:   5.36 kB[22m
[2mdist/[22m[36massets/STM32H742AI-CTaNTAoW.js           [39m[1m[2m   21.88 kB[22m[1m[22m[2m │ gzip:   5.36 kB[22m
[2mdist/[22m[36massets/STM32H743AG-CjdbgTWe.js           [39m[1m[2m   21.88 kB[22m[1m[22m[2m │ gzip:   5.36 kB[22m
[2mdist/[22m[36massets/STM32H743AI-DUAZkU1I.js           [39m[1m[2m   21.88 kB[22m[1m[22m[2m │ gzip:   5.36 kB[22m
[2mdist/[22m[36massets/STM32H753AI-CHQuVkwQ.js           [39m[1m[2m   21.88 kB[22m[1m[22m[2m │ gzip:   5.36 kB[22m
[2mdist/[22m[36massets/tsMode-Dbjd9Dvo.js                [39m[1m[2m   22.02 kB[22m[1m[22m[2m │ gzip:   6.25 kB[22m
[2mdist/[22m[36massets/STM32H7B0IB-DUiFGOxk.js           [39m[1m[2m   22.12 kB[22m[1m[22m[2m │ gzip:   5.48 kB[22m
[2mdist/[22m[36massets/STM32H562AG-v-zorpBy.js           [39m[1m[2m   22.25 kB[22m[1m[22m[2m │ gzip:   5.50 kB[22m
[2mdist/[22m[36massets/STM32H562AI-BATxrfXk.js           [39m[1m[2m   22.25 kB[22m[1m[22m[2m │ gzip:   5.50 kB[22m
[2mdist/[22m[36massets/STM32H745IG-BAT5-EAY.js           [39m[1m[2m   22.35 kB[22m[1m[22m[2m │ gzip:   5.43 kB[22m
[2mdist/[22m[36massets/STM32H745II-nuj5Z7Kj.js           [39m[1m[2m   22.35 kB[22m[1m[22m[2m │ gzip:   5.43 kB[22m
[2mdist/[22m[36massets/STM32H755II-DTHGJQDn.js           [39m[1m[2m   22.35 kB[22m[1m[22m[2m │ gzip:   5.43 kB[22m
[2mdist/[22m[36massets/STM32F765IG-CCotWW7P.js           [39m[1m[2m   22.36 kB[22m[1m[22m[2m │ gzip:   5.47 kB[22m
[2mdist/[22m[36massets/STM32F765II-W-sn-EdB.js           [39m[1m[2m   22.36 kB[22m[1m[22m[2m │ gzip:   5.47 kB[22m
[2mdist/[22m[36massets/STM32F767IG-qud7PgIb.js           [39m[1m[2m   22.36 kB[22m[1m[22m[2m │ gzip:   5.47 kB[22m
[2mdist/[22m[36massets/STM32F767II-CvQm3zId.js           [39m[1m[2m   22.36 kB[22m[1m[22m[2m │ gzip:   5.47 kB[22m
[2mdist/[22m[36massets/STM32F777II-AP99mGh1.js           [39m[1m[2m   22.36 kB[22m[1m[22m[2m │ gzip:   5.47 kB[22m
[2mdist/[22m[36massets/vendor-icons-CkjA5oBd.js          [39m[1m[2m   22.39 kB[22m[1m[22m[2m │ gzip:   4.64 kB[22m
[2mdist/[22m[36massets/STM32F469BE-CP6myy4V.js           [39m[1m[2m   22.85 kB[22m[1m[22m[2m │ gzip:   5.51 kB[22m
[2mdist/[22m[36massets/STM32F469BG-J6PYnPjF.js           [39m[1m[2m   22.85 kB[22m[1m[22m[2m │ gzip:   5.51 kB[22m
[2mdist/[22m[36massets/STM32F469BI-DutXXqKv.js           [39m[1m[2m   22.85 kB[22m[1m[22m[2m │ gzip:   5.51 kB[22m
[2mdist/[22m[36massets/STM32F479BG-CnAcmCgO.js           [39m[1m[2m   22.85 kB[22m[1m[22m[2m │ gzip:   5.51 kB[22m
[2mdist/[22m[36massets/STM32F479BI-CwLM7Hbw.js           [39m[1m[2m   22.85 kB[22m[1m[22m[2m │ gzip:   5.51 kB[22m
[2mdist/[22m[36massets/STM32H562IG-xq-8Jo6v.js           [39m[1m[2m   22.86 kB[22m[1m[22m[2m │ gzip:   5.61 kB[22m
[2mdist/[22m[36massets/STM32H562II-C_IFksAp.js           [39m[1m[2m   22.86 kB[22m[1m[22m[2m │ gzip:   5.61 kB[22m
[2mdist/[22m[36massets/STM32H750IB-BI1yIclO.js           [39m[1m[2m   22.86 kB[22m[1m[22m[2m │ gzip:   5.59 kB[22m
[2mdist/[22m[36massets/STM32H742IG-BWgyW2lu.js           [39m[1m[2m   22.86 kB[22m[1m[22m[2m │ gzip:   5.59 kB[22m
[2mdist/[22m[36massets/STM32H742II-F_2GhdMa.js           [39m[1m[2m   22.86 kB[22m[1m[22m[2m │ gzip:   5.59 kB[22m
[2mdist/[22m[36massets/STM32H743IG-C_5n0-ks.js           [39m[1m[2m   22.86 kB[22m[1m[22m[2m │ gzip:   5.59 kB[22m
[2mdist/[22m[36massets/STM32H743II-BHPKJdl-.js           [39m[1m[2m   22.86 kB[22m[1m[22m[2m │ gzip:   5.59 kB[22m
[2mdist/[22m[36massets/STM32H753II-BnyBUMvh.js           [39m[1m[2m   22.86 kB[22m[1m[22m[2m │ gzip:   5.60 kB[22m
[2mdist/[22m[36massets/STM32H563AI-DaYgLxZA.js           [39m[1m[2m   22.91 kB[22m[1m[22m[2m │ gzip:   5.64 kB[22m
[2mdist/[22m[36massets/STM32H573AI-a1UzGLJS.js           [39m[1m[2m   22.91 kB[22m[1m[22m[2m │ gzip:   5.64 kB[22m
[2mdist/[22m[36massets/STM32F429BE-H_1QhMnP.js           [39m[1m[2m   22.91 kB[22m[1m[22m[2m │ gzip:   5.54 kB[22m
[2mdist/[22m[36massets/STM32F429BG-BXmQGCFY.js           [39m[1m[2m   22.91 kB[22m[1m[22m[2m │ gzip:   5.54 kB[22m
[2mdist/[22m[36massets/STM32F429BI-D5v-cncl.js           [39m[1m[2m   22.91 kB[22m[1m[22m[2m │ gzip:   5.54 kB[22m
[2mdist/[22m[36massets/STM32F439BG-D_aIzNnB.js           [39m[1m[2m   22.91 kB[22m[1m[22m[2m │ gzip:   5.54 kB[22m
[2mdist/[22m[36massets/STM32F439BI-yivqUXYQ.js           [39m[1m[2m   22.91 kB[22m[1m[22m[2m │ gzip:   5.54 kB[22m
[2mdist/[22m[36massets/STM32H563AG-CmRvRdcU.js           [39m[1m[2m   23.05 kB[22m[1m[22m[2m │ gzip:   5.67 kB[22m
[2mdist/[22m[36massets/STM32H725AE-BEOSnUX3.js           [39m[1m[2m   23.21 kB[22m[1m[22m[2m │ gzip:   5.54 kB[22m
[2mdist/[22m[36massets/STM32H730AB-BiCuQNuM.js           [39m[1m[2m   23.21 kB[22m[1m[22m[2m │ gzip:   5.54 kB[22m
[2mdist/[22m[36massets/STM32H725AG-DP1-4kgm.js           [39m[1m[2m   23.21 kB[22m[1m[22m[2m │ gzip:   5.54 kB[22m
[2mdist/[22m[36massets/STM32H735AG-Ca881-wl.js           [39m[1m[2m   23.21 kB[22m[1m[22m[2m │ gzip:   5.54 kB[22m
[2mdist/[22m[36massets/STM32F469NE-Bt1umma3.js           [39m[1m[2m   23.21 kB[22m[1m[22m[2m │ gzip:   5.48 kB[22m
[2mdist/[22m[36massets/STM32F469NG-BH6rd23I.js           [39m[1m[2m   23.21 kB[22m[1m[22m[2m │ gzip:   5.49 kB[22m
[2mdist/[22m[36massets/STM32F469NI-6u77IKw1.js           [39m[1m[2m   23.21 kB[22m[1m[22m[2m │ gzip:   5.49 kB[22m
[2mdist/[22m[36massets/STM32F479NG-DrSp1KS3.js           [39m[1m[2m   23.21 kB[22m[1m[22m[2m │ gzip:   5.49 kB[22m
[2mdist/[22m[36massets/STM32F479NI-CCVhC99b.js           [39m[1m[2m   23.21 kB[22m[1m[22m[2m │ gzip:   5.49 kB[22m
[2mdist/[22m[36massets/STM32F429NE-BTY8cPVx.js           [39m[1m[2m   23.28 kB[22m[1m[22m[2m │ gzip:   5.51 kB[22m
[2mdist/[22m[36massets/STM32F429NG-RGqBKoH4.js           [39m[1m[2m   23.28 kB[22m[1m[22m[2m │ gzip:   5.51 kB[22m
[2mdist/[22m[36massets/STM32F429NI-B0wtbT2v.js           [39m[1m[2m   23.28 kB[22m[1m[22m[2m │ gzip:   5.51 kB[22m
[2mdist/[22m[36massets/STM32F439NG-BSES7Uzt.js           [39m[1m[2m   23.28 kB[22m[1m[22m[2m │ gzip:   5.51 kB[22m
[2mdist/[22m[36massets/STM32F439NI-Bzpw10N8.js           [39m[1m[2m   23.28 kB[22m[1m[22m[2m │ gzip:   5.51 kB[22m
[2mdist/[22m[36massets/STM32U5F9BJ-m1GPhyGI.js           [39m[1m[2m   23.35 kB[22m[1m[22m[2m │ gzip:   5.57 kB[22m
[2mdist/[22m[36massets/STM32U5G9BJ-CjXsL8V9.js           [39m[1m[2m   23.35 kB[22m[1m[22m[2m │ gzip:   5.57 kB[22m
[2mdist/[22m[36massets/STM32H725IE-hAOOBwTT.js           [39m[1m[2m   23.46 kB[22m[1m[22m[2m │ gzip:   5.67 kB[22m
[2mdist/[22m[36massets/STM32H730IB-d11wuHj4.js           [39m[1m[2m   23.46 kB[22m[1m[22m[2m │ gzip:   5.67 kB[22m
[2mdist/[22m[36massets/STM32H725IG-p0CGXEuH.js           [39m[1m[2m   23.46 kB[22m[1m[22m[2m │ gzip:   5.67 kB[22m
[2mdist/[22m[36massets/STM32H735IG-DFzW9Z1u.js           [39m[1m[2m   23.46 kB[22m[1m[22m[2m │ gzip:   5.67 kB[22m
[2mdist/[22m[36massets/STM32F746BE-BxA6RXt4.js           [39m[1m[2m   23.48 kB[22m[1m[22m[2m │ gzip:   5.68 kB[22m
[2mdist/[22m[36massets/STM32F746BG-y3Lc7aLR.js           [39m[1m[2m   23.49 kB[22m[1m[22m[2m │ gzip:   5.68 kB[22m
[2mdist/[22m[36massets/STM32F756BG-DYm6FUZ8.js           [39m[1m[2m   23.49 kB[22m[1m[22m[2m │ gzip:   5.68 kB[22m
[2mdist/[22m[36massets/STM32U5A9BJ-DU42kw8A.js           [39m[1m[2m   23.56 kB[22m[1m[22m[2m │ gzip:   5.64 kB[22m
[2mdist/[22m[36massets/STM32U599BJ-DoRWUJUf.js           [39m[1m[2m   23.56 kB[22m[1m[22m[2m │ gzip:   5.63 kB[22m
[2mdist/[22m[36massets/STM32H563II-8C7qhmyW.js           [39m[1m[2m   23.63 kB[22m[1m[22m[2m │ gzip:   5.79 kB[22m
[2mdist/[22m[36massets/STM32H573II-BtqJZgmQ.js           [39m[1m[2m   23.63 kB[22m[1m[22m[2m │ gzip:   5.79 kB[22m
[2mdist/[22m[36massets/STM32H563IG-DYXKTCYq.js           [39m[1m[2m   23.69 kB[22m[1m[22m[2m │ gzip:   5.80 kB[22m
[2mdist/[22m[36massets/STM32F750N8-DS3H5d3m.js           [39m[1m[2m   23.85 kB[22m[1m[22m[2m │ gzip:   5.65 kB[22m
[2mdist/[22m[36massets/STM32F746NE-3iyD49Nt.js           [39m[1m[2m   23.85 kB[22m[1m[22m[2m │ gzip:   5.66 kB[22m
[2mdist/[22m[36massets/STM32F746NG-on9IUbPn.js           [39m[1m[2m   23.85 kB[22m[1m[22m[2m │ gzip:   5.66 kB[22m
[2mdist/[22m[36massets/STM32F756NG-DfU9fYnv.js           [39m[1m[2m   23.85 kB[22m[1m[22m[2m │ gzip:   5.66 kB[22m
[2mdist/[22m[36massets/STM32U5F9NJ-CiVou3UR.js           [39m[1m[2m   24.11 kB[22m[1m[22m[2m │ gzip:   5.72 kB[22m
[2mdist/[22m[36massets/STM32U5G9NJ-8v8E6ACH.js           [39m[1m[2m   24.32 kB[22m[1m[22m[2m │ gzip:   5.77 kB[22m
[2mdist/[22m[36massets/STM32U599NI-DlYc5Qd7.js           [39m[1m[2m   24.33 kB[22m[1m[22m[2m │ gzip:   5.78 kB[22m
[2mdist/[22m[36massets/STM32U5A9NJ-COqSQOc6.js           [39m[1m[2m   24.34 kB[22m[1m[22m[2m │ gzip:   5.79 kB[22m
[2mdist/[22m[36massets/STM32F769BG-CRuFpI-f.js           [39m[1m[2m   24.34 kB[22m[1m[22m[2m │ gzip:   5.84 kB[22m
[2mdist/[22m[36massets/STM32F769BI-DByoLlVv.js           [39m[1m[2m   24.34 kB[22m[1m[22m[2m │ gzip:   5.84 kB[22m
[2mdist/[22m[36massets/STM32F779BI-BiaQezl7.js           [39m[1m[2m   24.34 kB[22m[1m[22m[2m │ gzip:   5.84 kB[22m
[2mdist/[22m[36massets/STM32U599NJ--_Yp7KGT.js           [39m[1m[2m   24.34 kB[22m[1m[22m[2m │ gzip:   5.79 kB[22m
[2mdist/[22m[36massets/STM32H747BG-vSsVQYFl.js           [39m[1m[2m   24.43 kB[22m[1m[22m[2m │ gzip:   5.81 kB[22m
[2mdist/[22m[36massets/STM32H747BI-D2urn-x2.js           [39m[1m[2m   24.43 kB[22m[1m[22m[2m │ gzip:   5.81 kB[22m
[2mdist/[22m[36massets/STM32H757BI-BYSpgYPh.js           [39m[1m[2m   24.43 kB[22m[1m[22m[2m │ gzip:   5.81 kB[22m
[2mdist/[22m[36massets/STM32F765BG-D1ZB0my-.js           [39m[1m[2m   24.49 kB[22m[1m[22m[2m │ gzip:   5.89 kB[22m
[2mdist/[22m[36massets/STM32F765BI-BvPwtV-j.js           [39m[1m[2m   24.49 kB[22m[1m[22m[2m │ gzip:   5.89 kB[22m
[2mdist/[22m[36massets/STM32F767BG-BXs_Fvmz.js           [39m[1m[2m   24.49 kB[22m[1m[22m[2m │ gzip:   5.89 kB[22m
[2mdist/[22m[36massets/STM32F767BI-DKdISOQh.js           [39m[1m[2m   24.49 kB[22m[1m[22m[2m │ gzip:   5.89 kB[22m
[2mdist/[22m[36massets/STM32F777BI-CeH8LJ-u.js           [39m[1m[2m   24.49 kB[22m[1m[22m[2m │ gzip:   5.89 kB[22m
[2mdist/[22m[36massets/en-Bl3wmwK6.js                    [39m[1m[2m   24.65 kB[22m[1m[22m[2m │ gzip:   5.33 kB[22m
[2mdist/[22m[36massets/STM32F769NG-Dp57WhqB.js           [39m[1m[2m   24.70 kB[22m[1m[22m[2m │ gzip:   5.80 kB[22m
[2mdist/[22m[36massets/STM32F769NI-L-cHkxgE.js           [39m[1m[2m   24.70 kB[22m[1m[22m[2m │ gzip:   5.80 kB[22m
[2mdist/[22m[36massets/STM32F779NI-SItdLWNJ.js           [39m[1m[2m   24.70 kB[22m[1m[22m[2m │ gzip:   5.80 kB[22m
[2mdist/[22m[36massets/STM32F765NG-j0GvsiR8.js           [39m[1m[2m   24.86 kB[22m[1m[22m[2m │ gzip:   5.85 kB[22m
[2mdist/[22m[36massets/STM32F765NI-1gY2yPOL.js           [39m[1m[2m   24.86 kB[22m[1m[22m[2m │ gzip:   5.85 kB[22m
[2mdist/[22m[36massets/STM32F767NG-BN4dj0th.js           [39m[1m[2m   24.86 kB[22m[1m[22m[2m │ gzip:   5.85 kB[22m
[2mdist/[22m[36massets/STM32F767NI-qpKyCeKt.js           [39m[1m[2m   24.86 kB[22m[1m[22m[2m │ gzip:   5.85 kB[22m
[2mdist/[22m[36massets/STM32F777NI-BrnpFTxR.js           [39m[1m[2m   24.86 kB[22m[1m[22m[2m │ gzip:   5.85 kB[22m
[2mdist/[22m[36massets/STM32H745BG-3_y9OU_e.js           [39m[1m[2m   25.10 kB[22m[1m[22m[2m │ gzip:   6.00 kB[22m
[2mdist/[22m[36massets/STM32H745BI-BR0F7qMg.js           [39m[1m[2m   25.10 kB[22m[1m[22m[2m │ gzip:   6.00 kB[22m
[2mdist/[22m[36massets/STM32H755BI-DjjeJ52T.js           [39m[1m[2m   25.10 kB[22m[1m[22m[2m │ gzip:   6.00 kB[22m
[2mdist/[22m[36massets/STM32H7A3NG-C66DtPsn.js           [39m[1m[2m   25.15 kB[22m[1m[22m[2m │ gzip:   6.01 kB[22m
[2mdist/[22m[36massets/STM32H7A3NI-BFeE2cCG.js           [39m[1m[2m   25.15 kB[22m[1m[22m[2m │ gzip:   6.00 kB[22m
[2mdist/[22m[36massets/STM32H7B3NI-P0iBMcsA.js           [39m[1m[2m   25.15 kB[22m[1m[22m[2m │ gzip:   6.01 kB[22m
[2mdist/[22m[36massets/STM32H742BG-zf02SFyQ.js           [39m[1m[2m   25.50 kB[22m[1m[22m[2m │ gzip:   6.14 kB[22m
[2mdist/[22m[36massets/STM32H742BI-CeAO96dO.js           [39m[1m[2m   25.50 kB[22m[1m[22m[2m │ gzip:   6.14 kB[22m
[2mdist/[22m[36massets/STM32H743BG-B9En13zn.js           [39m[1m[2m   25.50 kB[22m[1m[22m[2m │ gzip:   6.14 kB[22m
[2mdist/[22m[36massets/STM32H743BI-C06qK5Ze.js           [39m[1m[2m   25.50 kB[22m[1m[22m[2m │ gzip:   6.14 kB[22m
[2mdist/[22m[36massets/STM32H753BI-Bv8xL7CO.js           [39m[1m[2m   25.50 kB[22m[1m[22m[2m │ gzip:   6.14 kB[22m
[2mdist/[22m[36massets/STM32H7A3LG-C7IkreKD.js           [39m[1m[2m   26.27 kB[22m[1m[22m[2m │ gzip:   6.24 kB[22m
[2mdist/[22m[36massets/STM32H7A3LI-COfT6VKm.js           [39m[1m[2m   26.27 kB[22m[1m[22m[2m │ gzip:   6.24 kB[22m
[2mdist/[22m[36massets/STM32H7B3LI-wq4DqaE2.js           [39m[1m[2m   26.27 kB[22m[1m[22m[2m │ gzip:   6.24 kB[22m
[2mdist/[22m[36massets/lspLanguageFeatures-DmBpDoBq.js   [39m[1m[2m   28.69 kB[22m[1m[22m[2m │ gzip:   7.74 kB[22m
[2mdist/[22m[36massets/STM32H750XB-C3TD751N.js           [39m[1m[2m   28.95 kB[22m[1m[22m[2m │ gzip:   6.52 kB[22m
[2mdist/[22m[36massets/STM32H742XG-DPI4Y-fE.js           [39m[1m[2m   28.95 kB[22m[1m[22m[2m │ gzip:   6.52 kB[22m
[2mdist/[22m[36massets/STM32H742XI-hkcmVKPu.js           [39m[1m[2m   28.95 kB[22m[1m[22m[2m │ gzip:   6.52 kB[22m
[2mdist/[22m[36massets/STM32H743XG-AeQSTaM6.js           [39m[1m[2m   28.95 kB[22m[1m[22m[2m │ gzip:   6.53 kB[22m
[2mdist/[22m[36massets/STM32H743XI-mu5H8pvr.js           [39m[1m[2m   28.95 kB[22m[1m[22m[2m │ gzip:   6.53 kB[22m
[2mdist/[22m[36massets/STM32H753XI-BINwnIdT.js           [39m[1m[2m   28.95 kB[22m[1m[22m[2m │ gzip:   6.53 kB[22m
[2mdist/[22m[36massets/STM32H745XG-C_9QCXla.js           [39m[1m[2m   28.97 kB[22m[1m[22m[2m │ gzip:   6.54 kB[22m
[2mdist/[22m[36massets/STM32H745XI-Dt5u50bS.js           [39m[1m[2m   28.97 kB[22m[1m[22m[2m │ gzip:   6.54 kB[22m
[2mdist/[22m[36massets/STM32H755XI-Z0CVIviK.js           [39m[1m[2m   28.97 kB[22m[1m[22m[2m │ gzip:   6.54 kB[22m
[2mdist/[22m[36massets/STM32H747XG-DNHoHEMc.js           [39m[1m[2m   29.02 kB[22m[1m[22m[2m │ gzip:   6.57 kB[22m
[2mdist/[22m[36massets/STM32H747XI-CwyEm_JJ.js           [39m[1m[2m   29.02 kB[22m[1m[22m[2m │ gzip:   6.57 kB[22m
[2mdist/[22m[36massets/STM32H757XI-BbrsCiU1.js           [39m[1m[2m   29.02 kB[22m[1m[22m[2m │ gzip:   6.57 kB[22m
[2mdist/[22m[36massets/NewProjectModal-pspVl2jB.js       [39m[1m[2m   33.41 kB[22m[1m[22m[2m │ gzip:  10.59 kB[22m
[2mdist/[22m[36massets/zh-hans-By4pyqYW.js               [39m[1m[2m   52.71 kB[22m[1m[22m[2m │ gzip:  12.78 kB[22m
[2mdist/[22m[36massets/vendor-react-OskAq2oX.js          [39m[1m[2m  141.63 kB[22m[1m[22m[2m │ gzip:  45.44 kB[22m
[2mdist/[22m[36massets/MarkdownRenderer-QaSbJ9x4.js      [39m[1m[2m  156.78 kB[22m[1m[22m[2m │ gzip:  47.50 kB[22m
[2mdist/[22m[36massets/index-ya-Hu6Os.js                 [39m[1m[2m  340.12 kB[22m[1m[22m[2m │ gzip:  76.21 kB[22m
[2mdist/[22m[36massets/vendor-blockly-B4xxwmCq.js        [39m[1m[33m  694.43 kB[39m[22m[2m │ gzip: 181.81 kB[22m
[2mdist/[22m[36massets/AppContent-euLfRIfd.js            [39m[1m[33m  964.80 kB[39m[22m[2m │ gzip: 244.60 kB[22m
[2mdist/[22m[36massets/vendor-monaco-DAT2dxWi.js         [39m[1m[33m3,809.14 kB[39m[22m[2m │ gzip: 984.62 kB[22m

(!) Some chunks are larger than 500 kB after minification. Consider:
- Using dynamic import() to code-split the application
- Use build.rollupOptions.output.manualChunks to improve chunking: https://rollupjs.org/configuration-options/#output-manualchunks
- Adjust chunk size limit for this warning via build.chunkSizeWarningLimit.
[32m✓ built in 41.35s[39m
[36mvite v6.4.1 [32mbuilding for production...[36m[39m
transforming...
[32m✓[39m 59 modules transformed.
rendering chunks...
computing gzip size...
[2mdist-electron/[22m[36mmain.js  [39m[1m[2m323.32 kB[22m[1m[22m[2m │ gzip: 170.45 kB[22m
[32m✓ built in 245ms[39m
[36mvite v6.4.1 [32mbuilding for production...[36m[39m
transforming...
[32m✓[39m 1 modules transformed.
rendering chunks...
computing gzip size...
[2mdist-electron/[22m[36mpreload.js  [39m[1m[2m3.86 kB[22m[1m[22m[2m │ gzip: 0.97 kB[22m
[32m✓ built in 12ms[39m
[36mvite v6.4.1 [32mbuilding for production...[36m[39m
transforming...
[32m✓[39m 30 modules transformed.
rendering chunks...
computing gzip size...
[2mdist/[22m[32msrc/sandbox/sandbox.html         [39m[1m[2m  0.41 kB[22m[1m[22m[2m │ gzip:   0.28 kB[22m
[2mdist/[22m[36massets/vendor-react-Cpj98o6Y.js  [39m[1m[2m  0.24 kB[22m[1m[22m[2m │ gzip:   0.18 kB[22m
[2mdist/[22m[36massets/sandbox-C4jf1XrB.js       [39m[1m[33m778.19 kB[39m[22m[2m │ gzip: 199.21 kB[22m

(!) Some chunks are larger than 500 kB after minification. Consider:
- Using dynamic import() to code-split the application
- Use build.rollupOptions.output.manualChunks to improve chunking: https://rollupjs.org/configuration-options/#output-manualchunks
- Adjust chunk size limit for this warning via build.chunkSizeWarningLimit.
[32m✓ built in 2.34s[39m
